Component: ARM Compiler 5.06 update 7 (build 960) Tool: armlink [4d3601]

==============================================================================

Section Cross References

    main.o(.text) refers to rtx_kernel.o(.text) for osKernelGetState
    main.o(.text) refers to stm32f7xx_hal_rcc.o(.text) for HAL_RCC_OscConfig
    main.o(.text) refers to stm32f7xx_hal_pwr_ex.o(.text) for HAL_PWREx_EnableOverDrive
    main.o(.text) refers to stm32f7xx_hal_cortex.o(.text) for HAL_MPU_Disable
    main.o(.text) refers to stm32f7xx_hal.o(.text) for HAL_Init
    main.o(.text) refers to system_stm32f7xx.o(.text) for SystemCoreClockUpdate
    main.o(.text) refers to rtx_thread.o(.text) for osThreadNew
    main.o(.text) refers to system_stm32f7xx.o(.data) for SystemCoreClock
    main.o(.text) refers to main.o(.data) for ticks
    main.o(.text) refers to http_server.o(.constdata) for app_main_attr
    main.o(.text) refers to http_server.o(.text) for app_main
    http_server.o(.text) refers to buttons_746g_discovery.o(.text) for Buttons_GetState
    http_server.o(.text) refers to rtx_thread.o(.text) for osThreadFlagsSet
    http_server.o(.text) refers to glcd_746g_discovery.o(.text) for GLCD_Initialize
    http_server.o(.text) refers to net_sys.o(i.netIF_GetOption) for netIF_GetOption
    http_server.o(.text) refers to net_addr.o(i.netIP_ntoa) for netIP_ntoa
    http_server.o(.text) refers to printfa.o(i.__0sprintf) for __2sprintf
    http_server.o(.text) refers to led_746g_discovery.o(.text) for LED_SetOut
    http_server.o(.text) refers to rtx_delay.o(.text) for osDelay
    http_server.o(.text) refers to net_sys.o(i.netInitialize) for netInitialize
    http_server.o(.text) refers to http_server.o(.data) for TID_Display
    http_server.o(.text) refers to glcd_fonts.o(.constdata) for GLCD_Font_16x24
    http_server.o(.text) refers to http_server.o(.bss) for ip_addr
    http_server.o(.constdata) refers to http_server.o(.bss) for app_main_stk
    http_server_cgi.o(.text) refers to net_http_server.o(i.netCGI_GetEnvVar) for netCGI_GetEnvVar
    http_server_cgi.o(.text) refers to net_addr.o(i.netIP_aton) for netIP_aton
    http_server_cgi.o(.text) refers to net_sys.o(i.netIF_SetOption) for netIF_SetOption
    http_server_cgi.o(.text) refers to led_746g_discovery.o(.text) for LED_SetOut
    http_server_cgi.o(.text) refers to strcmp.o(.text) for strcmp
    http_server_cgi.o(.text) refers to strncmp.o(.text) for strncmp
    http_server_cgi.o(.text) refers to net_http_server.o(i.netHTTPs_LoginActive) for netHTTPs_LoginActive
    http_server_cgi.o(.text) refers to strcpy.o(.text) for strcpy
    http_server_cgi.o(.text) refers to net_http_server.o(i.netHTTPs_SetPassword) for netHTTPs_SetPassword
    http_server_cgi.o(.text) refers to rtx_thread.o(.text) for osThreadFlagsSet
    http_server_cgi.o(.text) refers to net_sys.o(i.netIF_GetOption) for netIF_GetOption
    http_server_cgi.o(.text) refers to net_addr.o(i.netIP_ntoa) for netIP_ntoa
    http_server_cgi.o(.text) refers to printfa.o(i.__0sprintf) for __2sprintf
    http_server_cgi.o(.text) refers to net_tcp.o(i.netTCP_GetState) for netTCP_GetState
    http_server_cgi.o(.text) refers to net_tcp.o(i.netTCP_GetLocalPort) for netTCP_GetLocalPort
    http_server_cgi.o(.text) refers to net_tcp.o(i.netTCP_GetPeer) for netTCP_GetPeer
    http_server_cgi.o(.text) refers to net_tcp.o(i.netTCP_GetTimer) for netTCP_GetTimer
    http_server_cgi.o(.text) refers to http_server_cgi.o(.bss) for ip_addr
    http_server_cgi.o(.text) refers to http_server_cgi.o(.data) for P2
    http_server_cgi.o(.text) refers to http_server.o(.data) for LEDrun
    http_server_cgi.o(.text) refers to http_server_cgi.o(.conststring) for .conststring
    http_server_cgi.o(.text) refers to net_http_server.o(i.netHTTPs_GetPassword) for netHTTPs_GetPassword
    http_server_cgi.o(.text) refers to net_http_server.o(i.netHTTPs_GetLanguage) for netHTTPs_GetLanguage
    http_server_cgi.o(.text) refers to http_server.o(.text) for AD_in
    http_server_cgi.o(.text) refers to f2d.o(.text) for __aeabi_f2d
    http_server_cgi.o(.text) refers to ddiv.o(.text) for __aeabi_ddiv
    web.o(.text) refers to web.o(.constdata) for imageFileTable
    stm32746g_discovery_sdram.o(.text) refers to stm32f7xx_hal_sdram.o(.text) for HAL_SDRAM_SendCommand
    stm32746g_discovery_sdram.o(.text) refers to stm32f7xx_hal.o(.text) for HAL_Delay
    stm32746g_discovery_sdram.o(.text) refers to stm32f7xx_hal_gpio.o(.text) for HAL_GPIO_Init
    stm32746g_discovery_sdram.o(.text) refers to stm32f7xx_hal_dma.o(.text) for HAL_DMA_DeInit
    stm32746g_discovery_sdram.o(.text) refers to stm32f7xx_hal_cortex.o(.text) for HAL_NVIC_SetPriority
    stm32746g_discovery_sdram.o(.text) refers to stm32746g_discovery_sdram.o(.bss) for Command
    stm32746g_discovery_sdram.o(.text) refers to stm32746g_discovery_sdram.o(.data) for sdramstatus
[...]
    netCGI_Charset                           0x08012cd1   Thumb Code     4  net_http_server.o(i.netCGI_Charset)
    netCGI_ContentType                       0x08012cd5   Thumb Code     4  net_http_server.o(i.netCGI_ContentType)
    netCGI_CustomHeader                      0x08012cd9   Thumb Code     4  net_http_server.o(i.netCGI_CustomHeader)
    netCGI_GetEnvVar                         0x08012cdd   Thumb Code   104  net_http_server.o(i.netCGI_GetEnvVar)
    netCGI_Redirect                          0x08012d49   Thumb Code     4  net_http_server.o(i.netCGI_Redirect)
    netCGX_ContentType                       0x08012d4d   Thumb Code     4  net_http_server.o(i.netCGX_ContentType)
    netCore_Thread                           0x08012d51   Thumb Code    90  net_sys.o(i.netCore_Thread)
    netDHCP6_Notify                          0x08012db5   Thumb Code     2  net_dhcp6_client.o(i.netDHCP6_Notify)
    netETH_Notify                            0x08012db7   Thumb Code     2  net_eth.o(i.netETH_Notify)
    netETH_ReceiveRaw                        0x08012db9   Thumb Code     2  net_eth.o(i.netETH_ReceiveRaw)
    netETH_Thread                            0x08012dbb   Thumb Code   114  net_eth.o(i.netETH_Thread)
    netHTTPs_AcceptClient                    0x08012e2d   Thumb Code     4  net_http_server.o(i.netHTTPs_AcceptClient)
    netHTTPs_CheckAccount                    0x08012e31   Thumb Code     4  net_http_server_auth.o(i.netHTTPs_CheckAccount)
    netHTTPs_FileAccess                      0x08012e35   Thumb Code     4  net_http_server.o(i.netHTTPs_FileAccess)
    netHTTPs_GetLanguage                     0x08012e39   Thumb Code    24  net_http_server.o(i.netHTTPs_GetLanguage)
    netHTTPs_GetPassword                     0x08012e59   Thumb Code     6  net_http_server.o(i.netHTTPs_GetPassword)
    netHTTPs_LoginActive                     0x08012e65   Thumb Code     6  net_http_server.o(i.netHTTPs_LoginActive)
    netHTTPs_SetPassword                     0x08012e71   Thumb Code    78  net_http_server.o(i.netHTTPs_SetPassword)
    netIF_GetOption                          0x08012ec9   Thumb Code   128  net_sys.o(i.netIF_GetOption)
    netIF_SetOption                          0x08012f51   Thumb Code   124  net_sys.o(i.netIF_SetOption)
    netIP_aton                               0x08012fd5   Thumb Code    26  net_addr.o(i.netIP_aton)
    netIP_ntoa                               0x08012fef   Thumb Code    50  net_addr.o(i.netIP_ntoa)
    netInitialize                            0x08013021   Thumb Code   156  net_sys.o(i.netInitialize)
    netMAC_aton                              0x080130cd   Thumb Code   140  net_addr.o(i.netMAC_aton)
    netTCP_GetLocalPort                      0x08013159   Thumb Code     4  net_tcp.o(i.netTCP_GetLocalPort)
    netTCP_GetPeer                           0x0801315d   Thumb Code    32  net_tcp.o(i.netTCP_GetPeer)
    netTCP_GetState                          0x0801317d   Thumb Code     4  net_tcp.o(i.netTCP_GetState)
    netTCP_GetTimer                          0x08013181   Thumb Code     4  net_tcp.o(i.netTCP_GetTimer)
    net_addr4_aton                           0x08013185   Thumb Code   124  net_addr.o(i.net_addr4_aton)
    net_addr4_to_mac                         0x08013201   Thumb Code    30  net_addr.o(i.net_addr4_to_mac)
    net_addr6_aton                           0x08013221   Thumb Code   230  net_addr.o(i.net_addr6_aton)
    net_addr6_comp                           0x08013307   Thumb Code    40  net_addr.o(i.net_addr6_comp)
    net_addr6_copy                           0x0801332f   Thumb Code    18  net_addr.o(i.net_addr6_copy)
    net_addr6_create                         0x08013341   Thumb Code    70  net_addr.o(i.net_addr6_create)
    net_addr6_get_solicited                  0x0801338d   Thumb Code    34  net_addr.o(i.net_addr6_get_solicited)
    net_addr6_is_linklocal                   0x080133b5   Thumb Code    24  net_addr.o(i.net_addr6_is_linklocal)
    net_addr6_is_onlink                      0x080133cd   Thumb Code   110  net_addr.o(i.net_addr6_is_onlink)
    net_addr6_is_solicited                   0x0801343b   Thumb Code    72  net_addr.o(i.net_addr6_is_solicited)
    net_addr6_is_unspec                      0x08013483   Thumb Code    24  net_addr.o(i.net_addr6_is_unspec)
    net_addr6_to_mac                         0x0801349b   Thumb Code    14  net_addr.o(i.net_addr6_to_mac)
    net_addr_copy                            0x080134a9   Thumb Code    38  net_addr.o(i.net_addr_copy)
    net_addr_find_route                      0x080134cf   Thumb Code    26  net_addr.o(i.net_addr_find_route)
    net_addr_get_local                       0x080134e9   Thumb Code    26  net_addr.o(i.net_addr_get_local)
    net_addr_is_unspec                       0x08013509   Thumb Code    34  net_addr.o(i.net_addr_is_unspec)
    net_arp_cache_add                        0x0801352d   Thumb Code   276  net_arp.o(i.net_arp_cache_add)
    net_arp_cache_early                      0x08013649   Thumb Code   180  net_arp.o(i.net_arp_cache_early)
    net_arp_cache_find                       0x08013705   Thumb Code   224  net_arp.o(i.net_arp_cache_find)
    net_arp_cache_init                       0x080137f1   Thumb Code    64  net_arp.o(i.net_arp_cache_init)
    net_arp_cache_run                        0x08013839   Thumb Code    22  net_arp.o(i.net_arp_cache_run)
    net_arp_cache_uninit                     0x08013855   Thumb Code    56  net_arp.o(i.net_arp_cache_uninit)
    net_arp_enqueue                          0x08013895   Thumb Code   114  net_arp.o(i.net_arp_enqueue)
    net_arp_notify                           0x0801390d   Thumb Code    32  net_arp.o(i.net_arp_notify)
    net_arp_probe                            0x0801392d   Thumb Code    18  net_arp.o(i.net_arp_probe)
    net_arp_process                          0x08013941   Thumb Code   536  net_arp.o(i.net_arp_process)
    net_atoi                                 0x08013b65   Thumb Code    66  net_common.o(i.net_atoi)
    net_base64_decode                        0x08013ba9   Thumb Code   114  net_base64.o(i.net_base64_decode)
    net_chksum_buf                           0x08013c21   Thumb Code    48  net_common.o(i.net_chksum_buf)
    net_crc_buf                              0x08013c51   Thumb Code    30  net_common.o(i.net_crc_buf)
    net_dhcp6_client_init                    0x08013c71   Thumb Code   114  net_dhcp6_client.o(i.net_dhcp6_client_init)
    net_dhcp6_client_run                     0x08013cf9   Thumb Code    22  net_dhcp6_client.o(i.net_dhcp6_client_run)
    net_dhcp6_client_uninit                  0x08013d15   Thumb Code    40  net_dhcp6_client.o(i.net_dhcp6_client_uninit)
    net_dhcp_client_init                     0x08013d45   Thumb Code   126  net_dhcp_client.o(i.net_dhcp_client_init)
    net_dhcp_client_run                      0x08013dd9   Thumb Code    22  net_dhcp_client.o(i.net_dhcp_client_run)
    net_dhcp_client_uninit                   0x08013df5   Thumb Code    40  net_dhcp_client.o(i.net_dhcp_client_uninit)
    net_eth_callback                         0x08013e25   Thumb Code    14  net_eth.o(i.net_eth_callback)
    net_eth_config_mcast                     0x08013e33   Thumb Code   104  net_eth.o(i.net_eth_config_mcast)
    net_eth_get_option                       0x08013e9b   Thumb Code   234  net_eth.o(i.net_eth_get_option)
    net_eth_iface_init                       0x08013f85   Thumb Code    22  net_eth.o(i.net_eth_iface_init)
    net_eth_iface_run                        0x08013fa1   Thumb Code    22  net_eth.o(i.net_eth_iface_run)
    net_eth_iface_uninit                     0x08013fbd   Thumb Code    22  net_eth.o(i.net_eth_iface_uninit)
    net_eth_output                           0x08013fd9   Thumb Code   164  net_eth.o(i.net_eth_output)
    net_eth_send_frame                       0x08014081   Thumb Code   462  net_eth.o(i.net_eth_send_frame)
    net_eth_set_option                       0x08014261   Thumb Code   610  net_eth.o(i.net_eth_set_option)
    net_http_server_init                     0x080144d1   Thumb Code   212  net_http_server.o(i.net_http_server_init)
    net_http_server_run                      0x080145b9   Thumb Code    30  net_http_server.o(i.net_http_server_run)
    net_http_server_uninit                   0x080145e1   Thumb Code    98  net_http_server.o(i.net_http_server_uninit)
    net_icmp6_init                           0x08014651   Thumb Code    20  net_icmp6.o(i.net_icmp6_init)
    net_icmp6_process                        0x08014669   Thumb Code   542  net_icmp6.o(i.net_icmp6_process)
    net_icmp6_send                           0x080148a1   Thumb Code   122  net_icmp6.o(i.net_icmp6_send)
    net_icmp6_send_echo                      0x08014925   Thumb Code    78  net_icmp6.o(i.net_icmp6_send_echo)
    net_icmp_init                            0x0801497d   Thumb Code    20  net_icmp.o(i.net_icmp_init)
    net_icmp_process                         0x08014995   Thumb Code   430  net_icmp.o(i.net_icmp_process)
    net_icmp_send_echo                       0x08014b5d   Thumb Code   142  net_icmp.o(i.net_icmp_send_echo)
    net_if_map_all                           0x08014bfd   Thumb Code     6  net_sys.o(i.net_if_map_all)
    net_ip4_chk_frame                        0x08014c09   Thumb Code   372  net_ip4.o(i.net_ip4_chk_frame)
    net_ip4_chksum                           0x08014d95   Thumb Code    44  net_ip4.o(i.net_ip4_chksum)
    net_ip4_chksum_buf                       0x08014dc1   Thumb Code     6  net_ip4.o(i.net_ip4_chksum_buf)
    net_ip4_find_route                       0x08014dc9   Thumb Code   104  net_ip4.o(i.net_ip4_find_route)
    net_ip4_frag_add                         0x08014e49   Thumb Code   284  net_ip4_frag.o(i.net_ip4_frag_add)
    net_ip4_frag_get                         0x08014f6d   Thumb Code   168  net_ip4_frag.o(i.net_ip4_frag_get)
    net_ip4_frag_init                        0x08015019   Thumb Code    12  net_ip4_frag.o(i.net_ip4_frag_init)
    net_ip4_frag_run                         0x08015029   Thumb Code    50  net_ip4_frag.o(i.net_ip4_frag_run)
    net_ip4_frag_uninit                      0x08015065   Thumb Code    12  net_ip4_frag.o(i.net_ip4_frag_uninit)
    net_ip4_get_local                        0x08015075   Thumb Code    40  net_ip4.o(i.net_ip4_get_local)
    net_ip4_init                             0x080150a1   Thumb Code    22  net_ip4.o(i.net_ip4_init)
    net_ip4_is_onlink                        0x080150c5   Thumb Code    32  net_ip4.o(i.net_ip4_is_onlink)
    net_ip4_is_subcast                       0x080150e5   Thumb Code    38  net_ip4.o(i.net_ip4_is_subcast)
    net_ip4_reass_frame                      0x0801510b   Thumb Code    14  net_ip4.o(i.net_ip4_reass_frame)
    net_ip4_send_frame                       0x08015119   Thumb Code   340  net_ip4.o(i.net_ip4_send_frame)
    net_ip4_tx_offl_hl                       0x0801527d   Thumb Code    42  net_ip4.o(i.net_ip4_tx_offl_hl)
    net_ip4_uninit                           0x080152a9   Thumb Code    22  net_ip4.o(i.net_ip4_uninit)
    net_ip6_chk_frame                        0x080152c9   Thumb Code   236  net_ip6.o(i.net_ip6_chk_frame)
    net_ip6_chksum                           0x080153c9   Thumb Code    50  net_ip6.o(i.net_ip6_chksum)
    net_ip6_collect_mcast                    0x080153fd   Thumb Code   118  net_ip6.o(i.net_ip6_collect_mcast)
    net_ip6_find_route                       0x08015479   Thumb Code    56  net_ip6.o(i.net_ip6_find_route)
    net_ip6_get_local                        0x080154c1   Thumb Code    74  net_ip6.o(i.net_ip6_get_local)
    net_ip6_init                             0x08015515   Thumb Code    20  net_ip6.o(i.net_ip6_init)
    net_ip6_send_frame                       0x08015531   Thumb Code   192  net_ip6.o(i.net_ip6_send_frame)
    net_ip6_tx_offl_hl                       0x080155fd   Thumb Code    30  net_ip6.o(i.net_ip6_tx_offl_hl)
    net_ip6_uninit                           0x0801561d   Thumb Code    20  net_ip6.o(i.net_ip6_uninit)
    net_itoa                                 0x08015639   Thumb Code     8  net_common.o(i.net_itoa)
    net_itoa_n0                              0x08015641   Thumb Code     6  net_common.o(i.net_itoa_n0)
    net_loop_iface_init                      0x08015649   Thumb Code    40  net_loopback.o(i.net_loop_iface_init)
    net_loop_iface_run                       0x08015679   Thumb Code   176  net_loopback.o(i.net_loop_iface_run)
    net_loop_iface_uninit                    0x08015735   Thumb Code    32  net_loopback.o(i.net_loop_iface_uninit)
    net_loop_send_frame                      0x0801575d   Thumb Code   104  net_loopback.o(i.net_loop_send_frame)
    net_mem_alloc                            0x080157cd   Thumb Code   178  net_mem.o(i.net_mem_alloc)
    net_mem_avail                            0x0801588d   Thumb Code    22  net_mem.o(i.net_mem_avail)
    net_mem_free                             0x080158a9   Thumb Code   152  net_mem.o(i.net_mem_free)
    net_mem_init                             0x0801594d   Thumb Code    98  net_mem.o(i.net_mem_init)
    net_mem_shrink                           0x080159bd   Thumb Code    62  net_mem.o(i.net_mem_shrink)
    net_nbns_client_init                     0x08015a05   Thumb Code    82  net_nbns_client.o(i.net_nbns_client_init)
    net_nbns_client_uninit                   0x08015a69   Thumb Code    42  net_nbns_client.o(i.net_nbns_client_uninit)
    net_ndp_cache_find                       0x08015aa1   Thumb Code   438  net_ndp.o(i.net_ndp_cache_find)
    net_ndp_cache_init                       0x08015c65   Thumb Code   114  net_ndp.o(i.net_ndp_cache_init)
    net_ndp_cache_refresh                    0x08015ce5   Thumb Code   112  net_ndp.o(i.net_ndp_cache_refresh)
    net_ndp_cache_run                        0x08015d5d   Thumb Code    22  net_ndp.o(i.net_ndp_cache_run)
    net_ndp_cache_uninit                     0x08015d79   Thumb Code    52  net_ndp.o(i.net_ndp_cache_uninit)
    net_ndp_enqueue                          0x08015db5   Thumb Code   108  net_ndp.o(i.net_ndp_enqueue)
    net_ndp_process                          0x08015e25   Thumb Code   872  net_ndp.o(i.net_ndp_process)
    net_path                                 0x08016199   Thumb Code    52  net_sys.o(i.net_path)
    net_ping_client_init                     0x080161d1   Thumb Code    22  net_ping_core.o(i.net_ping_client_init)
    net_ping_client_run                      0x080161f1   Thumb Code   110  net_ping_core.o(i.net_ping_client_run)
    net_ping_client_uninit                   0x08016271   Thumb Code    24  net_ping_core.o(i.net_ping_client_uninit)
    net_rand32                               0x08016291   Thumb Code    18  net_sys.o(i.net_rand32)
    net_strcasecmp                           0x080162ad   Thumb Code    46  net_common.o(i.net_strcasecmp)
    net_strchr                               0x080162db   Thumb Code    22  net_common.o(i.net_strchr)
    net_strcmp                               0x080162f1   Thumb Code    26  net_common.o(i.net_strcmp)
    net_strcpy                               0x0801630b   Thumb Code    18  net_common.o(i.net_strcpy)
    net_strnchr                              0x0801631d   Thumb Code    28  net_common.o(i.net_strnchr)
    net_strncpy                              0x08016339   Thumb Code    26  net_common.o(i.net_strncpy)
    net_strtoupper                           0x08016353   Thumb Code    32  net_common.o(i.net_strtoupper)
    net_sys_lock                             0x08016375   Thumb Code     8  net_sys.o(i.net_sys_lock)
    net_sys_resume                           0x08016381   Thumb Code    22  net_sys.o(i.net_sys_resume)
    net_sys_tick                             0x08016399   Thumb Code    16  net_sys.o(i.net_sys_tick)
    net_sys_unlock                           0x080163ad   Thumb Code     8  net_sys.o(i.net_sys_unlock)
    net_sys_wakeup                           0x080163b9   Thumb Code    26  net_sys.o(i.net_sys_wakeup)
    net_tcp_abort                            0x080163d9   Thumb Code   122  net_tcp.o(i.net_tcp_abort)
    net_tcp_close                            0x0801645d   Thumb Code   218  net_tcp.o(i.net_tcp_close)
    net_tcp_get_buf                          0x08016541   Thumb Code    46  net_tcp.o(i.net_tcp_get_buf)
    net_tcp_get_local_port                   0x08016571   Thumb Code    48  net_tcp.o(i.net_tcp_get_local_port)
    net_tcp_get_mss                          0x080165a5   Thumb Code    34  net_tcp.o(i.net_tcp_get_mss)
    net_tcp_get_peer                         0x080165cd   Thumb Code    80  net_tcp.o(i.net_tcp_get_peer)
    net_tcp_get_socket                       0x08016621   Thumb Code   104  net_tcp.o(i.net_tcp_get_socket)
    net_tcp_get_state                        0x08016691   Thumb Code    40  net_tcp.o(i.net_tcp_get_state)
    net_tcp_get_timer                        0x080166bd   Thumb Code    48  net_tcp.o(i.net_tcp_get_timer)
    net_tcp_listen                           0x080166f1   Thumb Code   168  net_tcp.o(i.net_tcp_listen)
    net_tcp_process                          0x080167a1   Thumb Code  1956  net_tcp.o(i.net_tcp_process)
    net_tcp_send                             0x08016f49   Thumb Code   336  net_tcp.o(i.net_tcp_send)
    net_tcp_set_option                       0x080170a5   Thumb Code   288  net_tcp.o(i.net_tcp_set_option)
    net_tcp_socket_init                      0x080171d1   Thumb Code    30  net_tcp.o(i.net_tcp_socket_init)
    net_tcp_socket_run                       0x080171f9   Thumb Code   938  net_tcp.o(i.net_tcp_socket_run)
    net_tcp_socket_uninit                    0x080175b9   Thumb Code    30  net_tcp.o(i.net_tcp_socket_uninit)
    net_udp_enable_lla                       0x080175e1   Thumb Code    34  net_udp.o(i.net_udp_enable_lla)
    net_udp_get_buf                          0x08017609   Thumb Code    46  net_udp.o(i.net_udp_get_buf)
    net_udp_get_socket                       0x08017639   Thumb Code   102  net_udp.o(i.net_udp_get_socket)
    net_udp_open                             0x080176a9   Thumb Code   160  net_udp.o(i.net_udp_open)
    net_udp_process                          0x08017755   Thumb Code   322  net_udp.o(i.net_udp_process)
    net_udp_send_if                          0x080178ad   Thumb Code   540  net_udp.o(i.net_udp_send_if)
    net_udp_socket_init                      0x08017ad9   Thumb Code    30  net_udp.o(i.net_udp_socket_init)
    net_udp_socket_uninit                    0x08017afd   Thumb Code    28  net_udp.o(i.net_udp_socket_uninit)
    net_ultoa                                0x08017b21   Thumb Code     8  net_common.o(i.net_ultoa)
    net_ultox                                0x08017b29   Thumb Code    44  net_common.o(i.net_ultox)
    net_xtoul                                0x08017b59   Thumb Code    76  net_common.o(i.net_xtoul)
    app_main_attr                            0x08018b00   Data          36  http_server.o(.constdata)
    imageLastModified                        0x08018b24   Data           4  web.o(.constdata)
    GLCD_Font_6x8                            0x080209b0   Data          16  glcd_fonts.o(.constdata)
    GLCD_Font_16x24                          0x080209c0   Data          16  glcd_fonts.o(.constdata)
    irqRtxLibRef                             0x08020a38   Data           4  rtx_lib.o(.constdata)
    osRtxUserSVC                             0x08020a3c   Data           4  rtx_lib.o(.constdata)
    irqRtxLib                                0x08020a40   Data           1  irq_armv7m.o(.constdata)
    Driver_ETH_PHY0                          0x08020a48   Data          32  phy_lan8742a.o(.constdata)
    Driver_ETH_MAC0                          0x08020ab8   Data          68  emac_stm32f7xx.o(.constdata)
    EventRecorderInfo                        0x08020afc   Data          24  eventrecorder.o(.constdata)
    AHBPrescTable                            0x08020b1c   Data          16  system_stm32f7xx.o(.constdata)
    APBPrescTable                            0x08020b2c   Data           8  system_stm32f7xx.o(.constdata)
    net_sys_config                           0x08020bbc   Data          28  net_config.o(.constdata)
    net_eth0_if_config                       0x08020c80   Data          44  net_config.o(.constdata)
    net_eth_list                             0x08020ccc   Data           8  net_config.o(.constdata)
    net_if_list_lan                          0x08020cd4   Data           8  net_config.o(.constdata)
    net_if_list_all                          0x08020cdc   Data           8  net_config.o(.constdata)
    net_if_inet_def                          0x08020ce4   Data           8  net_config.o(.constdata)
    net_if_link_def                          0x08020cec   Data           8  net_config.o(.constdata)
    net_arp_list                             0x08020cf4   Data           8  net_config.o(.constdata)
    net_icmp_list                            0x08020cfc   Data           8  net_config.o(.constdata)
    net_dhcp_list                            0x08020d04   Data           8  net_config.o(.constdata)
    net_ndp_list                             0x08020d0c   Data           8  net_config.o(.constdata)
    net_icmp6_list                           0x08020d14   Data           8  net_config.o(.constdata)
    net_dhcp6_list                           0x08020d1c   Data           8  net_config.o(.constdata)
    net_ip4_frag_config                      0x08020d24   Data           8  net_config.o(.constdata)
    net_udp_config                           0x08020d2c   Data          12  net_config.o(.constdata)
    net_tcp_config                           0x08020d38   Data          24  net_config.o(.constdata)
    net_http_config                          0x08020d50   Data          52  net_config.o(.constdata)
    net_sys_fn_uninit                        0x08020de4   Data          52  net_config.o(.constdata)
    netif_getopt_func                        0x08020e18   Data          16  net_config.o(.constdata)
    netif_setopt_func                        0x08020e28   Data          16  net_config.o(.constdata)
    net_loop_if_config                       0x08020e38   Data          44  net_loopback.o(.constdata)
    net_http_auth_basic_func                 0x08020f84   Data          24  net_http_server_auth.o(.constdata)
    net_ping_payload                         0x08020f9c   Data          18  net_ping_core.o(.constdata)
    net_addr_unspec                          0x08020fae   Data          16  net_addr.o(.constdata)
    net_addr_bcast                           0x08020fbe   Data           6  net_addr.o(.constdata)
    net_addr4_loopback                       0x08020fc4   Data           4  net_ip4.o(.constdata)
    net_addr6_all_nodes                      0x08020fc8   Data          16  net_ip6.o(.constdata)
    net_addr6_loopback                       0x08020fd8   Data          16  net_ip6.o(.constdata)
    net_addr6_all_routers                    0x08020fe8   Data          16  net_ip6.o(.constdata)
    net_http_error                           0x08020ff8   Data          24  net_http_server_err.o(.constdata)
    net_lib_version                          0x080210b0   Data           4  net_version.o(.constdata)
    network_ip4ip6_debug_v7.15.0             0x080210b0   Data           4  net_version.o(.constdata)
    osRtxConfig                              0x080214c8   Data         112  rtx_lib.o(.rodata)
    os_cb_sections                           0x08021538   Data          56  rtx_lib.o(.rodata)
    Region$$Table$$Base                      0x08021570   Number         0  anon$$obj.o(Region$$Table)
    Region$$Table$$Limit                     0x08021590   Number         0  anon$$obj.o(Region$$Table)
    .bss.os.msgqueue.cb$$Base                0x20019044   Number         0  rtx_lib.o(.bss.os.msgqueue.cb)
    .bss.os.msgqueue.cb$$Limit               0x20019078   Number         0  rtx_lib.o(.bss.os.msgqueue.cb)
    .bss.os.mutex.cb$$Base                   0x200190c8   Number         0  net_config.o(.bss.os.mutex.cb)
    .bss.os.mutex.cb$$Limit                  0x20019100   Number         0  net_config.o(.bss.os.mutex.cb)
    .bss.os.semaphore.cb$$Base               0x20019100   Number         0  net_config.o(.bss.os.semaphore.cb)
    .bss.os.semaphore.cb$$Limit              0x20019110   Number         0  net_config.o(.bss.os.semaphore.cb)
    .bss.os.thread.cb$$Base                  0x20019110   Number         0  rtx_lib.o(.bss.os.thread.cb)
    .bss.os.thread.cb$$Limit                 0x20019220   Number         0  net_config.o(.bss.os.thread.cb)
    .bss.os.timer.cb$$Base                   0x20019620   Number         0  net_config.o(.bss.os.timer.cb)
    .bss.os.timer.cb$$Limit                  0x20019640   Number         0  net_config.o(.bss.os.timer.cb)
    LEDrun                                   0x20019644   Data           1  http_server.o(.data)
    lcd_text                                 0x20019645   Data          42  http_server.o(.data)
    TID_Display                              0x20019670   Data           4  http_server.o(.data)
    TID_Led                                  0x20019674   Data           4  http_server.o(.data)
    uwTick                                   0x2001968c   Data           4  stm32f7xx_hal.o(.data)
    uwTickPrio                               0x20019690   Data           4  stm32f7xx_hal.o(.data)
    uwTickFreq                               0x20019694   Data           1  stm32f7xx_hal.o(.data)
    SystemCoreClock                          0x20019698   Data           4  system_stm32f7xx.o(.data)
    net_eth0_icmp_control                    0x200196b4   Data           1  net_icmp.o(.data)
    net_eth0_icmp6_control                   0x200196b5   Data           1  net_icmp6.o(.data)
    osRtxInfo                                0x200196dc   Data         164  rtx_kernel.o(.data.os)
    app_main_stk                             0x20019780   Data        1024  http_server.o(.bss)
    sdramHandle                              0x20019c08   Data          52  stm32746g_discovery_sdram.o(.bss)
    net_eth0_if_control                      0x2001da9c   Data         160  net_eth.o(.bss)
    net_eth0_arp_control                     0x2001db3c   Data          24  net_arp.o(.bss)
    net_eth0_ndp_control                     0x2001db54   Data          68  net_ndp.o(.bss)
    net_eth0_dhcp_control                    0x2001dbb4   Data          40  net_dhcp_client.o(.bss)
    net_eth0_dhcp6_control                   0x2001dbdc   Data          68  net_dhcp6_client.o(.bss)
    net_http_control                         0x2001dca4   Data          20  net_http_server.o(.bss)
    net_ping_control                         0x2001dcb8   Data          44  net_ping_core.o(.bss)
    net_sys_control                          0x2001dcf4   Data          28  net_sys.o(.bss)
    net_dbg_buf                              0x2001dd1c   Data          36  net_sys.o(.bss)
    __initial_sp                             0x2001e1b0   Data           0  startup_stm32f746xx.o(STACK)



==============================================================================

Memory Map of the image

  Image Entry point : 0x080001c9

  Load Region LR_IROM1 (Base: 0x08000000, Size: 0x00029d10, Max: 0x00100000, ABSOLUTE, COMPRESSED[0x000216c8])

    Execution Region ER_IROM1 (Exec base: 0x08000000, Load base: 0x08000000, Size: 0x00021590, Max: 0x00100000, ABSOLUTE)

    Exec Addr    Load Addr    Size         Type   Attr      Idx    E Section Name        Object

    0x08000000   0x08000000   0x000001c8   Data   RO         1395    RESET               startup_stm32f746xx.o
    0x080001c8   0x080001c8   0x00000000   Code   RO         2546  * .ARM.Collect$$$$00000000  mc_w.l(entry.o)
    0x080001c8   0x080001c8   0x00000004   Code   RO         2832    .ARM.Collect$$$$00000001  mc_w.l(entry2.o)
    0x080001cc   0x080001cc   0x00000004   Code   RO         2835    .ARM.Collect$$$$00000004  mc_w.l(entry5.o)
    0x080001d0   0x080001d0   0x00000000   Code   RO         2837    .ARM.Collect$$$$00000008  mc_w.l(entry7b.o)
    0x080001d0   0x080001d0   0x00000000   Code   RO         2839    .ARM.Collect$$$$0000000A  mc_w.l(entry8b.o)
    0x080001d0   0x080001d0   0x00000008   Code   RO         2840    .ARM.Collect$$$$0000000B  mc_w.l(entry9a.o)
    0x080001d8   0x080001d8   0x00000004   Code   RO         2847    .ARM.Collect$$$$0000000E  mc_w.l(entry12b.o)
    0x080001dc   0x080001dc   0x00000000   Code   RO         2842    .ARM.Collect$$$$0000000F  mc_w.l(entry10a.o)
    0x080001dc   0x080001dc   0x00000000   Code   RO         2844    .ARM.Collect$$$$00000011  mc_w.l(entry11a.o)
    0x080001dc   0x080001dc   0x00000004   Code   RO         2833    .ARM.Collect$$$$00002712  mc_w.l(entry2.o)
    0x080001e0   0x080001e0   0x00000148   Code   RO          616    .emb_text           rtx_mempool.o
    0x08000328   0x08000328   0x00000148   Code   RO          647    .emb_text           rtx_msgqueue.o
    0x08000470   0x08000470   0x00000148   Code   RO          712    .emb_text           rtx_semaphore.o
    0x080005b8   0x080005b8   0x00000148   Code   RO          743    .emb_text           rtx_system.o
    0x08000700   0x08000700   0x00000148   Code   RO          777    .emb_text           rtx_thread.o
    0x08000848   0x08000848   0x00000074   Code   RO          969    .emb_text           eventrecorder.o
    0x080008bc   0x080008bc   0x000001ec   Code   RO            4    .text               main.o
    0x08000aa8   0x08000aa8   0x0000021c   Code   RO          147    .text               http_server.o
    0x08000cc4   0x08000cc4   0x000007e0   Code   RO          209    .text               http_server_cgi.o
    0x080014a4   0x080014a4   0x00000088   Code   RO          232    .text               web.o
    0x0800152c   0x0800152c   0x000003c4   Code   RO          250    .text               stm32746g_discovery_sdram.o
    0x080018f0   0x080018f0   0x00000070   Code   RO          281    .text               buttons_746g_discovery.o
    0x08001960   0x08001960   0x00000578   Code   RO          305    .text               glcd_746g_discovery.o
    0x08001ed8   0x08001ed8   0x000000d0   Code   RO          342    .text               led_746g_discovery.o
    0x08001fa8   0x08001fa8   0x0000011c   Code   RO          369    .text               rtx_delay.o
    0x080020c4   0x080020c4   0x00000dd8   Code   RO          467    .text               rtx_evr.o
    0x08002e9c   0x08002e9c   0x000008b0   Code   RO          495    .text               rtx_kernel.o
    0x0800374c   0x0800374c   0x00000018   Code   RO          543    .text               rtx_lib.o
    0x08003764   0x08003764   0x000001de   Code   RO          586    .text               rtx_memory.o
    0x08003942   0x08003942   0x00000002   PAD
    0x08003944   0x08003944   0x000007a4   Code   RO          617    .text               rtx_mempool.o
    0x080040e8   0x080040e8   0x00000b88   Code   RO          648    .text               rtx_msgqueue.o
    0x08004c70   0x08004c70   0x00000644   Code   RO          682    .text               rtx_mutex.o
    0x080052b4   0x080052b4   0x00000532   Code   RO          713    .text               rtx_semaphore.o
    0x080057e6   0x080057e6   0x00000002   PAD
    0x080057e8   0x080057e8   0x000001bc   Code   RO          744    .text               rtx_system.o
    0x080059a4   0x080059a4   0x00001578   Code   RO          778    .text               rtx_thread.o
    0x08006f1c   0x08006f1c   0x00000538   Code   RO          812    .text               rtx_timer.o
    0x08007454   0x08007454   0x000000dc   Code   RO          842    .text               os_systick.o
    0x08007530   0x08007530   0x00000024   Code   RO          868    .text               rtx_config.o
    0x08007554   0x08007554   0x00000094   Code   RO          890    .text               irq_armv7m.o
    0x080075e8   0x080075e8   0x00000224   Code   RO          894    .text               phy_lan8742a.o
    0x0800780c   0x0800780c   0x00000f20   Code   RO          924    .text               emac_stm32f7xx.o
    0x0800872c   0x0800872c   0x000005f8   Code   RO          970    .text               eventrecorder.o
    0x08008d24   0x08008d24   0x0000022c   Code   RO         1007    .text               stm32f7xx_hal.o
    0x08008f50   0x08008f50   0x00000384   Code   RO         1085    .text               stm32f7xx_hal_cortex.o
    0x080092d4   0x080092d4   0x000008b8   Code   RO         1113    .text               stm32f7xx_hal_dma.o
    0x08009b8c   0x08009b8c   0x000003e0   Code   RO         1162    .text               stm32f7xx_hal_gpio.o
    0x08009f6c   0x08009f6c   0x00000f18   Code   RO         1186    .text               stm32f7xx_hal_ltdc.o
    0x0800ae84   0x0800ae84   0x0000037c   Code   RO         1252    .text               stm32f7xx_hal_pwr_ex.o
    0x0800b200   0x0800b200   0x00000b20   Code   RO         1276    .text               stm32f7xx_hal_rcc.o
    0x0800bd20   0x0800bd20   0x00000be4   Code   RO         1300    .text               stm32f7xx_hal_rcc_ex.o
    0x0800c904   0x0800c904   0x00000438   Code   RO         1324    .text               stm32f7xx_hal_sdram.o
    0x0800cd3c   0x0800cd3c   0x00000430   Code   RO         1372    .text               stm32f7xx_ll_fmc.o
    0x0800d16c   0x0800d16c   0x00000024   Code   RO         1396    .text               startup_stm32f746xx.o
    0x0800d190   0x0800d190   0x00000120   Code   RO         1403    .text               system_stm32f7xx.o
    0x0800d2b0   0x0800d2b0   0x00000164   Code   RO         1431    .text               net_config.o
    0x0800d414   0x0800d414   0x00000150   Code   RO         1480    .text               net_debug.o
    0x0800d564   0x0800d564   0x00000062   Code   RO         2549    .text               mc_w.l(uldiv.o)
    0x0800d5c6   0x0800d5c6   0x00000024   Code   RO         2551    .text               mc_w.l(memcpya.o)
    0x0800d5ea   0x0800d5ea   0x00000024   Code   RO         2553    .text               mc_w.l(memseta.o)
    0x0800d60e   0x0800d60e   0x0000000e   Code   RO         2555    .text               mc_w.l(strlen.o)
    0x0800d61c   0x0800d61c   0x0000001c   Code   RO         2557    .text               mc_w.l(strcmp.o)
    0x0800d638   0x0800d638   0x0000001a   Code   RO         2559    .text               mc_w.l(memcmp.o)
    0x0800d652   0x0800d652   0x00000012   Code   RO         2561    .text               mc_w.l(strcpy.o)
    0x0800d664   0x0800d664   0x0000001e   Code   RO         2563    .text               mc_w.l(strncmp.o)
    0x0800d682   0x0800d682   0x000000de   Code   RO         2828    .text               mf_w.l(ddiv.o)
    0x0800d760   0x0800d760   0x00000026   Code   RO         2830    .text               mf_w.l(f2d.o)
    0x0800d786   0x0800d786   0x0000002c   Code   RO         2851    .text               mc_w.l(uidiv.o)
    0x0800d7b2   0x0800d7b2   0x0000001e   Code   RO         2853    .text               mc_w.l(llshl.o)
    0x0800d7d0   0x0800d7d0   0x00000020   Code   RO         2855    .text               mc_w.l(llushr.o)
    0x0800d7f0   0x0800d7f0   0x00000000   Code   RO         2857    .text               mc_w.l(iusefp.o)
    0x0800d7f0   0x0800d7f0   0x000000ba   Code   RO         2858    .text               mf_w.l(depilogue.o)
    0x0800d8aa   0x0800d8aa   0x0000014e   Code   RO         2860    .text               mf_w.l(dadd.o)
    0x0800d9f8   0x0800d9f8   0x000000e4   Code   RO         2862    .text               mf_w.l(dmul.o)
    0x0800dadc   0x0800dadc   0x00000030   Code   RO         2864    .text               mf_w.l(dfixul.o)
    0x0800db0c   0x0800db0c   0x00000030   Code   RO         2866    .text               mf_w.l(cdrcmple.o)
    0x0800db3c   0x0800db3c   0x00000024   Code   RO         2868    .text               mc_w.l(init.o)
    0x0800db60   0x0800db60   0x00000024   Code   RO         2871    .text               mc_w.l(llsshr.o)
    0x0800db84   0x0800db84   0x00000056   Code   RO         2881    .text               mc_w.l(__dczerorl2.o)
    0x0800dbda   0x0800dbda   0x00000002   PAD
    0x0800dbdc   0x0800dbdc   0x00000028   Code   RO         2802    i.__0sprintf        mc_w.l(printfa.o)
    0x0800dc04   0x0800dc04   0x0000000e   Code   RO         2875    i.__scatterload_copy  mc_w.l(handlers.o)
    0x0800dc12   0x0800dc12   0x00000002   Code   RO         2876    i.__scatterload_null  mc_w.l(handlers.o)
    0x0800dc14   0x0800dc14   0x0000000e   Code   RO         2877    i.__scatterload_zeroinit  mc_w.l(handlers.o)
    0x0800dc22   0x0800dc22   0x00000002   PAD
    0x0800dc24   0x0800dc24   0x00000184   Code   RO         2807    i._fp_digits        mc_w.l(printfa.o)
    0x0800dda8   0x0800dda8   0x000006b4   Code   RO         2808    i._printf_core      mc_w.l(printfa.o)
    0x0800e45c   0x0800e45c   0x00000024   Code   RO         2809    i._printf_post_padding  mc_w.l(printfa.o)
    0x0800e480   0x0800e480   0x0000002e   Code   RO         2810    i._printf_pre_padding  mc_w.l(printfa.o)
    0x0800e4ae   0x0800e4ae   0x0000000a   Code   RO         2812    i._sputc            mc_w.l(printfa.o)
    0x0800e4b8   0x0800e4b8   0x00000054   Code   RO         2062    i.add_server_id     Net_Dbg_CM3_L.lib(net_http_server.o)
    0x0800e50c   0x0800e50c   0x0000005c   Code   RO         1566    i.arp_cache_alloc   Net_Dbg_CM3_L.lib(net_arp.o)
    0x0800e568   0x0800e568   0x00000170   Code   RO         1567    i.arp_cache_run     Net_Dbg_CM3_L.lib(net_arp.o)
    0x0800e6d8   0x0800e6d8   0x00000038   Code   RO         1568    i.arp_is_cacheable  Net_Dbg_CM3_L.lib(net_arp.o)
    0x0800e710   0x0800e710   0x00000088   Code   RO         1569    i.arp_probe_run     Net_Dbg_CM3_L.lib(net_arp.o)
    0x0800e798   0x0800e798   0x000000d8   Code   RO         1571    i.arp_proc_response  Net_Dbg_CM3_L.lib(net_arp.o)
    0x0800e870   0x0800e870   0x0000001a   Code   RO         1572    i.arp_que_free      Net_Dbg_CM3_L.lib(net_arp.o)
    0x0800e88a   0x0800e88a   0x00000002   PAD
    0x0800e88c   0x0800e88c   0x000000a0   Code   RO         1573    i.arp_send_reply    Net_Dbg_CM3_L.lib(net_arp.o)
    0x0800e92c   0x0800e92c   0x000000d0   Code   RO         1574    i.arp_send_request  Net_Dbg_CM3_L.lib(net_arp.o)
    0x0800e9fc   0x0800e9fc   0x00000068   Code   RO         1575    i.arp_sender_valid  Net_Dbg_CM3_L.lib(net_arp.o)
    0x0800ea64   0x0800ea64   0x0000006c   Code   RO         2006    i.check_client_id   Net_Dbg_CM3_L.lib(net_dhcp6_client.o)
    0x0800ead0   0x0800ead0   0x0000018c   Code   RO         2063    i.chk_post_req      Net_Dbg_CM3_L.lib(net_http_server.o)
    0x0800ec5c   0x0800ec5c   0x00000028   Code   RO         2460    i.crc32_8bit        Net_Dbg_CM3_L.lib(net_common.o)
    0x0800ec84   0x0800ec84   0x00000394   Code   RO         2007    i.dhcp6_client_run  Net_Dbg_CM3_L.lib(net_dhcp6_client.o)
    0x0800f018   0x0800f018   0x00000058   Code   RO         2008    i.dhcp6_client_start  Net_Dbg_CM3_L.lib(net_dhcp6_client.o)
    0x0800f070   0x0800f070   0x000004b8   Code   RO         2010    i.dhcp6_listener    Net_Dbg_CM3_L.lib(net_dhcp6_client.o)
    0x0800f528   0x0800f528   0x000001f8   Code   RO         2011    i.dhcp6_send_message  Net_Dbg_CM3_L.lib(net_dhcp6_client.o)
    0x0800f720   0x0800f720   0x000003c0   Code   RO         1962    i.dhcp_client_run   Net_Dbg_CM3_L.lib(net_dhcp_client.o)
    0x0800fae0   0x0800fae0   0x00000058   Code   RO         1963    i.dhcp_client_start  Net_Dbg_CM3_L.lib(net_dhcp_client.o)
    0x0800fb38   0x0800fb38   0x0000048c   Code   RO         1965    i.dhcp_listener     Net_Dbg_CM3_L.lib(net_dhcp_client.o)
    0x0800ffc4   0x0800ffc4   0x00000268   Code   RO         1966    i.dhcp_send_message  Net_Dbg_CM3_L.lib(net_dhcp_client.o)
    0x0801022c   0x0801022c   0x0000009a   Code   RO         1510    i.eth_check_link    Net_Dbg_CM3_L.lib(net_eth.o)
    0x080102c6   0x080102c6   0x00000002   PAD
    0x080102c8   0x080102c8   0x00000020   Code   RO         1511    i.eth_if_map        Net_Dbg_CM3_L.lib(net_eth.o)
    0x080102e8   0x080102e8   0x00000304   Code   RO         1512    i.eth_iface_init    Net_Dbg_CM3_L.lib(net_eth.o)
    0x080105ec   0x080105ec   0x00000290   Code   RO         1513    i.eth_iface_run     Net_Dbg_CM3_L.lib(net_eth.o)
    0x0801087c   0x0801087c   0x0000007c   Code   RO         1514    i.eth_iface_uninit  Net_Dbg_CM3_L.lib(net_eth.o)
    0x080108f8   0x080108f8   0x00000008   Code   RO         1515    i.eth_lock          Net_Dbg_CM3_L.lib(net_eth.o)
    0x08010900   0x08010900   0x0000001c   Code   RO         1516    i.eth_mtu_limit     Net_Dbg_CM3_L.lib(net_eth.o)
    0x0801091c   0x0801091c   0x00000048   Code   RO         1517    i.eth_opt_len       Net_Dbg_CM3_L.lib(net_eth.o)
    0x08010964   0x08010964   0x00000088   Code   RO         1518    i.eth_receive       Net_Dbg_CM3_L.lib(net_eth.o)
    0x080109ec   0x080109ec   0x00000008   Code   RO         1519    i.eth_unlock        Net_Dbg_CM3_L.lib(net_eth.o)
    0x080109f4   0x080109f4   0x0000007c   Code   RO         1720    i.frag_map_session  Net_Dbg_CM3_L.lib(net_ip4_frag.o)
    0x08010a70   0x08010a70   0x00000028   Code   RO         2064    i.get_next_field    Net_Dbg_CM3_L.lib(net_http_server.o)
    0x08010a98   0x08010a98   0x00000032   Code   RO         2065    i.get_next_par      Net_Dbg_CM3_L.lib(net_http_server.o)
    0x08010aca   0x08010aca   0x0000005c   Code   RO         2012    i.get_tout          Net_Dbg_CM3_L.lib(net_dhcp6_client.o)
    0x08010b26   0x08010b26   0x00000022   Code   RO         2066    i.hex2byte          Net_Dbg_CM3_L.lib(net_http_server.o)
    0x08010b48   0x08010b48   0x0000036c   Code   RO         2067    i.http_add_header   Net_Dbg_CM3_L.lib(net_http_server.o)
    0x08010eb4   0x08010eb4   0x00000050   Code   RO         2187    i.http_auth_basic_add  Net_Dbg_CM3_L.lib(net_http_server_auth.o)
    0x08010f04   0x08010f04   0x00000090   Code   RO         2188    i.http_auth_basic_parse  Net_Dbg_CM3_L.lib(net_http_server_auth.o)
    0x08010f94   0x08010f94   0x00000002   Code   RO         2194    i.http_auth_dummy   Net_Dbg_CM3_L.lib(net_http_server_auth.o)
    0x08010f96   0x08010f96   0x00000002   PAD
    0x08010f98   0x08010f98   0x00000024   Code   RO         2195    i.http_auth_init    Net_Dbg_CM3_L.lib(net_http_server_auth.o)
    0x08010fbc   0x08010fbc   0x000001cc   Code   RO         2068    i.http_error_msg    Net_Dbg_CM3_L.lib(net_http_server.o)
    0x08011188   0x08011188   0x00000078   Code   RO         2069    i.http_get_ftype    Net_Dbg_CM3_L.lib(net_http_server.o)
    0x08011200   0x08011200   0x0000005e   Code   RO         2070    i.http_kill_session  Net_Dbg_CM3_L.lib(net_http_server.o)
    0x0801125e   0x0801125e   0x00000002   PAD
    0x08011260   0x08011260   0x000002a8   Code   RO         2071    i.http_listener     Net_Dbg_CM3_L.lib(net_http_server.o)
    0x08011508   0x08011508   0x00000184   Code   RO         2072    i.http_open_file    Net_Dbg_CM3_L.lib(net_http_server.o)
    0x0801168c   0x0801168c   0x0000011c   Code   RO         2073    i.http_parse_header  Net_Dbg_CM3_L.lib(net_http_server.o)
    0x080117a8   0x080117a8   0x000001a8   Code   RO         2074    i.http_proc_multipart  Net_Dbg_CM3_L.lib(net_http_server.o)
    0x08011950   0x08011950   0x00000138   Code   RO         2075    i.http_proc_post    Net_Dbg_CM3_L.lib(net_http_server.o)
    0x08011a88   0x08011a88   0x00000468   Code   RO         2076    i.http_server_run   Net_Dbg_CM3_L.lib(net_http_server.o)
    0x08011ef0   0x08011ef0   0x00000060   Code   RO         2077    i.http_server_start  Net_Dbg_CM3_L.lib(net_http_server.o)
    0x08011f50   0x08011f50   0x00000020   Code   RO         2079    i.http_strcpy       Net_Dbg_CM3_L.lib(net_http_server.o)
    0x08011f70   0x08011f70   0x000000ac   Code   RO         2080    i.http_to_utc       Net_Dbg_CM3_L.lib(net_http_server.o)
    0x0801201c   0x0801201c   0x0000001a   Code   RO         2461    i.i2str             Net_Dbg_CM3_L.lib(net_common.o)
    0x08012036   0x08012036   0x0000000c   Code   RO         2358    i.ip4_get_chksum    Net_Dbg_CM3_L.lib(net_ip4.o)
    0x08012042   0x08012042   0x00000028   Code   RO         2359    i.ip4_get_mtu       Net_Dbg_CM3_L.lib(net_ip4.o)
    0x0801206a   0x0801206a   0x00000040   Code   RO         2291    i.ip4_ntoa          Net_Dbg_CM3_L.lib(net_addr.o)
    0x080120aa   0x080120aa   0x00000002   PAD
    0x080120ac   0x080120ac   0x000000ca   Code   RO         2292    i.ip6_ntoa          Net_Dbg_CM3_L.lib(net_addr.o)
    0x08012176   0x08012176   0x0000001e   Code   RO         1967    i.is_selected       Net_Dbg_CM3_L.lib(net_dhcp_client.o)
    0x08012194   0x08012194   0x0000000c   Code   RO         2437    i.mem_lock          Net_Dbg_CM3_L.lib(net_mem.o)
    0x080121a0   0x080121a0   0x0000000c   Code   RO         2438    i.mem_unlock        Net_Dbg_CM3_L.lib(net_mem.o)
    0x080121ac   0x080121ac   0x000001a4   Code   RO         2048    i.nbns_listener     Net_Dbg_CM3_L.lib(net_nbns_client.o)
    0x08012350   0x08012350   0x00000120   Code   RO         1633    i.ndp_cache_add     Net_Dbg_CM3_L.lib(net_ndp.o)
    0x08012470   0x08012470   0x00000072   Code   RO         1634    i.ndp_cache_alloc   Net_Dbg_CM3_L.lib(net_ndp.o)
    0x080124e2   0x080124e2   0x00000002   PAD
    0x080124e4   0x080124e4   0x00000078   Code   RO         1635    i.ndp_cache_delete  Net_Dbg_CM3_L.lib(net_ndp.o)
    0x0801255c   0x0801255c   0x0000016c   Code   RO         1636    i.ndp_cache_run     Net_Dbg_CM3_L.lib(net_ndp.o)
    0x080126c8   0x080126c8   0x0000002c   Code   RO         1637    i.ndp_check_frame   Net_Dbg_CM3_L.lib(net_ndp.o)
    0x080126f4   0x080126f4   0x00000012   Code   RO         1638    i.ndp_next_opt      Net_Dbg_CM3_L.lib(net_ndp.o)
    0x08012706   0x08012706   0x00000002   PAD
    0x08012708   0x08012708   0x000000e4   Code   RO         1639    i.ndp_prefix_add    Net_Dbg_CM3_L.lib(net_ndp.o)
    0x080127ec   0x080127ec   0x0000009c   Code   RO         1640    i.ndp_probe_run     Net_Dbg_CM3_L.lib(net_ndp.o)
    0x08012888   0x08012888   0x000000fc   Code   RO         1642    i.ndp_proc_response  Net_Dbg_CM3_L.lib(net_ndp.o)
    0x08012984   0x08012984   0x0000001a   Code   RO         1643    i.ndp_que_free      Net_Dbg_CM3_L.lib(net_ndp.o)
    0x0801299e   0x0801299e   0x00000002   PAD
    0x080129a0   0x080129a0   0x00000038   Code   RO         1644    i.ndp_router_remove  Net_Dbg_CM3_L.lib(net_ndp.o)
    0x080129d8   0x080129d8   0x0000009c   Code   RO         1645    i.ndp_send_reply    Net_Dbg_CM3_L.lib(net_ndp.o)
    0x08012a74   0x08012a74   0x000000bc   Code   RO         1646    i.ndp_send_request  Net_Dbg_CM3_L.lib(net_ndp.o)
    0x08012b30   0x08012b30   0x000001a0   Code   RO         1647    i.ndp_slaac_run     Net_Dbg_CM3_L.lib(net_ndp.o)
    0x08012cd0   0x08012cd0   0x00000004   Code   RO         2081    i.netCGI_Charset    Net_Dbg_CM3_L.lib(net_http_server.o)
    0x08012cd4   0x08012cd4   0x00000004   Code   RO         2082    i.netCGI_ContentType  Net_Dbg_CM3_L.lib(net_http_server.o)
    0x08012cd8   0x08012cd8   0x00000004   Code   RO         2083    i.netCGI_CustomHeader  Net_Dbg_CM3_L.lib(net_http_server.o)
    0x08012cdc   0x08012cdc   0x0000006c   Code   RO         2084    i.netCGI_GetEnvVar  Net_Dbg_CM3_L.lib(net_http_server.o)
    0x08012d48   0x08012d48   0x00000004   Code   RO         2087    i.netCGI_Redirect   Net_Dbg_CM3_L.lib(net_http_server.o)
    0x08012d4c   0x08012d4c   0x00000004   Code   RO         2089    i.netCGX_ContentType  Net_Dbg_CM3_L.lib(net_http_server.o)
    0x08012d50   0x08012d50   0x00000064   Code   RO         2241    i.netCore_Thread    Net_Dbg_CM3_L.lib(net_sys.o)
    0x08012db4   0x08012db4   0x00000002   Code   RO         2015    i.netDHCP6_Notify   Net_Dbg_CM3_L.lib(net_dhcp6_client.o)
    0x08012db6   0x08012db6   0x00000002   Code   RO         1520    i.netETH_Notify     Net_Dbg_CM3_L.lib(net_eth.o)
    0x08012db8   0x08012db8   0x00000002   Code   RO         1521    i.netETH_ReceiveRaw  Net_Dbg_CM3_L.lib(net_eth.o)
    0x08012dba   0x08012dba   0x00000072   Code   RO         1523    i.netETH_Thread     Net_Dbg_CM3_L.lib(net_eth.o)
    0x08012e2c   0x08012e2c   0x00000004   Code   RO         2090    i.netHTTPs_AcceptClient  Net_Dbg_CM3_L.lib(net_http_server.o)
    0x08012e30   0x08012e30   0x00000004   Code   RO         2196    i.netHTTPs_CheckAccount  Net_Dbg_CM3_L.lib(net_http_server_auth.o)
    0x08012e34   0x08012e34   0x00000004   Code   RO         2092    i.netHTTPs_FileAccess  Net_Dbg_CM3_L.lib(net_http_server.o)
    0x08012e38   0x08012e38   0x00000020   Code   RO         2095    i.netHTTPs_GetLanguage  Net_Dbg_CM3_L.lib(net_http_server.o)
    0x08012e58   0x08012e58   0x0000000c   Code   RO         2096    i.netHTTPs_GetPassword  Net_Dbg_CM3_L.lib(net_http_server.o)
    0x08012e64   0x08012e64   0x0000000c   Code   RO         2102    i.netHTTPs_LoginActive  Net_Dbg_CM3_L.lib(net_http_server.o)
    0x08012e70   0x08012e70   0x00000058   Code   RO         2105    i.netHTTPs_SetPassword  Net_Dbg_CM3_L.lib(net_http_server.o)
    0x08012ec8   0x08012ec8   0x00000088   Code   RO         2242    i.netIF_GetOption   Net_Dbg_CM3_L.lib(net_sys.o)
    0x08012f50   0x08012f50   0x00000084   Code   RO         2244    i.netIF_SetOption   Net_Dbg_CM3_L.lib(net_sys.o)
    0x08012fd4   0x08012fd4   0x0000001a   Code   RO         2294    i.netIP_aton        Net_Dbg_CM3_L.lib(net_addr.o)
    0x08012fee   0x08012fee   0x00000032   Code   RO         2295    i.netIP_ntoa        Net_Dbg_CM3_L.lib(net_addr.o)
    0x08013020   0x08013020   0x000000ac   Code   RO         2245    i.netInitialize     Net_Dbg_CM3_L.lib(net_sys.o)
    0x080130cc   0x080130cc   0x0000008c   Code   RO         2296    i.netMAC_aton       Net_Dbg_CM3_L.lib(net_addr.o)
    0x08013158   0x08013158   0x00000004   Code   RO         1843    i.netTCP_GetLocalPort  Net_Dbg_CM3_L.lib(net_tcp.o)
    0x0801315c   0x0801315c   0x00000020   Code   RO         1845    i.netTCP_GetPeer    Net_Dbg_CM3_L.lib(net_tcp.o)
    0x0801317c   0x0801317c   0x00000004   Code   RO         1847    i.netTCP_GetState   Net_Dbg_CM3_L.lib(net_tcp.o)
    0x08013180   0x08013180   0x00000004   Code   RO         1848    i.netTCP_GetTimer   Net_Dbg_CM3_L.lib(net_tcp.o)
    0x08013184   0x08013184   0x0000007c   Code   RO         2298    i.net_addr4_aton    Net_Dbg_CM3_L.lib(net_addr.o)
    0x08013200   0x08013200   0x0000001e   Code   RO         2300    i.net_addr4_to_mac  Net_Dbg_CM3_L.lib(net_addr.o)
    0x0801321e   0x0801321e   0x00000002   PAD
    0x08013220   0x08013220   0x000000e6   Code   RO         2301    i.net_addr6_aton    Net_Dbg_CM3_L.lib(net_addr.o)
    0x08013306   0x08013306   0x00000028   Code   RO         2302    i.net_addr6_comp    Net_Dbg_CM3_L.lib(net_addr.o)
    0x0801332e   0x0801332e   0x00000012   Code   RO         2303    i.net_addr6_copy    Net_Dbg_CM3_L.lib(net_addr.o)
    0x08013340   0x08013340   0x0000004c   Code   RO         2304    i.net_addr6_create  Net_Dbg_CM3_L.lib(net_addr.o)
    0x0801338c   0x0801338c   0x00000028   Code   RO         2305    i.net_addr6_get_solicited  Net_Dbg_CM3_L.lib(net_addr.o)
    0x080133b4   0x080133b4   0x00000018   Code   RO         2306    i.net_addr6_is_linklocal  Net_Dbg_CM3_L.lib(net_addr.o)
    0x080133cc   0x080133cc   0x0000006e   Code   RO         2307    i.net_addr6_is_onlink  Net_Dbg_CM3_L.lib(net_addr.o)
    0x0801343a   0x0801343a   0x00000048   Code   RO         2308    i.net_addr6_is_solicited  Net_Dbg_CM3_L.lib(net_addr.o)
    0x08013482   0x08013482   0x00000018   Code   RO         2309    i.net_addr6_is_unspec  Net_Dbg_CM3_L.lib(net_addr.o)
    0x0801349a   0x0801349a   0x0000000e   Code   RO         2311    i.net_addr6_to_mac  Net_Dbg_CM3_L.lib(net_addr.o)
    0x080134a8   0x080134a8   0x00000026   Code   RO         2313    i.net_addr_copy     Net_Dbg_CM3_L.lib(net_addr.o)
    0x080134ce   0x080134ce   0x0000001a   Code   RO         2314    i.net_addr_find_route  Net_Dbg_CM3_L.lib(net_addr.o)
    0x080134e8   0x080134e8   0x00000020   Code   RO         2316    i.net_addr_get_local  Net_Dbg_CM3_L.lib(net_addr.o)
    0x08013508   0x08013508   0x00000022   Code   RO         2317    i.net_addr_is_unspec  Net_Dbg_CM3_L.lib(net_addr.o)
    0x0801352a   0x0801352a   0x00000002   PAD
    0x0801352c   0x0801352c   0x0000011c   Code   RO         1583    i.net_arp_cache_add  Net_Dbg_CM3_L.lib(net_arp.o)
    0x08013648   0x08013648   0x000000bc   Code   RO         1584    i.net_arp_cache_early  Net_Dbg_CM3_L.lib(net_arp.o)
    0x08013704   0x08013704   0x000000ec   Code   RO         1585    i.net_arp_cache_find  Net_Dbg_CM3_L.lib(net_arp.o)
    0x080137f0   0x080137f0   0x00000048   Code   RO         1586    i.net_arp_cache_init  Net_Dbg_CM3_L.lib(net_arp.o)
    0x08013838   0x08013838   0x0000001c   Code   RO         1587    i.net_arp_cache_run  Net_Dbg_CM3_L.lib(net_arp.o)
    0x08013854   0x08013854   0x00000040   Code   RO         1588    i.net_arp_cache_uninit  Net_Dbg_CM3_L.lib(net_arp.o)
    0x08013894   0x08013894   0x00000078   Code   RO         1589    i.net_arp_enqueue   Net_Dbg_CM3_L.lib(net_arp.o)
    0x0801390c   0x0801390c   0x00000020   Code   RO         1591    i.net_arp_notify    Net_Dbg_CM3_L.lib(net_arp.o)
    0x0801392c   0x0801392c   0x00000012   Code   RO         1592    i.net_arp_probe     Net_Dbg_CM3_L.lib(net_arp.o)
    0x0801393e   0x0801393e   0x00000002   PAD
    0x08013940   0x08013940   0x00000224   Code   RO         1593    i.net_arp_process   Net_Dbg_CM3_L.lib(net_arp.o)
    0x08013b64   0x08013b64   0x00000042   Code   RO         2462    i.net_atoi          Net_Dbg_CM3_L.lib(net_common.o)
    0x08013ba6   0x08013ba6   0x00000002   PAD
    0x08013ba8   0x08013ba8   0x00000078   Code   RO         2528    i.net_base64_decode  Net_Dbg_CM3_L.lib(net_base64.o)
    0x08013c20   0x08013c20   0x00000030   Code   RO         2464    i.net_chksum_buf    Net_Dbg_CM3_L.lib(net_common.o)
    0x08013c50   0x08013c50   0x0000001e   Code   RO         2465    i.net_crc_buf       Net_Dbg_CM3_L.lib(net_common.o)
    0x08013c6e   0x08013c6e   0x00000002   PAD
    0x08013c70   0x08013c70   0x00000088   Code   RO         2016    i.net_dhcp6_client_init  Net_Dbg_CM3_L.lib(net_dhcp6_client.o)
    0x08013cf8   0x08013cf8   0x0000001c   Code   RO         2017    i.net_dhcp6_client_run  Net_Dbg_CM3_L.lib(net_dhcp6_client.o)
    0x08013d14   0x08013d14   0x00000030   Code   RO         2018    i.net_dhcp6_client_uninit  Net_Dbg_CM3_L.lib(net_dhcp6_client.o)
    0x08013d44   0x08013d44   0x00000094   Code   RO         1972    i.net_dhcp_client_init  Net_Dbg_CM3_L.lib(net_dhcp_client.o)
    0x08013dd8   0x08013dd8   0x0000001c   Code   RO         1973    i.net_dhcp_client_run  Net_Dbg_CM3_L.lib(net_dhcp_client.o)
    0x08013df4   0x08013df4   0x00000030   Code   RO         1974    i.net_dhcp_client_uninit  Net_Dbg_CM3_L.lib(net_dhcp_client.o)
    0x08013e24   0x08013e24   0x0000000e   Code   RO         1524    i.net_eth_callback  Net_Dbg_CM3_L.lib(net_eth.o)
    0x08013e32   0x08013e32   0x00000068   Code   RO         1525    i.net_eth_config_mcast  Net_Dbg_CM3_L.lib(net_eth.o)
    0x08013e9a   0x08013e9a   0x000000ea   Code   RO         1527    i.net_eth_get_option  Net_Dbg_CM3_L.lib(net_eth.o)
    0x08013f84   0x08013f84   0x0000001c   Code   RO         1528    i.net_eth_iface_init  Net_Dbg_CM3_L.lib(net_eth.o)
    0x08013fa0   0x08013fa0   0x0000001c   Code   RO         1529    i.net_eth_iface_run  Net_Dbg_CM3_L.lib(net_eth.o)
    0x08013fbc   0x08013fbc   0x0000001c   Code   RO         1530    i.net_eth_iface_uninit  Net_Dbg_CM3_L.lib(net_eth.o)
    0x08013fd8   0x08013fd8   0x000000a8   Code   RO         1531    i.net_eth_output    Net_Dbg_CM3_L.lib(net_eth.o)
    0x08014080   0x08014080   0x000001e0   Code   RO         1532    i.net_eth_send_frame  Net_Dbg_CM3_L.lib(net_eth.o)
    0x08014260   0x08014260   0x00000270   Code   RO         1533    i.net_eth_set_option  Net_Dbg_CM3_L.lib(net_eth.o)
    0x080144d0   0x080144d0   0x000000e8   Code   RO         2111    i.net_http_server_init  Net_Dbg_CM3_L.lib(net_http_server.o)
    0x080145b8   0x080145b8   0x00000028   Code   RO         2112    i.net_http_server_run  Net_Dbg_CM3_L.lib(net_http_server.o)
    0x080145e0   0x080145e0   0x00000070   Code   RO         2113    i.net_http_server_uninit  Net_Dbg_CM3_L.lib(net_http_server.o)
    0x08014650   0x08014650   0x00000018   Code   RO         1762    i.net_icmp6_init    Net_Dbg_CM3_L.lib(net_icmp6.o)
    0x08014668   0x08014668   0x00000238   Code   RO         1763    i.net_icmp6_process  Net_Dbg_CM3_L.lib(net_icmp6.o)
    0x080148a0   0x080148a0   0x00000084   Code   RO         1764    i.net_icmp6_send    Net_Dbg_CM3_L.lib(net_icmp6.o)
    0x08014924   0x08014924   0x00000058   Code   RO         1765    i.net_icmp6_send_echo  Net_Dbg_CM3_L.lib(net_icmp6.o)
    0x0801497c   0x0801497c   0x00000018   Code   RO         1742    i.net_icmp_init     Net_Dbg_CM3_L.lib(net_icmp.o)
    0x08014994   0x08014994   0x000001c8   Code   RO         1743    i.net_icmp_process  Net_Dbg_CM3_L.lib(net_icmp.o)
    0x08014b5c   0x08014b5c   0x000000a0   Code   RO         1744    i.net_icmp_send_echo  Net_Dbg_CM3_L.lib(net_icmp.o)
    0x08014bfc   0x08014bfc   0x0000000c   Code   RO         2249    i.net_if_map_all    Net_Dbg_CM3_L.lib(net_sys.o)
    0x08014c08   0x08014c08   0x0000018c   Code   RO         2360    i.net_ip4_chk_frame  Net_Dbg_CM3_L.lib(net_ip4.o)
    0x08014d94   0x08014d94   0x0000002c   Code   RO         2361    i.net_ip4_chksum    Net_Dbg_CM3_L.lib(net_ip4.o)
    0x08014dc0   0x08014dc0   0x00000006   Code   RO         2362    i.net_ip4_chksum_buf  Net_Dbg_CM3_L.lib(net_ip4.o)
    0x08014dc6   0x08014dc6   0x00000002   PAD
    0x08014dc8   0x08014dc8   0x00000080   Code   RO         2364    i.net_ip4_find_route  Net_Dbg_CM3_L.lib(net_ip4.o)
    0x08014e48   0x08014e48   0x00000124   Code   RO         1721    i.net_ip4_frag_add  Net_Dbg_CM3_L.lib(net_ip4_frag.o)
    0x08014f6c   0x08014f6c   0x000000ac   Code   RO         1722    i.net_ip4_frag_get  Net_Dbg_CM3_L.lib(net_ip4_frag.o)
    0x08015018   0x08015018   0x00000010   Code   RO         1723    i.net_ip4_frag_init  Net_Dbg_CM3_L.lib(net_ip4_frag.o)
    0x08015028   0x08015028   0x0000003c   Code   RO         1724    i.net_ip4_frag_run  Net_Dbg_CM3_L.lib(net_ip4_frag.o)
    0x08015064   0x08015064   0x00000010   Code   RO         1725    i.net_ip4_frag_uninit  Net_Dbg_CM3_L.lib(net_ip4_frag.o)
    0x08015074   0x08015074   0x0000002c   Code   RO         2365    i.net_ip4_get_local  Net_Dbg_CM3_L.lib(net_ip4.o)
    0x080150a0   0x080150a0   0x00000024   Code   RO         2366    i.net_ip4_init      Net_Dbg_CM3_L.lib(net_ip4.o)
    0x080150c4   0x080150c4   0x00000020   Code   RO         2367    i.net_ip4_is_onlink  Net_Dbg_CM3_L.lib(net_ip4.o)
    0x080150e4   0x080150e4   0x00000026   Code   RO         2368    i.net_ip4_is_subcast  Net_Dbg_CM3_L.lib(net_ip4.o)
    0x0801510a   0x0801510a   0x0000000e   Code   RO         2369    i.net_ip4_reass_frame  Net_Dbg_CM3_L.lib(net_ip4.o)
    0x08015118   0x08015118   0x00000164   Code   RO         2370    i.net_ip4_send_frame  Net_Dbg_CM3_L.lib(net_ip4.o)
    0x0801527c   0x0801527c   0x0000002a   Code   RO         2372    i.net_ip4_tx_offl_hl  Net_Dbg_CM3_L.lib(net_ip4.o)
    0x080152a6   0x080152a6   0x00000002   PAD
    0x080152a8   0x080152a8   0x00000020   Code   RO         2373    i.net_ip4_uninit    Net_Dbg_CM3_L.lib(net_ip4.o)
    0x080152c8   0x080152c8   0x00000100   Code   RO         2398    i.net_ip6_chk_frame  Net_Dbg_CM3_L.lib(net_ip6.o)
    0x080153c8   0x080153c8   0x00000032   Code   RO         2399    i.net_ip6_chksum    Net_Dbg_CM3_L.lib(net_ip6.o)
    0x080153fa   0x080153fa   0x00000002   PAD
    0x080153fc   0x080153fc   0x0000007c   Code   RO         2400    i.net_ip6_collect_mcast  Net_Dbg_CM3_L.lib(net_ip6.o)
    0x08015478   0x08015478   0x00000048   Code   RO         2402    i.net_ip6_find_route  Net_Dbg_CM3_L.lib(net_ip6.o)
    0x080154c0   0x080154c0   0x00000054   Code   RO         2403    i.net_ip6_get_local  Net_Dbg_CM3_L.lib(net_ip6.o)
    0x08015514   0x08015514   0x0000001c   Code   RO         2404    i.net_ip6_init      Net_Dbg_CM3_L.lib(net_ip6.o)
    0x08015530   0x08015530   0x000000cc   Code   RO         2405    i.net_ip6_send_frame  Net_Dbg_CM3_L.lib(net_ip6.o)
    0x080155fc   0x080155fc   0x0000001e   Code   RO         2407    i.net_ip6_tx_offl_hl  Net_Dbg_CM3_L.lib(net_ip6.o)
    0x0801561a   0x0801561a   0x00000002   PAD
    0x0801561c   0x0801561c   0x0000001c   Code   RO         2408    i.net_ip6_uninit    Net_Dbg_CM3_L.lib(net_ip6.o)
    0x08015638   0x08015638   0x00000008   Code   RO         2466    i.net_itoa          Net_Dbg_CM3_L.lib(net_common.o)
    0x08015640   0x08015640   0x00000006   Code   RO         2468    i.net_itoa_n0       Net_Dbg_CM3_L.lib(net_common.o)
    0x08015646   0x08015646   0x00000002   PAD
    0x08015648   0x08015648   0x00000030   Code   RO         1703    i.net_loop_iface_init  Net_Dbg_CM3_L.lib(net_loopback.o)
    0x08015678   0x08015678   0x000000bc   Code   RO         1704    i.net_loop_iface_run  Net_Dbg_CM3_L.lib(net_loopback.o)
    0x08015734   0x08015734   0x00000028   Code   RO         1705    i.net_loop_iface_uninit  Net_Dbg_CM3_L.lib(net_loopback.o)
    0x0801575c   0x0801575c   0x00000070   Code   RO         1706    i.net_loop_send_frame  Net_Dbg_CM3_L.lib(net_loopback.o)
    0x080157cc   0x080157cc   0x000000c0   Code   RO         2439    i.net_mem_alloc     Net_Dbg_CM3_L.lib(net_mem.o)
    0x0801588c   0x0801588c   0x0000001c   Code   RO         2440    i.net_mem_avail     Net_Dbg_CM3_L.lib(net_mem.o)
    0x080158a8   0x080158a8   0x000000a4   Code   RO         2441    i.net_mem_free      Net_Dbg_CM3_L.lib(net_mem.o)
    0x0801594c   0x0801594c   0x00000070   Code   RO         2442    i.net_mem_init      Net_Dbg_CM3_L.lib(net_mem.o)
    0x080159bc   0x080159bc   0x00000048   Code   RO         2443    i.net_mem_shrink    Net_Dbg_CM3_L.lib(net_mem.o)
    0x08015a04   0x08015a04   0x00000064   Code   RO         2049    i.net_nbns_client_init  Net_Dbg_CM3_L.lib(net_nbns_client.o)
    0x08015a68   0x08015a68   0x00000038   Code   RO         2050    i.net_nbns_client_uninit  Net_Dbg_CM3_L.lib(net_nbns_client.o)
    0x08015aa0   0x08015aa0   0x000001c4   Code   RO         1654    i.net_ndp_cache_find  Net_Dbg_CM3_L.lib(net_ndp.o)
    0x08015c64   0x08015c64   0x00000080   Code   RO         1655    i.net_ndp_cache_init  Net_Dbg_CM3_L.lib(net_ndp.o)
    0x08015ce4   0x08015ce4   0x00000078   Code   RO         1657    i.net_ndp_cache_refresh  Net_Dbg_CM3_L.lib(net_ndp.o)
    0x08015d5c   0x08015d5c   0x0000001c   Code   RO         1658    i.net_ndp_cache_run  Net_Dbg_CM3_L.lib(net_ndp.o)
    0x08015d78   0x08015d78   0x0000003c   Code   RO         1659    i.net_ndp_cache_uninit  Net_Dbg_CM3_L.lib(net_ndp.o)
    0x08015db4   0x08015db4   0x00000070   Code   RO         1660    i.net_ndp_enqueue   Net_Dbg_CM3_L.lib(net_ndp.o)
    0x08015e24   0x08015e24   0x00000374   Code   RO         1662    i.net_ndp_process   Net_Dbg_CM3_L.lib(net_ndp.o)
    0x08016198   0x08016198   0x00000038   Code   RO         2251    i.net_path          Net_Dbg_CM3_L.lib(net_sys.o)
    0x080161d0   0x080161d0   0x00000020   Code   RO         2222    i.net_ping_client_init  Net_Dbg_CM3_L.lib(net_ping_core.o)
    0x080161f0   0x080161f0   0x00000080   Code   RO         2223    i.net_ping_client_run  Net_Dbg_CM3_L.lib(net_ping_core.o)
    0x08016270   0x08016270   0x00000020   Code   RO         2225    i.net_ping_client_uninit  Net_Dbg_CM3_L.lib(net_ping_core.o)
    0x08016290   0x08016290   0x0000001c   Code   RO         2252    i.net_rand32        Net_Dbg_CM3_L.lib(net_sys.o)
    0x080162ac   0x080162ac   0x0000002e   Code   RO         2469    i.net_strcasecmp    Net_Dbg_CM3_L.lib(net_common.o)
    0x080162da   0x080162da   0x00000016   Code   RO         2470    i.net_strchr        Net_Dbg_CM3_L.lib(net_common.o)
    0x080162f0   0x080162f0   0x0000001a   Code   RO         2471    i.net_strcmp        Net_Dbg_CM3_L.lib(net_common.o)
    0x0801630a   0x0801630a   0x00000012   Code   RO         2472    i.net_strcpy        Net_Dbg_CM3_L.lib(net_common.o)
    0x0801631c   0x0801631c   0x0000001c   Code   RO         2474    i.net_strnchr       Net_Dbg_CM3_L.lib(net_common.o)
    0x08016338   0x08016338   0x0000001a   Code   RO         2475    i.net_strncpy       Net_Dbg_CM3_L.lib(net_common.o)
    0x08016352   0x08016352   0x00000020   Code   RO         2476    i.net_strtoupper    Net_Dbg_CM3_L.lib(net_common.o)
    0x08016372   0x08016372   0x00000002   PAD
    0x08016374   0x08016374   0x0000000c   Code   RO         2253    i.net_sys_lock      Net_Dbg_CM3_L.lib(net_sys.o)
    0x08016380   0x08016380   0x00000016   Code   RO         2254    i.net_sys_resume    Net_Dbg_CM3_L.lib(net_sys.o)
    0x08016396   0x08016396   0x00000002   PAD
    0x08016398   0x08016398   0x00000014   Code   RO         2256    i.net_sys_tick      Net_Dbg_CM3_L.lib(net_sys.o)
    0x080163ac   0x080163ac   0x0000000c   Code   RO         2257    i.net_sys_unlock    Net_Dbg_CM3_L.lib(net_sys.o)
    0x080163b8   0x080163b8   0x00000020   Code   RO         2259    i.net_sys_wakeup    Net_Dbg_CM3_L.lib(net_sys.o)
    0x080163d8   0x080163d8   0x00000084   Code   RO         1855    i.net_tcp_abort     Net_Dbg_CM3_L.lib(net_tcp.o)
    0x0801645c   0x0801645c   0x000000e4   Code   RO         1858    i.net_tcp_close     Net_Dbg_CM3_L.lib(net_tcp.o)
    0x08016540   0x08016540   0x0000002e   Code   RO         1861    i.net_tcp_get_buf   Net_Dbg_CM3_L.lib(net_tcp.o)
    0x0801656e   0x0801656e   0x00000002   PAD
    0x08016570   0x08016570   0x00000034   Code   RO         1863    i.net_tcp_get_local_port  Net_Dbg_CM3_L.lib(net_tcp.o)
    0x080165a4   0x080165a4   0x00000028   Code   RO         1864    i.net_tcp_get_mss   Net_Dbg_CM3_L.lib(net_tcp.o)
    0x080165cc   0x080165cc   0x00000054   Code   RO         1866    i.net_tcp_get_peer  Net_Dbg_CM3_L.lib(net_tcp.o)
    0x08016620   0x08016620   0x00000070   Code   RO         1868    i.net_tcp_get_socket  Net_Dbg_CM3_L.lib(net_tcp.o)
    0x08016690   0x08016690   0x0000002c   Code   RO         1869    i.net_tcp_get_state  Net_Dbg_CM3_L.lib(net_tcp.o)
    0x080166bc   0x080166bc   0x00000034   Code   RO         1870    i.net_tcp_get_timer  Net_Dbg_CM3_L.lib(net_tcp.o)
    0x080166f0   0x080166f0   0x000000b0   Code   RO         1871    i.net_tcp_listen    Net_Dbg_CM3_L.lib(net_tcp.o)
    0x080167a0   0x080167a0   0x000007a8   Code   RO         1873    i.net_tcp_process   Net_Dbg_CM3_L.lib(net_tcp.o)
    0x08016f48   0x08016f48   0x0000015c   Code   RO         1877    i.net_tcp_send      Net_Dbg_CM3_L.lib(net_tcp.o)
    0x080170a4   0x080170a4   0x0000012c   Code   RO         1879    i.net_tcp_set_option  Net_Dbg_CM3_L.lib(net_tcp.o)
    0x080171d0   0x080171d0   0x00000028   Code   RO         1880    i.net_tcp_socket_init  Net_Dbg_CM3_L.lib(net_tcp.o)
    0x080171f8   0x080171f8   0x000003c0   Code   RO         1881    i.net_tcp_socket_run  Net_Dbg_CM3_L.lib(net_tcp.o)
    0x080175b8   0x080175b8   0x00000028   Code   RO         1882    i.net_tcp_socket_uninit  Net_Dbg_CM3_L.lib(net_tcp.o)
    0x080175e0   0x080175e0   0x00000028   Code   RO         1790    i.net_udp_enable_lla  Net_Dbg_CM3_L.lib(net_udp.o)
    0x08017608   0x08017608   0x0000002e   Code   RO         1792    i.net_udp_get_buf   Net_Dbg_CM3_L.lib(net_udp.o)
    0x08017636   0x08017636   0x00000002   PAD
    0x08017638   0x08017638   0x00000070   Code   RO         1795    i.net_udp_get_socket  Net_Dbg_CM3_L.lib(net_udp.o)
    0x080176a8   0x080176a8   0x000000ac   Code   RO         1797    i.net_udp_open      Net_Dbg_CM3_L.lib(net_udp.o)
    0x08017754   0x08017754   0x00000158   Code   RO         1798    i.net_udp_process   Net_Dbg_CM3_L.lib(net_udp.o)
    0x080178ac   0x080178ac   0x0000022c   Code   RO         1801    i.net_udp_send_if   Net_Dbg_CM3_L.lib(net_udp.o)
    0x08017ad8   0x08017ad8   0x00000024   Code   RO         1803    i.net_udp_socket_init  Net_Dbg_CM3_L.lib(net_udp.o)
    0x08017afc   0x08017afc   0x00000024   Code   RO         1804    i.net_udp_socket_uninit  Net_Dbg_CM3_L.lib(net_udp.o)
    0x08017b20   0x08017b20   0x00000008   Code   RO         2477    i.net_ultoa         Net_Dbg_CM3_L.lib(net_common.o)
    0x08017b28   0x08017b28   0x00000030   Code   RO         2480    i.net_ultox         Net_Dbg_CM3_L.lib(net_common.o)
    0x08017b58   0x08017b58   0x0000004c   Code   RO         2481    i.net_xtoul         Net_Dbg_CM3_L.lib(net_common.o)
    0x08017ba4   0x08017ba4   0x0000001c   Code   RO         2226    i.ping_send_req     Net_Dbg_CM3_L.lib(net_ping_core.o)
    0x08017bc0   0x08017bc0   0x00000104   Code   RO         2019    i.proc_opt_ia_na    Net_Dbg_CM3_L.lib(net_dhcp6_client.o)
    0x08017cc4   0x08017cc4   0x000000f0   Code   RO         1975    i.proc_opt_renew    Net_Dbg_CM3_L.lib(net_dhcp_client.o)
    0x08017db4   0x08017db4   0x000001a4   Code   RO         1976    i.proc_opt_req      Net_Dbg_CM3_L.lib(net_dhcp_client.o)
    0x08017f58   0x08017f58   0x00000048   Code   RO         1977    i.proc_opt_sel      Net_Dbg_CM3_L.lib(net_dhcp_client.o)
    0x08017fa0   0x08017fa0   0x00000058   Code   RO         2115    i.proc_req_line     Net_Dbg_CM3_L.lib(net_http_server.o)
    0x08017ff8   0x08017ff8   0x0000001a   Code   RO         1726    i.que_free_list     Net_Dbg_CM3_L.lib(net_ip4_frag.o)
    0x08018012   0x08018012   0x000000a0   Code   RO         2116    i.read_script_line  Net_Dbg_CM3_L.lib(net_http_server.o)
    0x080180b2   0x080180b2   0x00000048   Code   RO         2117    i.search_delim      Net_Dbg_CM3_L.lib(net_http_server.o)
    0x080180fa   0x080180fa   0x00000070   Code   RO         2020    i.select_server     Net_Dbg_CM3_L.lib(net_dhcp6_client.o)
    0x0801816a   0x0801816a   0x00000018   Code   RO         2260    i.sys_map_if        Net_Dbg_CM3_L.lib(net_sys.o)
    0x08018182   0x08018182   0x00000002   PAD
    0x08018184   0x08018184   0x0000004c   Code   RO         2261    i.sys_proc_tick     Net_Dbg_CM3_L.lib(net_sys.o)
    0x080181d0   0x080181d0   0x00000110   Code   RO         1883    i.tcp_map_socket    Net_Dbg_CM3_L.lib(net_tcp.o)
    0x080182e0   0x080182e0   0x00000084   Code   RO         1884    i.tcp_parse_opt     Net_Dbg_CM3_L.lib(net_tcp.o)
    0x08018364   0x08018364   0x0000011c   Code   RO         1885    i.tcp_proc_acknr    Net_Dbg_CM3_L.lib(net_tcp.o)
    0x08018480   0x08018480   0x000000ac   Code   RO         1886    i.tcp_proc_dupack   Net_Dbg_CM3_L.lib(net_tcp.o)
    0x0801852c   0x0801852c   0x0000001a   Code   RO         1887    i.tcp_que_free      Net_Dbg_CM3_L.lib(net_tcp.o)
    0x08018546   0x08018546   0x0000001a   Code   RO         1888    i.tcp_que_init      Net_Dbg_CM3_L.lib(net_tcp.o)
    0x08018560   0x08018560   0x000000ac   Code   RO         1889    i.tcp_que_resend    Net_Dbg_CM3_L.lib(net_tcp.o)
    0x0801860c   0x0801860c   0x00000090   Code   RO         1890    i.tcp_send_ctrl     Net_Dbg_CM3_L.lib(net_tcp.o)
    0x0801869c   0x0801869c   0x0000007c   Code   RO         1891    i.tcp_send_data     Net_Dbg_CM3_L.lib(net_tcp.o)
    0x08018718   0x08018718   0x00000090   Code   RO         1892    i.tcp_send_reset    Net_Dbg_CM3_L.lib(net_tcp.o)
    0x080187a8   0x080187a8   0x00000044   Code   RO         1893    i.tcp_set_cwnd      Net_Dbg_CM3_L.lib(net_tcp.o)
    0x080187ec   0x080187ec   0x00000074   Code   RO         1894    i.tcp_transit       Net_Dbg_CM3_L.lib(net_tcp.o)
    0x08018860   0x08018860   0x0000010c   Code   RO         1895    i.tcp_write         Net_Dbg_CM3_L.lib(net_tcp.o)
    0x0801896c   0x0801896c   0x0000002c   Code   RO         1805    i.udp_port_in_use   Net_Dbg_CM3_L.lib(net_udp.o)
    0x08018998   0x08018998   0x00000044   Code   RO         2482    i.ul2str            Net_Dbg_CM3_L.lib(net_common.o)
    0x080189dc   0x080189dc   0x00000124   Code   RO         2118    i.utc_to_http       Net_Dbg_CM3_L.lib(net_http_server.o)
    0x08018b00   0x08018b00   0x00000024   Data   RO          149    .constdata          http_server.o
    0x08018b24   0x08018b24   0x0000660c   Data   RO          233    .constdata          web.o
    0x0801f130   0x0801f130   0x000018a0   Data   RO          330    .constdata          glcd_fonts.o
    0x080209d0   0x080209d0   0x00000008   Data   RO          343    .constdata          led_746g_discovery.o
    0x080209d8   0x080209d8   0x00000068   Data   RO          550    .constdata          rtx_lib.o
    0x08020a40   0x08020a40   0x00000001   Data   RO          889    .constdata          irq_armv7m.o
    0x08020a41   0x08020a41   0x00000003   PAD
    0x08020a44   0x08020a44   0x00000024   Data   RO          896    .constdata          phy_lan8742a.o
    0x08020a68   0x08020a68   0x00000094   Data   RO          927    .constdata          emac_stm32f7xx.o
    0x08020afc   0x08020afc   0x00000018   Data   RO          972    .constdata          eventrecorder.o
    0x08020b14   0x08020b14   0x00000008   Data   RO         1114    .constdata          stm32f7xx_hal_dma.o
    0x08020b1c   0x08020b1c   0x00000018   Data   RO         1404    .constdata          system_stm32f7xx.o
    0x08020b34   0x08020b34   0x00000304   Data   RO         1437    .constdata          net_config.o
    0x08020e38   0x08020e38   0x0000002c   Data   RO         1707    .constdata          Net_Dbg_CM3_L.lib(net_loopback.o)
    0x08020e64   0x08020e64   0x0000000c   Data   RO         1708    .constdata          Net_Dbg_CM3_L.lib(net_loopback.o)
    0x08020e70   0x08020e70   0x00000010   Data   RO         2025    .constdata          Net_Dbg_CM3_L.lib(net_dhcp6_client.o)
    0x08020e80   0x08020e80   0x00000008   Data   RO         2051    .constdata          Net_Dbg_CM3_L.lib(net_nbns_client.o)
    0x08020e88   0x08020e88   0x000000fa   Data   RO         2120    .constdata          Net_Dbg_CM3_L.lib(net_http_server.o)
    0x08020f82   0x08020f82   0x00000002   PAD
    0x08020f84   0x08020f84   0x00000018   Data   RO         2199    .constdata          Net_Dbg_CM3_L.lib(net_http_server_auth.o)
    0x08020f9c   0x08020f9c   0x00000012   Data   RO         2228    .constdata          Net_Dbg_CM3_L.lib(net_ping_core.o)
    0x08020fae   0x08020fae   0x00000010   Data   RO         2321    .constdata          Net_Dbg_CM3_L.lib(net_addr.o)
    0x08020fbe   0x08020fbe   0x00000006   Data   RO         2322    .constdata          Net_Dbg_CM3_L.lib(net_addr.o)
    0x08020fc4   0x08020fc4   0x00000004   Data   RO         2374    .constdata          Net_Dbg_CM3_L.lib(net_ip4.o)
    0x08020fc8   0x08020fc8   0x00000020   Data   RO         2409    .constdata          Net_Dbg_CM3_L.lib(net_ip6.o)
    0x08020fe8   0x08020fe8   0x00000010   Data   RO         2410    .constdata          Net_Dbg_CM3_L.lib(net_ip6.o)
    0x08020ff8   0x08020ff8   0x00000018   Data   RO         2429    .constdata          Net_Dbg_CM3_L.lib(net_http_server_err.o)
    0x08021010   0x08021010   0x00000010   Data   RO         2483    .constdata          Net_Dbg_CM3_L.lib(net_common.o)
    0x08021020   0x08021020   0x00000090   Data   RO         2530    .constdata          Net_Dbg_CM3_L.lib(net_base64.o)
    0x080210b0   0x080210b0   0x00000004   Data   RO         2539    .constdata          Net_Dbg_CM3_L.lib(net_version.o)
    0x080210b4   0x080210b4   0x000000da   Data   RO          211    .conststring        http_server_cgi.o
    0x0802118e   0x0802118e   0x00000002   PAD
    0x08021190   0x08021190   0x00000125   Data   RO         1438    .conststring        net_config.o
    0x080212b5   0x080212b5   0x00000003   PAD
    0x080212b8   0x080212b8   0x00000203   Data   RO         2430    .conststring        Net_Dbg_CM3_L.lib(net_http_server_err.o)
    0x080214bb   0x080214bb   0x00000001   PAD
    0x080214bc   0x080214bc   0x0000000b   Data   RO          496    .conststrlit        rtx_kernel.o
    0x080214c7   0x080214c7   0x00000001   PAD
    0x080214c8   0x080214c8   0x000000a8   Data   RO          551    .rodata             rtx_lib.o
    0x08021570   0x08021570   0x00000020   Data   RO         2874    Region$$Table       anon$$obj.o


    Execution Region RW_RAM1 (Exec base: 0x20010000, Load base: 0x080216c8, Size: 0x000004a4, Max: 0x00001000, ABSOLUTE, UNINIT)

    Exec Addr    Load Addr    Size         Type   Attr      Idx    E Section Name        Object

    0x20010000        -       0x000004a4   Zero   RW          971    .bss.noinit         eventrecorder.o


    Execution Region RW_IRAM1 (Exec base: 0x20011000, Load base: 0x08021590, Size: 0x0000d1b0, Max: 0x0003f000, ABSOLUTE, COMPRESSED[0x00000138])

    Exec Addr    Load Addr    Size         Type   Attr      Idx    E Section Name        Object

    0x20011000   COMPRESSED   0x00008040   Data   RW          544    .bss.os             rtx_lib.o
    0x20019040   COMPRESSED   0x00000001   Data   RW          843    .bss.os             os_systick.o
    0x20019041   COMPRESSED   0x00000003   PAD
    0x20019044   COMPRESSED   0x00000034   Data   RW          545    .bss.os.msgqueue.cb  rtx_lib.o
    0x20019078   COMPRESSED   0x00000050   Data   RW          546    .bss.os.msgqueue.mem  rtx_lib.o
    0x200190c8   COMPRESSED   0x00000038   Data   RW         1433    .bss.os.mutex.cb    net_config.o
    0x20019100   COMPRESSED   0x00000010   Data   RW         1434    .bss.os.semaphore.cb  net_config.o
    0x20019110   COMPRESSED   0x00000088   Data   RW          547    .bss.os.thread.cb   rtx_lib.o
    0x20019198   COMPRESSED   0x00000088   Data   RW         1435    .bss.os.thread.cb   net_config.o
    0x20019220   COMPRESSED   0x00000200   Data   RW          548    .bss.os.thread.idle.stack  rtx_lib.o
    0x20019420   COMPRESSED   0x00000200   Data   RW          549    .bss.os.thread.timer.stack  rtx_lib.o
    0x20019620   COMPRESSED   0x00000020   Data   RW         1436    .bss.os.timer.cb    net_config.o
    0x20019640   COMPRESSED   0x00000004   Data   RW            5    .data               main.o
    0x20019644   COMPRESSED   0x00000034   Data   RW          150    .data               http_server.o
    0x20019678   COMPRESSED   0x00000008   Data   RW          212    .data               http_server_cgi.o
    0x20019680   COMPRESSED   0x00000002   Data   RW          252    .data               stm32746g_discovery_sdram.o
    0x20019682   COMPRESSED   0x00000002   PAD
    0x20019684   COMPRESSED   0x00000008   Data   RW          308    .data               glcd_746g_discovery.o
    0x2001968c   COMPRESSED   0x00000009   Data   RW         1008    .data               stm32f7xx_hal.o
    0x20019695   COMPRESSED   0x00000003   PAD
    0x20019698   COMPRESSED   0x00000004   Data   RW         1405    .data               system_stm32f7xx.o
    0x2001969c   COMPRESSED   0x0000000e   Data   RW         1439    .data               net_config.o
    0x200196aa   COMPRESSED   0x00000002   PAD
    0x200196ac   COMPRESSED   0x00000004   Data   RW         1709    .data               Net_Dbg_CM3_L.lib(net_loopback.o)
    0x200196b0   COMPRESSED   0x00000004   Data   RW         1727    .data               Net_Dbg_CM3_L.lib(net_ip4_frag.o)
    0x200196b4   COMPRESSED   0x00000001   Data   RW         1745    .data               Net_Dbg_CM3_L.lib(net_icmp.o)
    0x200196b5   COMPRESSED   0x00000001   Data   RW         1766    .data               Net_Dbg_CM3_L.lib(net_icmp6.o)
    0x200196b6   COMPRESSED   0x00000002   Data   RW         1807    .data               Net_Dbg_CM3_L.lib(net_udp.o)
    0x200196b8   COMPRESSED   0x00000004   Data   RW         1898    .data               Net_Dbg_CM3_L.lib(net_tcp.o)
    0x200196bc   COMPRESSED   0x00000002   Data   RW         1983    .data               Net_Dbg_CM3_L.lib(net_dhcp_client.o)
    0x200196be   COMPRESSED   0x00000002   Data   RW         2026    .data               Net_Dbg_CM3_L.lib(net_dhcp6_client.o)
    0x200196c0   COMPRESSED   0x00000001   Data   RW         2052    .data               Net_Dbg_CM3_L.lib(net_nbns_client.o)
    0x200196c1   COMPRESSED   0x00000003   PAD
    0x200196c4   COMPRESSED   0x0000000c   Data   RW         2121    .data               Net_Dbg_CM3_L.lib(net_http_server.o)
    0x200196d0   COMPRESSED   0x00000008   Data   RW         2375    .data               Net_Dbg_CM3_L.lib(net_ip4.o)
    0x200196d8   COMPRESSED   0x00000004   Data   RW         2411    .data               Net_Dbg_CM3_L.lib(net_ip6.o)
    0x200196dc   COMPRESSED   0x000000a4   Data   RW          497    .data.os            rtx_kernel.o
    0x20019780        -       0x00000450   Zero   RW          148    .bss                http_server.o
    0x20019bd0        -       0x00000038   Zero   RW          210    .bss                http_server_cgi.o
    0x20019c08        -       0x00000120   Zero   RW          251    .bss                stm32746g_discovery_sdram.o
    0x20019d28        -       0x000000a8   Zero   RW          307    .bss                glcd_746g_discovery.o
    0x20019dd0        -       0x0000000c   Zero   RW          895    .bss                phy_lan8742a.o
    0x20019ddc        -       0x0000000c   Zero   RW          926    .bss                emac_stm32f7xx.o
    0x20019de8        -       0x00003cb4   Zero   RW         1432    .bss                net_config.o
    0x2001da9c        -       0x000000a0   Zero   RW         1534    .bss                Net_Dbg_CM3_L.lib(net_eth.o)
    0x2001db3c        -       0x00000018   Zero   RW         1594    .bss                Net_Dbg_CM3_L.lib(net_arp.o)
    0x2001db54        -       0x00000044   Zero   RW         1663    .bss                Net_Dbg_CM3_L.lib(net_ndp.o)
    0x2001db98        -       0x0000001c   Zero   RW         1806    .bss                Net_Dbg_CM3_L.lib(net_udp.o)
    0x2001dbb4        -       0x00000028   Zero   RW         1979    .bss                Net_Dbg_CM3_L.lib(net_dhcp_client.o)
    0x2001dbdc        -       0x00000044   Zero   RW         2021    .bss                Net_Dbg_CM3_L.lib(net_dhcp6_client.o)
    0x2001dc20        -       0x00000098   Zero   RW         2119    .bss                Net_Dbg_CM3_L.lib(net_http_server.o)
    0x2001dcb8        -       0x0000002c   Zero   RW         2227    .bss                Net_Dbg_CM3_L.lib(net_ping_core.o)
    0x2001dce4        -       0x00000038   Zero   RW         2262    .bss                Net_Dbg_CM3_L.lib(net_sys.o)
    0x2001dd1c        -       0x00000024   Zero   RW         2263    .bss                Net_Dbg_CM3_L.lib(net_sys.o)
    0x2001dd40        -       0x0000005c   Zero   RW         2320    .bss                Net_Dbg_CM3_L.lib(net_addr.o)
    0x2001dd9c        -       0x00000014   Zero   RW         2445    .bss                Net_Dbg_CM3_L.lib(net_mem.o)
    0x2001ddb0        -       0x00000400   Zero   RW         1393    STACK               startup_stm32f746xx.o



  Load Region LR$$.ARM.__AT_0x2000C000 (Base: 0x2000c000, Size: 0x00000000, Max: 0x000024c0, ABSOLUTE)

    Execution Region ER$$.ARM.__AT_0x2000C000 (Exec base: 0x2000c000, Load base: 0x2000c000, Size: 0x000024c0, Max: 0x000024c0, ABSOLUTE, UNINIT)

    Exec Addr    Load Addr    Size         Type   Attr      Idx    E Section Name        Object

    0x2000c000        -       0x000024c0   Zero   RW          925    .ARM.__AT_0x2000C000  emac_stm32f7xx.o



  Load Region LR$$.ARM.__AT_0xC0000000 (Base: 0xc0000000, Size: 0x00000000, Max: 0x0003fc00, ABSOLUTE)

    Execution Region ER$$.ARM.__AT_0xC0000000 (Exec base: 0xc0000000, Load base: 0xc0000000, Size: 0x0003fc00, Max: 0x0003fc00, ABSOLUTE, UNINIT)

    Exec Addr    Load Addr    Size         Type   Attr      Idx    E Section Name        Object

    0xc0000000        -       0x0003fc00   Zero   RW          306    .ARM.__AT_0xC0000000  glcd_746g_discovery.o


==============================================================================

Image component sizes


      Code (inc. data)   RO Data    RW Data    ZI Data      Debug   Object Name

       112         10          0          0          0       2004   buttons_746g_discovery.o
      3872        204        148          0       9420      55322   emac_stm32f7xx.o
      1644         42         24          0       1188      17160   eventrecorder.o
      1400         66          0          8     261288       7642   glcd_746g_discovery.o
         0          0       6304          0          0        792   glcd_fonts.o
       540        166         36         52       1104      12156   http_server.o
      2016        354        218          8         56       7541   http_server_cgi.o
       148          8          1          0          0        684   irq_armv7m.o
       208         12          8          0          0       2865   led_746g_discovery.o
       492         24          0          4          0     807543   main.o
       356         24       1065        254      15540      32573   net_config.o
       336          0          0          0          0        918   net_debug.o
       220         14          0          1          0       2004   os_systick.o
       548          8         36          0         12       7734   phy_lan8742a.o
        36          6          0          0          0        707   rtx_config.o
       284         12          0          0          0      17958   rtx_delay.o
      3544        106          0          0          0      52809   rtx_evr.o
      2224        100         11        164          0      27528   rtx_kernel.o
        24          0        272      34124          0       9983   rtx_lib.o
       478          0          0          0          0       3007   rtx_memory.o
      2284         46          0          0          0      15240   rtx_mempool.o
      3280         60          0          0          0      23648   rtx_msgqueue.o
      1604         30          0          0          0       9918   rtx_mutex.o
      1658         34          0          0          0      12060   rtx_semaphore.o
       772         20          0          0          0       8401   rtx_system.o
      5824        152          0          0          0      32305   rtx_thread.o
      1336         36          0          0          0      10177   rtx_timer.o
        36          8        456          0       1024        872   startup_stm32f746xx.o
       964         66          0          2        288       4776   stm32746g_discovery_sdram.o
       556         42          0          9          0      10981   stm32f7xx_hal.o
       900         20          0          0          0      41086   stm32f7xx_hal_cortex.o
      2232         26          8          0          0       7433   stm32f7xx_hal_dma.o
       992         52          0          0          0       3907   stm32f7xx_hal_gpio.o
      3864         18          0          0          0      15070   stm32f7xx_hal_ltdc.o
       892         14          0          0          0       4503   stm32f7xx_hal_pwr_ex.o
      2848         74          0          0          0       5847   stm32f7xx_hal_rcc.o
      3044         38          0          0          0       4554   stm32f7xx_hal_rcc_ex.o
      1080          8          0          0          0       8605   stm32f7xx_hal_sdram.o
      1072         16          0          0          0       7675   stm32f7xx_ll_fmc.o
       288         32         24          4          0       1741   system_stm32f7xx.o
       136          8      26124          0          0       1728   web.o

    ----------------------------------------------------------------------
     54148       1956      34776      34640     289920    1299457   Object Totals
         0          0         32          0          0          0   (incl. Generated)
         4          0          9         10          0          0   (incl. Padding)

    ----------------------------------------------------------------------

      Code (inc. data)   RO Data    RW Data    ZI Data      Debug   Library Member Name

      1414         18         22          0         92       1556   net_addr.o
      2956        152          0          0         24       1696   net_arp.o
       120          6        144          0          0         84   net_base64.o
       622         10         16          0          0       1340   net_common.o
      3502        152         16          2         68       1024   net_dhcp6_client.o
      3814        172          0          2         40        968   net_dhcp_client.o
      3816        150          0          0        160       1756   net_eth.o
      6946       1282        250         12        152       2940   net_http_server.o
       266         66         24          0          0        368   net_http_server_auth.o
         0          0        539          0          0          0   net_http_server_err.o
       640         48          0          1          0        236   net_icmp.o
       812         60          0          1          0        332   net_icmp6.o
      1220         92          4          8          0       1032   net_ip4.o
       706         34          0          4          0        544   net_ip4_frag.o
       876         80         48          4          0        720   net_ip6.o
       388         36         56          4          0        336   net_loopback.o
       592         64          0          0         20        564   net_mem.o
       576         58          8          1          0        268   net_nbns_client.o
      4210        184          0          0         68       1928   net_ndp.o
       220         40         18          0         44        300   net_ping_core.o
       834         84          0          0         92       1012   net_sys.o
      6606        292          0          4          0       2808   net_tcp.o
      1386         84          0          2         28        768   net_udp.o
         0          0          4          0          0          0   net_version.o
        86          0          0          0          0          0   __dczerorl2.o
         0          0          0          0          0          0   entry.o
         0          0          0          0          0          0   entry10a.o
         0          0          0          0          0          0   entry11a.o
         4          0          0          0          0          0   entry12b.o
         8          4          0          0          0          0   entry2.o
         4          0          0          0          0          0   entry5.o
         0          0          0          0          0          0   entry7b.o
         0          0          0          0          0          0   entry8b.o
         8          4          0          0          0          0   entry9a.o
        30          0          0          0          0          0   handlers.o
        36          8          0          0          0         68   init.o
         0          0          0          0          0          0   iusefp.o
        30          0          0          0          0         68   llshl.o
        36          0          0          0          0         68   llsshr.o
        32          0          0          0          0         68   llushr.o
        26          0          0          0          0         80   memcmp.o
        36          0          0          0          0         68   memcpya.o
        36          0          0          0          0        108   memseta.o
      2236         86          0          0          0        532   printfa.o
        28          0          0          0          0         76   strcmp.o
        18          0          0          0          0         68   strcpy.o
        14          0          0          0          0         68   strlen.o
        30          0          0          0          0         80   strncmp.o
        44          0          0          0          0         80   uidiv.o
        98          0          0          0          0         92   uldiv.o
        48          0          0          0          0         68   cdrcmple.o
       334          0          0          0          0        148   dadd.o
       222          0          0          0          0        100   ddiv.o
       186          0          0          0          0        176   depilogue.o
        48          0          0          0          0         68   dfixul.o
       228          0          0          0          0         96   dmul.o
        38          0          0          0          0         68   f2d.o

    ----------------------------------------------------------------------
     46516       3266       1152         48        788      24828   Library Totals
        50          0          3          3          0          0   (incl. Padding)

    ----------------------------------------------------------------------

      Code (inc. data)   RO Data    RW Data    ZI Data      Debug   Library Name

     42522       3164       1149         45        788      22580   Net_Dbg_CM3_L.lib
      2840        102          0          0          0       1524   mc_w.l
      1104          0          0          0          0        724   mf_w.l

    ----------------------------------------------------------------------
     46516       3266       1152         48        788      24828   Library Totals

    ----------------------------------------------------------------------

==============================================================================


      Code (inc. data)   RO Data    RW Data    ZI Data      Debug   

    100664       5222      35928      34688     290708    1301725   Grand Totals
    100664       5222      35928        312     290708    1301725   ELF Image Totals (compressed)
    100664       5222      35928        312          0          0   ROM Totals

==============================================================================

    Total RO  Size (Code + RO Data)               136592 ( 133.39kB)
    Total RW  Size (RW Data + ZI Data)            325396 ( 317.77kB)
    Total ROM Size (Code + RO Data + RW Data)     136904 ( 133.70kB)

==============================================================================

