Component: ARM Compiler 6.16 Tool: armlink [5dfeaa00]

==============================================================================

Section Cross References

    main.o(.text) refers to rtx_kernel.o(.text.osKernelGetState) for osKernelGetState
    main.o(.text) refers to rtx_kernel.o(.text.osKernelGetTickCount) for osKernelGetTickCount
    main.o(.text) refers to system_stm32f7xx.o(.data.SystemCoreClock) for SystemCoreClock
    main.o(.text) refers to main.o(.bss.HAL_GetTick.ticks) for HAL_GetTick.ticks
    main.o(.text) refers to stm32f7xx_hal_cortex.o(.text) for HAL_MPU_Disable
    main.o(.text) refers to stm32f7xx_hal.o(.text) for HAL_Init
    main.o(.text) refers to stm32f7xx_hal_rcc.o(.text) for HAL_RCC_OscConfig
    main.o(.text) refers to stm32f7xx_hal_pwr_ex.o(.text) for HAL_PWREx_EnableOverDrive
    main.o(.text) refers to system_stm32f7xx.o(.text) for SystemCoreClockUpdate
    main.o(.text) refers to rtx_kernel.o(.text.osKernelInitialize) for osKernelInitialize
    main.o(.text) refers to http_server.o(.text) for app_main
    main.o(.text) refers to http_server.o(.rodata.app_main_attr) for app_main_attr
    main.o(.text) refers to rtx_thread.o(.text.osThreadNew) for osThreadNew
    main.o(.text) refers to rtx_kernel.o(.text.osKernelStart) for osKernelStart
    main.o(.ARM.exidx) refers to main.o(.text) for [Anonymous Symbol]
    http_server.o(.text) refers to buttons_746g_discovery.o(.text) for Buttons_GetState
    http_server.o(.text) refers to http_server.o(.bss..L_MergedGlobals) for .L_MergedGlobals
    http_server.o(.text) refers to rtx_thread.o(.text.osThreadFlagsSet) for osThreadFlagsSet
    http_server.o(.text) refers to led_746g_discovery.o(.text) for LED_Initialize
    http_server.o(.text) refers to net_sys.o(i.netInitialize) for netInitialize
    http_server.o(.text) refers to rtx_thread.o(.text.osThreadNew) for osThreadNew
    http_server.o(.text) refers to rtx_thread.o(.text.osThreadExit) for osThreadExit
    http_server.o(.text) refers to rtx_delay.o(.text.osDelay) for osDelay
    http_server.o(.text) refers to glcd_746g_discovery.o(.text) for GLCD_Initialize
    http_server.o(.text) refers to glcd_fonts.o(.rodata.GLCD_Font_16x24) for GLCD_Font_16x24
    http_server.o(.text) refers to net_sys.o(i.netIF_GetOption) for netIF_GetOption
    http_server.o(.text) refers to net_addr.o(i.netIP_ntoa) for netIP_ntoa
    http_server.o(.text) refers to printfa.o(i.__0sprintf) for __2sprintf
    http_server.o(.text) refers to strcpy.o(.text) for strcpy
    http_server.o(.text) refers to rtx_thread.o(.text.osThreadFlagsWait) for osThreadFlagsWait
    http_server.o(.ARM.exidx) refers to http_server.o(.text) for [Anonymous Symbol]
    http_server.o(.rodata.app_main_attr) refers to http_server.o(.bss.app_main_stk) for app_main_stk
    http_server_cgi.o(.text) refers to http_server_cgi.o(.bss..L_MergedGlobals) for .L_MergedGlobals
    http_server_cgi.o(.text) refers to net_http_server.o(i.netCGI_GetEnvVar) for netCGI_GetEnvVar
    http_server_cgi.o(.text) refers to net_addr.o(i.netIP_aton) for netIP_aton
    http_server_cgi.o(.text) refers to net_sys.o(i.netIF_SetOption) for netIF_SetOption
    http_server_cgi.o(.text) refers to http_server.o(.bss..L_MergedGlobals) for LEDrun
    http_server_cgi.o(.text) refers to memcmp.o(.text) for memcmp
    http_server_cgi.o(.text) refers to http_server.o(.data.lcd_text) for lcd_text
    http_server_cgi.o(.text) refers to net_http_server.o(i.netHTTPs_LoginActive) for netHTTPs_LoginActive
    http_server_cgi.o(.text) refers to strcpy.o(.text) for strcpy
    http_server_cgi.o(.text) refers to strcmp.o(.text) for strcmp
    http_server_cgi.o(.text) refers to net_http_server.o(i.netHTTPs_SetPassword) for netHTTPs_SetPassword
    http_server_cgi.o(.text) refers to rtx_thread.o(.text.osThreadFlagsSet) for osThreadFlagsSet
    http_server_cgi.o(.text) refers to led_746g_discovery.o(.text) for LED_SetOut
    http_server_cgi.o(.text) refers to http_server_cgi.o(.rodata.str1.1) for .L.str.13
    http_server_cgi.o(.text) refers to printfa.o(i.__0sprintf) for __2sprintf
    http_server_cgi.o(.text) refers to net_tcp.o(i.netTCP_GetState) for netTCP_GetState
    http_server_cgi.o(.text) refers to memcpya.o(.text) for __aeabi_memcpy
    http_server_cgi.o(.text) refers to net_tcp.o(i.netTCP_GetLocalPort) for netTCP_GetLocalPort
    http_server_cgi.o(.text) refers to net_tcp.o(i.netTCP_GetPeer) for netTCP_GetPeer
    http_server_cgi.o(.text) refers to net_addr.o(i.netIP_ntoa) for netIP_ntoa
    http_server_cgi.o(.text) refers to net_tcp.o(i.netTCP_GetTimer) for netTCP_GetTimer
    http_server_cgi.o(.text) refers to http_server.o(.text) for AD_in
    http_server_cgi.o(.text) refers to net_http_server.o(i.netHTTPs_GetLanguage) for netHTTPs_GetLanguage
    http_server_cgi.o(.text) refers to strncmp.o(.text) for strncmp
[...]
    net_ndp_cache_init                       0x080103e9   Thumb Code    70  net_ndp.o(i.net_ndp_cache_init)
    net_ndp_cache_refresh                    0x08010435   Thumb Code    74  net_ndp.o(i.net_ndp_cache_refresh)
    net_ndp_cache_run                        0x08010481   Thumb Code    22  net_ndp.o(i.net_ndp_cache_run)
    net_ndp_enqueue                          0x0801049d   Thumb Code    96  net_ndp.o(i.net_ndp_enqueue)
    net_ndp_process                          0x080104fd   Thumb Code   604  net_ndp.o(i.net_ndp_process)
    net_path                                 0x0801075d   Thumb Code    52  net_sys.o(i.net_path)
    net_ping_client_init                     0x08010795   Thumb Code    10  net_ping_core.o(i.net_ping_client_init)
    net_ping_client_run                      0x080107a5   Thumb Code    56  net_ping_core.o(i.net_ping_client_run)
    net_rand32                               0x080107e5   Thumb Code    18  net_sys.o(i.net_rand32)
    net_strcasecmp                           0x08010801   Thumb Code    46  net_common.o(i.net_strcasecmp)
    net_strchr                               0x0801082f   Thumb Code    22  net_common.o(i.net_strchr)
    net_strcmp                               0x08010845   Thumb Code    26  net_common.o(i.net_strcmp)
    net_strcpy                               0x0801085f   Thumb Code    18  net_common.o(i.net_strcpy)
    net_strnchr                              0x08010871   Thumb Code    28  net_common.o(i.net_strnchr)
    net_strncpy                              0x0801088d   Thumb Code    26  net_common.o(i.net_strncpy)
    net_strtoupper                           0x080108a7   Thumb Code    32  net_common.o(i.net_strtoupper)
    net_sys_lock                             0x080108c9   Thumb Code     8  net_sys.o(i.net_sys_lock)
    net_sys_resume                           0x080108d5   Thumb Code    22  net_sys.o(i.net_sys_resume)
    net_sys_tick                             0x080108ed   Thumb Code    16  net_sys.o(i.net_sys_tick)
    net_sys_unlock                           0x08010901   Thumb Code     8  net_sys.o(i.net_sys_unlock)
    net_sys_wakeup                           0x0801090d   Thumb Code    26  net_sys.o(i.net_sys_wakeup)
    net_tcp_abort                            0x0801092d   Thumb Code    88  net_tcp.o(i.net_tcp_abort)
    net_tcp_close                            0x08010989   Thumb Code   166  net_tcp.o(i.net_tcp_close)
    net_tcp_get_buf                          0x08010a35   Thumb Code    30  net_tcp.o(i.net_tcp_get_buf)
    net_tcp_get_local_port                   0x08010a55   Thumb Code    48  net_tcp.o(i.net_tcp_get_local_port)
    net_tcp_get_mss                          0x08010a89   Thumb Code    34  net_tcp.o(i.net_tcp_get_mss)
    net_tcp_get_peer                         0x08010ab1   Thumb Code    80  net_tcp.o(i.net_tcp_get_peer)
    net_tcp_get_socket                       0x08010b05   Thumb Code    64  net_tcp.o(i.net_tcp_get_socket)
    net_tcp_get_state                        0x08010b49   Thumb Code    40  net_tcp.o(i.net_tcp_get_state)
    net_tcp_get_timer                        0x08010b75   Thumb Code    48  net_tcp.o(i.net_tcp_get_timer)
    net_tcp_listen                           0x08010ba9   Thumb Code   120  net_tcp.o(i.net_tcp_listen)
    net_tcp_process                          0x08010c25   Thumb Code  1312  net_tcp.o(i.net_tcp_process)
    net_tcp_send                             0x08011145   Thumb Code   222  net_tcp.o(i.net_tcp_send)
    net_tcp_set_option                       0x0801122d   Thumb Code   158  net_tcp.o(i.net_tcp_set_option)
    net_tcp_socket_init                      0x080112d1   Thumb Code    14  net_tcp.o(i.net_tcp_socket_init)
    net_tcp_socket_run                       0x080112e5   Thumb Code   762  net_tcp.o(i.net_tcp_socket_run)
    net_udp_enable_lla                       0x080115ed   Thumb Code    34  net_udp.o(i.net_udp_enable_lla)
    net_udp_get_buf                          0x08011615   Thumb Code    30  net_udp.o(i.net_udp_get_buf)
    net_udp_get_socket                       0x08011635   Thumb Code    66  net_udp.o(i.net_udp_get_socket)
    net_udp_open                             0x0801167d   Thumb Code   100  net_udp.o(i.net_udp_open)
    net_udp_process                          0x080116e9   Thumb Code   258  net_udp.o(i.net_udp_process)
    net_udp_send_if                          0x080117f9   Thumb Code   430  net_udp.o(i.net_udp_send_if)
    net_udp_socket_init                      0x080119b1   Thumb Code    12  net_udp.o(i.net_udp_socket_init)
    net_ultoa                                0x080119c1   Thumb Code     8  net_common.o(i.net_ultoa)
    net_ultox                                0x080119c9   Thumb Code    44  net_common.o(i.net_ultox)
    net_xtoul                                0x080119f9   Thumb Code    76  net_common.o(i.net_xtoul)
    net_loop_if_config                       0x080126f8   Data          44  net_loopback.o(.constdata)
    net_http_auth_basic_func                 0x08012844   Data          24  net_http_server_auth.o(.constdata)
    net_ping_payload                         0x0801285c   Data          18  net_ping_core.o(.constdata)
    net_addr_unspec                          0x0801286e   Data          16  net_addr.o(.constdata)
    net_addr_bcast                           0x0801287e   Data           6  net_addr.o(.constdata)
    net_addr4_loopback                       0x08012884   Data           4  net_ip4.o(.constdata)
    net_addr6_all_nodes                      0x08012888   Data          16  net_ip6.o(.constdata)
    net_addr6_loopback                       0x08012898   Data          16  net_ip6.o(.constdata)
    net_addr6_all_routers                    0x080128a8   Data          16  net_ip6.o(.constdata)
    net_http_error                           0x080128b8   Data          24  net_http_server_err.o(.constdata)
    net_lib_version                          0x08012970   Data           4  net_version.o(.constdata)
    network_ip4ip6_release_v7.15.0           0x08012970   Data           4  net_version.o(.constdata)
    osRtxConfig                              0x08012b78   Data         112  rtx_lib.o(.rodata)
    os_cb_sections                           0x08012be8   Data          56  rtx_lib.o(.rodata)
    AHBPrescTable                            0x08012c20   Data          16  system_stm32f7xx.o(.rodata.AHBPrescTable)
    APBPrescTable                            0x08012c30   Data           8  system_stm32f7xx.o(.rodata.APBPrescTable)
    Driver_ETH_MAC0                          0x08012c38   Data          68  emac_stm32f7xx.o(.rodata.Driver_ETH_MAC0)
    Driver_ETH_PHY0                          0x08012c7c   Data          32  phy_lan8742a.o(.rodata.Driver_ETH_PHY0)
    GLCD_Font_16x24                          0x0801419c   Data          16  glcd_fonts.o(.rodata.GLCD_Font_16x24)
    app_main_attr                            0x080141ac   Data          36  http_server.o(.rodata.app_main_attr)
    imageLastModified                        0x0801a990   Data           4  web.o(.rodata.imageLastModified)
    net_arp_list                             0x0801a9a4   Data           8  net_config.o(.rodata.net_arp_list)
    net_dhcp6_list                           0x0801a9ac   Data           8  net_config.o(.rodata.net_dhcp6_list)
    net_dhcp_list                            0x0801a9b4   Data           8  net_config.o(.rodata.net_dhcp_list)
    net_eth0_if_config                       0x0801a9bc   Data          44  net_config.o(.rodata.net_eth0_if_config)
    net_eth_list                             0x0801a9e8   Data           8  net_config.o(.rodata.net_eth_list)
    net_http_config                          0x0801a9f0   Data          52  net_config.o(.rodata.net_http_config)
    net_icmp6_list                           0x0801aa24   Data           8  net_config.o(.rodata.net_icmp6_list)
    net_icmp_list                            0x0801aa2c   Data           8  net_config.o(.rodata.net_icmp_list)
    net_if_inet_def                          0x0801aa34   Data           8  net_config.o(.rodata.net_if_inet_def)
    net_if_link_def                          0x0801aa3c   Data           8  net_config.o(.rodata.net_if_link_def)
    net_if_list_all                          0x0801aa44   Data           8  net_config.o(.rodata.net_if_list_all)
    net_ip4_frag_config                      0x0801aa4c   Data           8  net_config.o(.rodata.net_ip4_frag_config)
    net_ndp_list                             0x0801aa64   Data           8  net_config.o(.rodata.net_ndp_list)
    net_sys_config                           0x0801aa6c   Data          28  net_config.o(.rodata.net_sys_config)
    net_tcp_config                           0x0801aa88   Data          24  net_config.o(.rodata.net_tcp_config)
    net_udp_config                           0x0801aad4   Data          12  net_config.o(.rodata.net_udp_config)
    netif_getopt_func                        0x0801aae0   Data          16  net_config.o(.rodata.netif_getopt_func)
    netif_setopt_func                        0x0801aaf0   Data          16  net_config.o(.rodata.netif_setopt_func)
    osRtxUserSVC                             0x0801ab00   Data           4  rtx_lib.o(.rodata.osRtxUserSVC)
    Region$$Table$$Base                      0x0801adc4   Number         0  anon$$obj.o(Region$$Table)
    Region$$Table$$Limit                     0x0801ade4   Number         0  anon$$obj.o(Region$$Table)
    net_eth0_icmp_control                    0x20010008   Data           1  net_icmp.o(.data)
    net_eth0_icmp6_control                   0x20010009   Data           1  net_icmp6.o(.data)
    uwTickFreq                               0x20010030   Data           1  stm32f7xx_hal.o(.data..L_MergedGlobals)
    uwTickPrio                               0x20010034   Data           4  stm32f7xx_hal.o(.data..L_MergedGlobals)
    SystemCoreClock                          0x20010038   Data           4  system_stm32f7xx.o(.data.SystemCoreClock)
    lcd_text                                 0x2001003e   Data          42  http_server.o(.data.lcd_text)
    osRtxInfo                                0x20010068   Data         164  rtx_kernel.o(.data.os)
    net_eth0_if_control                      0x20010110   Data         160  net_eth.o(.bss)
    net_eth0_arp_control                     0x200101b0   Data          24  net_arp.o(.bss)
    net_eth0_ndp_control                     0x200101c8   Data          68  net_ndp.o(.bss)
    net_eth0_dhcp_control                    0x20010228   Data          40  net_dhcp_client.o(.bss)
    net_eth0_dhcp6_control                   0x20010250   Data          68  net_dhcp6_client.o(.bss)
    net_http_control                         0x20010318   Data          20  net_http_server.o(.bss)
    net_ping_control                         0x2001032c   Data          44  net_ping_core.o(.bss)
    net_sys_control                          0x20010368   Data          28  net_sys.o(.bss)
    LEDrun                                   0x20010400   Data           1  http_server.o(.bss..L_MergedGlobals)
    counter                                  0x20010404   Data           4  http_server.o(.bss..L_MergedGlobals)
    TID_Display                              0x20010408   Data           4  http_server.o(.bss..L_MergedGlobals)
    TID_Led                                  0x2001040c   Data           4  http_server.o(.bss..L_MergedGlobals)
    sdramHandle                              0x200104d0   Data          52  stm32746g_discovery_sdram.o(.bss..L_MergedGlobals)
    app_main_stk                             0x20010698   Data        1024  http_server.o(.bss.app_main_stk)
    .bss.os.msgqueue.cb$$Base                0x2001c52c   Number         0  rtx_lib.o(.bss.os.msgqueue.cb)
    .bss.os.msgqueue.cb$$Limit               0x2001c560   Number         0  rtx_lib.o(.bss.os.msgqueue.cb)
    .bss.os.mutex.cb$$Base                   0x2001c5b0   Number         0  net_config.o(.bss.os.mutex.cb)
    .bss.os.mutex.cb$$Limit                  0x2001c5e8   Number         0  net_config.o(.bss.os.mutex.cb)
    .bss.os.semaphore.cb$$Base               0x2001c5e8   Number         0  net_config.o(.bss.os.semaphore.cb)
    .bss.os.semaphore.cb$$Limit              0x2001c5f8   Number         0  net_config.o(.bss.os.semaphore.cb)
    .bss.os.thread.cb$$Base                  0x2001c5f8   Number         0  rtx_lib.o(.bss.os.thread.cb)
    .bss.os.thread.cb$$Limit                 0x2001c708   Number         0  net_config.o(.bss.os.thread.cb)
    .bss.os.timer.cb$$Base                   0x2001cb08   Number         0  net_config.o(.bss.os.timer.cb)
    .bss.os.timer.cb$$Limit                  0x2001cb28   Number         0  net_config.o(.bss.os.timer.cb)
    uwTick                                   0x2001cda0   Data           4  stm32f7xx_hal.o(.bss.uwTick)
    __initial_sp                             0x2001d1a8   Data           0  startup_stm32f746xx.o(STACK)



==============================================================================

Memory Map of the image

  Image Entry point : 0x080001c9

  Load Region LR_IROM1 (Base: 0x08000000, Size: 0x0001aef8, Max: 0x00100000, ABSOLUTE)

    Execution Region ER_IROM1 (Exec base: 0x08000000, Load base: 0x08000000, Size: 0x0001ade4, Max: 0x00100000, ABSOLUTE)

    Exec Addr    Load Addr    Size         Type   Attr      Idx    E Section Name        Object

    0x08000000   0x08000000   0x000001c8   Data   RO          275    RESET               startup_stm32f746xx.o
    0x080001c8   0x080001c8   0x00000000   Code   RO         1910  * .ARM.Collect$$$$00000000  mc_w.l(entry.o)
    0x080001c8   0x080001c8   0x00000004   Code   RO         2196    .ARM.Collect$$$$00000001  mc_w.l(entry2.o)
    0x080001cc   0x080001cc   0x00000004   Code   RO         2199    .ARM.Collect$$$$00000004  mc_w.l(entry5.o)
    0x080001d0   0x080001d0   0x00000000   Code   RO         2201    .ARM.Collect$$$$00000008  mc_w.l(entry7b.o)
    0x080001d0   0x080001d0   0x00000000   Code   RO         2203    .ARM.Collect$$$$0000000A  mc_w.l(entry8b.o)
    0x080001d0   0x080001d0   0x00000008   Code   RO         2204    .ARM.Collect$$$$0000000B  mc_w.l(entry9a.o)
    0x080001d8   0x080001d8   0x00000000   Code   RO         2206    .ARM.Collect$$$$0000000D  mc_w.l(entry10a.o)
    0x080001d8   0x080001d8   0x00000000   Code   RO         2208    .ARM.Collect$$$$0000000F  mc_w.l(entry11a.o)
    0x080001d8   0x080001d8   0x00000004   Code   RO         2197    .ARM.Collect$$$$00002712  mc_w.l(entry2.o)
    0x080001dc   0x080001dc   0x00000004   PAD
    0x080001e0   0x080001e0   0x000002da   Code   RO            1    .text               main.o
    0x080004ba   0x080004ba   0x00000006   PAD
    0x080004c0   0x080004c0   0x00000218   Code   RO           11    .text               http_server.o
    0x080006d8   0x080006d8   0x00000878   Code   RO           23    .text               http_server_cgi.o
    0x08000f50   0x08000f50   0x0000028c   Code   RO           33    .text               web.o
    0x080011dc   0x080011dc   0x00000004   PAD
    0x080011e0   0x080011e0   0x0000040e   Code   RO           45    .text               stm32746g_discovery_sdram.o
    0x080015ee   0x080015ee   0x00000002   PAD
    0x080015f0   0x080015f0   0x0000007c   Code   RO           57    .text               buttons_746g_discovery.o
    0x0800166c   0x0800166c   0x00000004   PAD
    0x08001670   0x08001670   0x00000ba2   Code   RO           65    .text               glcd_746g_discovery.o
    0x08002212   0x08002212   0x00000006   PAD
    0x08002218   0x08002218   0x000000bc   Code   RO           87    .text               led_746g_discovery.o
    0x080022d4   0x080022d4   0x00000004   PAD
    0x080022d8   0x080022d8   0x0000000a   Code   RO          112    .text               rtx_config.o
    0x080022e2   0x080022e2   0x00000006   PAD
    0x080022e8   0x080022e8   0x00000206   Code   RO          119    .text               phy_lan8742a.o
    0x080024ee   0x080024ee   0x00000002   PAD
    0x080024f0   0x080024f0   0x00001134   Code   RO          129    .text               emac_stm32f7xx.o
    0x08003624   0x08003624   0x00000004   PAD
    0x08003628   0x08003628   0x000002d2   Code   RO          142    .text               stm32f7xx_hal.o
    0x080038fa   0x080038fa   0x00000006   PAD
    0x08003900   0x08003900   0x000002ea   Code   RO          169    .text               stm32f7xx_hal_cortex.o
    0x08003bea   0x08003bea   0x00000006   PAD
    0x08003bf0   0x08003bf0   0x000008ac   Code   RO          178    .text               stm32f7xx_hal_dma.o
    0x0800449c   0x0800449c   0x00000004   PAD
    0x080044a0   0x080044a0   0x000003fa   Code   RO          197    .text               stm32f7xx_hal_gpio.o
    0x0800489a   0x0800489a   0x00000006   PAD
    0x080048a0   0x080048a0   0x00000d2e   Code   RO          206    .text               stm32f7xx_hal_ltdc.o
    0x080055ce   0x080055ce   0x00000002   PAD
    0x080055d0   0x080055d0   0x00000358   Code   RO          224    .text               stm32f7xx_hal_pwr_ex.o
    0x08005928   0x08005928   0x0000096a   Code   RO          232    .text               stm32f7xx_hal_rcc.o
    0x08006292   0x08006292   0x00000006   PAD
    0x08006298   0x08006298   0x000008e0   Code   RO          241    .text               stm32f7xx_hal_rcc_ex.o
    0x08006b78   0x08006b78   0x000005fe   Code   RO          249    .text               stm32f7xx_hal_sdram.o
    0x08007176   0x08007176   0x00000002   PAD
    0x08007178   0x08007178   0x000004ee   Code   RO          265    .text               stm32f7xx_ll_fmc.o
    0x08007666   0x08007666   0x00000002   PAD
    0x08007668   0x08007668   0x00000024   Code   RO          276    .text               startup_stm32f746xx.o
    0x0800768c   0x0800768c   0x00000004   PAD
    0x08007690   0x08007690   0x000000d4   Code   RO          282    .text               system_stm32f7xx.o
    0x08007764   0x08007764   0x00000004   PAD
    0x08007768   0x08007768   0x00000284   Code   RO          293    .text               net_config.o
    0x080079ec   0x080079ec   0x000000c8   Code   RO          705    .text               RTX_CM4F.lib(irq_armv7m.o)
    0x08007ab4   0x08007ab4   0x00000062   Code   RO         1913    .text               mc_w.l(uldiv.o)
    0x08007b16   0x08007b16   0x00000024   Code   RO         1915    .text               mc_w.l(memcpya.o)
    0x08007b3a   0x08007b3a   0x00000024   Code   RO         1917    .text               mc_w.l(memseta.o)
    0x08007b5e   0x08007b5e   0x0000000e   Code   RO         1919    .text               mc_w.l(strlen.o)
    0x08007b6c   0x08007b6c   0x0000001c   Code   RO         1921    .text               mc_w.l(strcmp.o)
    0x08007b88   0x08007b88   0x0000001a   Code   RO         1923    .text               mc_w.l(memcmp.o)
    0x08007ba2   0x08007ba2   0x00000012   Code   RO         1925    .text               mc_w.l(strcpy.o)
    0x08007bb4   0x08007bb4   0x0000001e   Code   RO         1927    .text               mc_w.l(strncmp.o)
    0x08007bd2   0x08007bd2   0x000000e4   Code   RO         2192    .text               mf_w.l(dmul.o)
    0x08007cb6   0x08007cb6   0x00000026   Code   RO         2194    .text               mf_w.l(f2d.o)
    0x08007cdc   0x08007cdc   0x0000002c   Code   RO         2224    .text               mc_w.l(uidiv.o)
    0x08007d08   0x08007d08   0x0000001e   Code   RO         2226    .text               mc_w.l(llshl.o)
    0x08007d26   0x08007d26   0x00000020   Code   RO         2228    .text               mc_w.l(llushr.o)
    0x08007d46   0x08007d46   0x00000000   Code   RO         2230    .text               mc_w.l(iusefp.o)
    0x08007d46   0x08007d46   0x000000ba   Code   RO         2231    .text               mf_w.l(depilogue.o)
    0x08007e00   0x08007e00   0x0000014e   Code   RO         2233    .text               mf_w.l(dadd.o)
    0x08007f4e   0x08007f4e   0x000000de   Code   RO         2235    .text               mf_w.l(ddiv.o)
    0x0800802c   0x0800802c   0x00000030   Code   RO         2237    .text               mf_w.l(dfixul.o)
    0x0800805c   0x0800805c   0x00000030   Code   RO         2239    .text               mf_w.l(cdrcmple.o)
    0x0800808c   0x0800808c   0x00000024   Code   RO         2241    .text               mc_w.l(init.o)
    0x080080b0   0x080080b0   0x00000024   Code   RO         2244    .text               mc_w.l(llsshr.o)
    0x080080d4   0x080080d4   0x00000040   Code   RO         1664    .text.MessageQueueGet  RTX_CM4F.lib(rtx_msgqueue.o)
    0x08008114   0x08008114   0x00000058   Code   RO         1658    .text.MessageQueuePut  RTX_CM4F.lib(rtx_msgqueue.o)
    0x0800816c   0x0800816c   0x0000001c   Code   RO         1656    .text.MessageQueueRemove  RTX_CM4F.lib(rtx_msgqueue.o)
    0x08008188   0x08008188   0x00000008   Code   RO         1702    .text.OS_Tick_AcknowledgeIRQ  RTX_CM4F.lib(os_systick.o)
    0x08008190   0x08008190   0x00000024   Code   RO         1698    .text.OS_Tick_Enable  RTX_CM4F.lib(os_systick.o)
    0x080081b4   0x080081b4   0x00000006   Code   RO         1704    .text.OS_Tick_GetIRQn  RTX_CM4F.lib(os_systick.o)
    0x080081ba   0x080081ba   0x00000002   PAD
    0x080081bc   0x080081bc   0x00000040   Code   RO         1696    .text.OS_Tick_Setup  RTX_CM4F.lib(os_systick.o)
    0x080081fc   0x080081fc   0x0000000c   Code   RO          416    .text.OUTLINED_FUNCTION_0  RTX_CM4F.lib(rtx_kernel.o)
    0x08008208   0x08008208   0x00000006   Code   RO          558    .text.OUTLINED_FUNCTION_0  RTX_CM4F.lib(rtx_thread.o)
    0x0800820e   0x0800820e   0x0000000c   Code   RO         1672    .text.OUTLINED_FUNCTION_0  RTX_CM4F.lib(rtx_msgqueue.o)
    0x0800821a   0x0800821a   0x00000006   Code   RO          418    .text.OUTLINED_FUNCTION_1  RTX_CM4F.lib(rtx_kernel.o)
    0x08008220   0x08008220   0x00000006   Code   RO          560    .text.OUTLINED_FUNCTION_1  RTX_CM4F.lib(rtx_thread.o)
    0x08008226   0x08008226   0x00000014   Code   RO          562    .text.OUTLINED_FUNCTION_2  RTX_CM4F.lib(rtx_thread.o)
    0x0800823a   0x0800823a   0x00000008   Code   RO          564    .text.OUTLINED_FUNCTION_3  RTX_CM4F.lib(rtx_thread.o)
    0x08008242   0x08008242   0x0000002e   Code   RO          692    .text.SemaphoreTokenIncrement  RTX_CM4F.lib(rtx_semaphore.o)
    0x08008270   0x08008270   0x00000064   Code   RO          510    .text.ThreadFlagsCheck  RTX_CM4F.lib(rtx_thread.o)
    0x080082d4   0x080082d4   0x00000044   Code   RO          610    .text.TimerInsert   RTX_CM4F.lib(rtx_timer.o)
    0x08008318   0x08008318   0x00000024   Code   RO          618    .text.TimerRemove   RTX_CM4F.lib(rtx_timer.o)
    0x0800833c   0x0800833c   0x00000024   Code   RO          576    .text.osDelay       RTX_CM4F.lib(rtx_delay.o)
    0x08008360   0x08008360   0x0000002c   Code   RO          368    .text.osKernelGetState  RTX_CM4F.lib(rtx_kernel.o)
    0x0800838c   0x0800838c   0x00000028   Code   RO          384    .text.osKernelGetTickCount  RTX_CM4F.lib(rtx_kernel.o)
    0x080083b4   0x080083b4   0x00000028   Code   RO          388    .text.osKernelGetTickFreq  RTX_CM4F.lib(rtx_kernel.o)
    0x080083dc   0x080083dc   0x0000002c   Code   RO          362    .text.osKernelInitialize  RTX_CM4F.lib(rtx_kernel.o)
    0x08008408   0x08008408   0x00000024   Code   RO          372    .text.osKernelStart  RTX_CM4F.lib(rtx_kernel.o)
    0x0800842c   0x0800842c   0x00000070   Code   RO         1632    .text.osMessageQueueGet  RTX_CM4F.lib(rtx_msgqueue.o)
    0x0800849c   0x0800849c   0x00000080   Code   RO         1630    .text.osMessageQueuePut  RTX_CM4F.lib(rtx_msgqueue.o)
    0x0800851c   0x0800851c   0x00000024   Code   RO          642    .text.osMutexAcquire  RTX_CM4F.lib(rtx_mutex.o)
    0x08008540   0x08008540   0x00000024   Code   RO          648    .text.osMutexDelete  RTX_CM4F.lib(rtx_mutex.o)
    0x08008564   0x08008564   0x00000024   Code   RO          638    .text.osMutexNew    RTX_CM4F.lib(rtx_mutex.o)
    0x08008588   0x08008588   0x00000024   Code   RO          644    .text.osMutexRelease  RTX_CM4F.lib(rtx_mutex.o)
    0x080085ac   0x080085ac   0x00000004   Code   RO          360    .text.osRtxKernelErrorNotify  RTX_CM4F.lib(rtx_kernel.o)
    0x080085b0   0x080085b0   0x00000002   Code   RO          358    .text.osRtxKernelPreInit  RTX_CM4F.lib(rtx_kernel.o)
    0x080085b2   0x080085b2   0x0000006c   Code   RO         1558    .text.osRtxMemoryAlloc  RTX_CM4F.lib(rtx_memory.o)
    0x0800861e   0x0800861e   0x00000042   Code   RO         1560    .text.osRtxMemoryFree  RTX_CM4F.lib(rtx_memory.o)
    0x08008660   0x08008660   0x00000036   Code   RO         1556    .text.osRtxMemoryInit  RTX_CM4F.lib(rtx_memory.o)
    0x08008696   0x08008696   0x0000003a   Code   RO         1572    .text.osRtxMemoryPoolAlloc  RTX_CM4F.lib(rtx_mempool.o)
    0x080086d0   0x080086d0   0x0000004a   Code   RO         1574    .text.osRtxMemoryPoolFree  RTX_CM4F.lib(rtx_mempool.o)
    0x0800871a   0x0800871a   0x00000038   Code   RO         1570    .text.osRtxMemoryPoolInit  RTX_CM4F.lib(rtx_mempool.o)
    0x08008752   0x08008752   0x000000aa   Code   RO         1654    .text.osRtxMessageQueuePostProcess  RTX_CM4F.lib(rtx_msgqueue.o)
    0x080087fc   0x080087fc   0x00000024   Code   RO         1622    .text.osRtxMessageQueueTimerSetup  RTX_CM4F.lib(rtx_msgqueue.o)
    0x08008820   0x08008820   0x00000048   Code   RO          634    .text.osRtxMutexOwnerRelease  RTX_CM4F.lib(rtx_mutex.o)
    0x08008868   0x08008868   0x00000042   Code   RO          636    .text.osRtxMutexOwnerRestore  RTX_CM4F.lib(rtx_mutex.o)
    0x080088aa   0x080088aa   0x00000002   PAD
    0x080088ac   0x080088ac   0x00000088   Code   RO         1684    .text.osRtxPendSV_Handler  RTX_CM4F.lib(rtx_system.o)
    0x08008934   0x08008934   0x00000070   Code   RO         1686    .text.osRtxPostProcess  RTX_CM4F.lib(rtx_system.o)
    0x080089a4   0x080089a4   0x00000036   Code   RO          686    .text.osRtxSemaphorePostProcess  RTX_CM4F.lib(rtx_semaphore.o)
    0x080089da   0x080089da   0x00000002   PAD
    0x080089dc   0x080089dc   0x00000034   Code   RO          450    .text.osRtxThreadBlock  RTX_CM4F.lib(rtx_thread.o)
    0x08008a10   0x08008a10   0x0000007c   Code   RO          458    .text.osRtxThreadDelayInsert  RTX_CM4F.lib(rtx_thread.o)
    0x08008a8c   0x08008a8c   0x0000003c   Code   RO          454    .text.osRtxThreadDelayRemove  RTX_CM4F.lib(rtx_thread.o)
    0x08008ac8   0x08008ac8   0x00000048   Code   RO          440    .text.osRtxThreadDelayTick  RTX_CM4F.lib(rtx_thread.o)
    0x08008b10   0x08008b10   0x00000020   Code   RO          542    .text.osRtxThreadDestroy  RTX_CM4F.lib(rtx_thread.o)
    0x08008b30   0x08008b30   0x00000050   Code   RO          448    .text.osRtxThreadDispatch  RTX_CM4F.lib(rtx_thread.o)
    0x08008b80   0x08008b80   0x00000058   Code   RO          534    .text.osRtxThreadFree  RTX_CM4F.lib(rtx_thread.o)
    0x08008bd8   0x08008bd8   0x0000001e   Code   RO          540    .text.osRtxThreadJoinWakeup  RTX_CM4F.lib(rtx_thread.o)
    0x08008bf6   0x08008bf6   0x00000012   Code   RO          432    .text.osRtxThreadListGet  RTX_CM4F.lib(rtx_thread.o)
    0x08008c08   0x08008c08   0x0000002c   Code   RO          430    .text.osRtxThreadListPut  RTX_CM4F.lib(rtx_thread.o)
    0x08008c34   0x08008c34   0x00000014   Code   RO          436    .text.osRtxThreadListRemove  RTX_CM4F.lib(rtx_thread.o)
    0x08008c48   0x08008c48   0x0000000c   Code   RO          442    .text.osRtxThreadListRoot  RTX_CM4F.lib(rtx_thread.o)
    0x08008c54   0x08008c54   0x00000026   Code   RO          434    .text.osRtxThreadListSort  RTX_CM4F.lib(rtx_thread.o)
    0x08008c7a   0x08008c7a   0x00000028   Code   RO          508    .text.osRtxThreadPostProcess  RTX_CM4F.lib(rtx_thread.o)
    0x08008ca2   0x08008ca2   0x00000002   PAD
    0x08008ca4   0x08008ca4   0x00000010   Code   RO          438    .text.osRtxThreadReadyPut  RTX_CM4F.lib(rtx_thread.o)
    0x08008cb4   0x08008cb4   0x00000014   Code   RO          444    .text.osRtxThreadRegPtr  RTX_CM4F.lib(rtx_thread.o)
    0x08008cc8   0x08008cc8   0x00000038   Code   RO          460    .text.osRtxThreadStartup  RTX_CM4F.lib(rtx_thread.o)
    0x08008d00   0x08008d00   0x00000010   Code   RO          446    .text.osRtxThreadSwitch  RTX_CM4F.lib(rtx_thread.o)
    0x08008d10   0x08008d10   0x0000003c   Code   RO          456    .text.osRtxThreadWaitEnter  RTX_CM4F.lib(rtx_thread.o)
    0x08008d4c   0x08008d4c   0x00000030   Code   RO          452    .text.osRtxThreadWaitExit  RTX_CM4F.lib(rtx_thread.o)
    0x08008d7c   0x08008d7c   0x00000078   Code   RO         1682    .text.osRtxTick_Handler  RTX_CM4F.lib(rtx_system.o)
    0x08008df4   0x08008df4   0x00000020   Code   RO          592    .text.osRtxTimerSetup  RTX_CM4F.lib(rtx_timer.o)
    0x08008e14   0x08008e14   0x00000020   Code   RO          596    .text.osRtxTimerThread  RTX_CM4F.lib(rtx_timer.o)
    0x08008e34   0x08008e34   0x00000070   Code   RO          594    .text.osRtxTimerTick  RTX_CM4F.lib(rtx_timer.o)
    0x08008ea4   0x08008ea4   0x00000054   Code   RO          674    .text.osSemaphoreAcquire  RTX_CM4F.lib(rtx_semaphore.o)
    0x08008ef8   0x08008ef8   0x00000024   Code   RO          682    .text.osSemaphoreDelete  RTX_CM4F.lib(rtx_semaphore.o)
    0x08008f1c   0x08008f1c   0x00000024   Code   RO          670    .text.osSemaphoreNew  RTX_CM4F.lib(rtx_semaphore.o)
    0x08008f40   0x08008f40   0x0000004c   Code   RO          676    .text.osSemaphoreRelease  RTX_CM4F.lib(rtx_semaphore.o)
    0x08008f8c   0x08008f8c   0x0000000c   Code   RO          492    .text.osThreadExit  RTX_CM4F.lib(rtx_thread.o)
    0x08008f98   0x08008f98   0x00000024   Code   RO          502    .text.osThreadFlagsClear  RTX_CM4F.lib(rtx_thread.o)
    0x08008fbc   0x08008fbc   0x00000058   Code   RO          500    .text.osThreadFlagsSet  RTX_CM4F.lib(rtx_thread.o)
    0x08009014   0x08009014   0x00000024   Code   RO          506    .text.osThreadFlagsWait  RTX_CM4F.lib(rtx_thread.o)
    0x08009038   0x08009038   0x00000028   Code   RO          468    .text.osThreadGetId  RTX_CM4F.lib(rtx_thread.o)
    0x08009060   0x08009060   0x00000024   Code   RO          464    .text.osThreadNew   RTX_CM4F.lib(rtx_thread.o)
    0x08009084   0x08009084   0x00000024   Code   RO          494    .text.osThreadTerminate  RTX_CM4F.lib(rtx_thread.o)
    0x080090a8   0x080090a8   0x00000024   Code   RO          482    .text.osThreadYield  RTX_CM4F.lib(rtx_thread.o)
    0x080090cc   0x080090cc   0x00000024   Code   RO          608    .text.osTimerDelete  RTX_CM4F.lib(rtx_timer.o)
    0x080090f0   0x080090f0   0x00000024   Code   RO          598    .text.osTimerNew    RTX_CM4F.lib(rtx_timer.o)
    0x08009114   0x08009114   0x00000024   Code   RO          602    .text.osTimerStart  RTX_CM4F.lib(rtx_timer.o)
    0x08009138   0x08009138   0x00000016   Code   RO          580    .text.svcRtxDelay   RTX_CM4F.lib(rtx_delay.o)
    0x0800914e   0x0800914e   0x00000002   PAD
    0x08009150   0x08009150   0x00000008   Code   RO          370    .text.svcRtxKernelGetState  RTX_CM4F.lib(rtx_kernel.o)
    0x08009158   0x08009158   0x0000000c   Code   RO          386    .text.svcRtxKernelGetTickCount  RTX_CM4F.lib(rtx_kernel.o)
    0x08009164   0x08009164   0x00000008   Code   RO          390    .text.svcRtxKernelGetTickFreq  RTX_CM4F.lib(rtx_kernel.o)
    0x0800916c   0x0800916c   0x000000f8   Code   RO          400    .text.svcRtxKernelInitialize  RTX_CM4F.lib(rtx_kernel.o)
    0x08009264   0x08009264   0x00000084   Code   RO          402    .text.svcRtxKernelStart  RTX_CM4F.lib(rtx_kernel.o)
    0x080092e8   0x080092e8   0x000000d8   Code   RO         1666    .text.svcRtxMessageQueueGet  RTX_CM4F.lib(rtx_msgqueue.o)
    0x080093c0   0x080093c0   0x00000118   Code   RO         1624    .text.svcRtxMessageQueueNew  RTX_CM4F.lib(rtx_msgqueue.o)
    0x080094d8   0x080094d8   0x000000b0   Code   RO         1662    .text.svcRtxMessageQueuePut  RTX_CM4F.lib(rtx_msgqueue.o)
    0x08009588   0x08009588   0x00000090   Code   RO          654    .text.svcRtxMutexAcquire  RTX_CM4F.lib(rtx_mutex.o)
    0x08009618   0x08009618   0x000000ac   Code   RO          660    .text.svcRtxMutexDelete  RTX_CM4F.lib(rtx_mutex.o)
    0x080096c4   0x080096c4   0x00000068   Code   RO          650    .text.svcRtxMutexNew  RTX_CM4F.lib(rtx_mutex.o)
    0x0800972c   0x0800972c   0x000000b4   Code   RO          656    .text.svcRtxMutexRelease  RTX_CM4F.lib(rtx_mutex.o)
    0x080097e0   0x080097e0   0x00000054   Code   RO          690    .text.svcRtxSemaphoreAcquire  RTX_CM4F.lib(rtx_semaphore.o)
    0x08009834   0x08009834   0x00000060   Code   RO          696    .text.svcRtxSemaphoreDelete  RTX_CM4F.lib(rtx_semaphore.o)
    0x08009894   0x08009894   0x0000007c   Code   RO          684    .text.svcRtxSemaphoreNew  RTX_CM4F.lib(rtx_semaphore.o)
    0x08009910   0x08009910   0x00000038   Code   RO          694    .text.svcRtxSemaphoreRelease  RTX_CM4F.lib(rtx_semaphore.o)
    0x08009948   0x08009948   0x00000048   Code   RO          538    .text.svcRtxThreadExit  RTX_CM4F.lib(rtx_thread.o)
    0x08009990   0x08009990   0x00000030   Code   RO          552    .text.svcRtxThreadFlagsClear  RTX_CM4F.lib(rtx_thread.o)
    0x080099c0   0x080099c0   0x00000066   Code   RO          550    .text.svcRtxThreadFlagsSet  RTX_CM4F.lib(rtx_thread.o)
    0x08009a26   0x08009a26   0x00000002   PAD
    0x08009a28   0x08009a28   0x00000048   Code   RO          556    .text.svcRtxThreadFlagsWait  RTX_CM4F.lib(rtx_thread.o)
    0x08009a70   0x08009a70   0x0000000c   Code   RO          470    .text.svcRtxThreadGetId  RTX_CM4F.lib(rtx_thread.o)
    0x08009a7c   0x08009a7c   0x000001ec   Code   RO          462    .text.svcRtxThreadNew  RTX_CM4F.lib(rtx_thread.o)
    0x08009c68   0x08009c68   0x00000084   Code   RO          544    .text.svcRtxThreadTerminate  RTX_CM4F.lib(rtx_thread.o)
    0x08009cec   0x08009cec   0x00000038   Code   RO          524    .text.svcRtxThreadYield  RTX_CM4F.lib(rtx_thread.o)
    0x08009d24   0x08009d24   0x0000004c   Code   RO          624    .text.svcRtxTimerDelete  RTX_CM4F.lib(rtx_timer.o)
    0x08009d70   0x08009d70   0x00000078   Code   RO          612    .text.svcRtxTimerNew  RTX_CM4F.lib(rtx_timer.o)
    0x08009de8   0x08009de8   0x00000048   Code   RO          616    .text.svcRtxTimerStart  RTX_CM4F.lib(rtx_timer.o)
    0x08009e30   0x08009e30   0x00000028   Code   RO         2166    i.__0sprintf        mc_w.l(printfa.o)
    0x08009e58   0x08009e58   0x0000000e   Code   RO         2248    i.__scatterload_copy  mc_w.l(handlers.o)
    0x08009e66   0x08009e66   0x00000002   Code   RO         2249    i.__scatterload_null  mc_w.l(handlers.o)
    0x08009e68   0x08009e68   0x0000000e   Code   RO         2250    i.__scatterload_zeroinit  mc_w.l(handlers.o)
    0x08009e76   0x08009e76   0x00000002   PAD
    0x08009e78   0x08009e78   0x00000184   Code   RO         2171    i._fp_digits        mc_w.l(printfa.o)
    0x08009ffc   0x08009ffc   0x000006dc   Code   RO         2172    i._printf_core      mc_w.l(printfa.o)
    0x0800a6d8   0x0800a6d8   0x00000024   Code   RO         2173    i._printf_post_padding  mc_w.l(printfa.o)
    0x0800a6fc   0x0800a6fc   0x0000002e   Code   RO         2174    i._printf_pre_padding  mc_w.l(printfa.o)
    0x0800a72a   0x0800a72a   0x0000000a   Code   RO         2176    i._sputc            mc_w.l(printfa.o)
    0x0800a734   0x0800a734   0x00000054   Code   RO         1262    i.add_server_id     Net_CM3_L.lib(net_http_server.o)
    0x0800a788   0x0800a788   0x0000005c   Code   RO          768    i.arp_cache_alloc   Net_CM3_L.lib(net_arp.o)
    0x0800a7e4   0x0800a7e4   0x000000f4   Code   RO          769    i.arp_cache_run     Net_CM3_L.lib(net_arp.o)
    0x0800a8d8   0x0800a8d8   0x00000038   Code   RO          770    i.arp_is_cacheable  Net_CM3_L.lib(net_arp.o)
    0x0800a910   0x0800a910   0x00000048   Code   RO          771    i.arp_probe_run     Net_CM3_L.lib(net_arp.o)
    0x0800a958   0x0800a958   0x000000b6   Code   RO          773    i.arp_proc_response  Net_CM3_L.lib(net_arp.o)
    0x0800aa0e   0x0800aa0e   0x0000001a   Code   RO          774    i.arp_que_free      Net_CM3_L.lib(net_arp.o)
    0x0800aa28   0x0800aa28   0x00000080   Code   RO          775    i.arp_send_reply    Net_CM3_L.lib(net_arp.o)
    0x0800aaa8   0x0800aaa8   0x000000a8   Code   RO          776    i.arp_send_request  Net_CM3_L.lib(net_arp.o)
    0x0800ab50   0x0800ab50   0x00000068   Code   RO          777    i.arp_sender_valid  Net_CM3_L.lib(net_arp.o)
    0x0800abb8   0x0800abb8   0x0000006c   Code   RO         1206    i.check_client_id   Net_CM3_L.lib(net_dhcp6_client.o)
    0x0800ac24   0x0800ac24   0x00000170   Code   RO         1263    i.chk_post_req      Net_CM3_L.lib(net_http_server.o)
    0x0800ad94   0x0800ad94   0x00000028   Code   RO         1824    i.crc32_8bit        Net_CM3_L.lib(net_common.o)
    0x0800adbc   0x0800adbc   0x00000288   Code   RO         1207    i.dhcp6_client_run  Net_CM3_L.lib(net_dhcp6_client.o)
    0x0800b044   0x0800b044   0x00000048   Code   RO         1208    i.dhcp6_client_start  Net_CM3_L.lib(net_dhcp6_client.o)
    0x0800b08c   0x0800b08c   0x00000330   Code   RO         1210    i.dhcp6_listener    Net_CM3_L.lib(net_dhcp6_client.o)
    0x0800b3bc   0x0800b3bc   0x000001dc   Code   RO         1211    i.dhcp6_send_message  Net_CM3_L.lib(net_dhcp6_client.o)
    0x0800b598   0x0800b598   0x0000028c   Code   RO         1162    i.dhcp_client_run   Net_CM3_L.lib(net_dhcp_client.o)
    0x0800b824   0x0800b824   0x00000048   Code   RO         1163    i.dhcp_client_start  Net_CM3_L.lib(net_dhcp_client.o)
    0x0800b86c   0x0800b86c   0x0000024c   Code   RO         1165    i.dhcp_listener     Net_CM3_L.lib(net_dhcp_client.o)
    0x0800bab8   0x0800bab8   0x00000254   Code   RO         1166    i.dhcp_send_message  Net_CM3_L.lib(net_dhcp_client.o)
    0x0800bd0c   0x0800bd0c   0x0000009a   Code   RO          712    i.eth_check_link    Net_CM3_L.lib(net_eth.o)
    0x0800bda6   0x0800bda6   0x00000002   PAD
    0x0800bda8   0x0800bda8   0x00000020   Code   RO          713    i.eth_if_map        Net_CM3_L.lib(net_eth.o)
    0x0800bdc8   0x0800bdc8   0x00000268   Code   RO          714    i.eth_iface_init    Net_CM3_L.lib(net_eth.o)
    0x0800c030   0x0800c030   0x0000022c   Code   RO          715    i.eth_iface_run     Net_CM3_L.lib(net_eth.o)
    0x0800c25c   0x0800c25c   0x00000008   Code   RO          717    i.eth_lock          Net_CM3_L.lib(net_eth.o)
    0x0800c264   0x0800c264   0x0000001c   Code   RO          718    i.eth_mtu_limit     Net_CM3_L.lib(net_eth.o)
    0x0800c280   0x0800c280   0x00000048   Code   RO          719    i.eth_opt_len       Net_CM3_L.lib(net_eth.o)
    0x0800c2c8   0x0800c2c8   0x00000088   Code   RO          720    i.eth_receive       Net_CM3_L.lib(net_eth.o)
    0x0800c350   0x0800c350   0x00000008   Code   RO          721    i.eth_unlock        Net_CM3_L.lib(net_eth.o)
    0x0800c358   0x0800c358   0x0000007c   Code   RO          920    i.frag_map_session  Net_CM3_L.lib(net_ip4_frag.o)
    0x0800c3d4   0x0800c3d4   0x00000028   Code   RO         1264    i.get_next_field    Net_CM3_L.lib(net_http_server.o)
    0x0800c3fc   0x0800c3fc   0x00000032   Code   RO         1265    i.get_next_par      Net_CM3_L.lib(net_http_server.o)
    0x0800c42e   0x0800c42e   0x0000005c   Code   RO         1212    i.get_tout          Net_CM3_L.lib(net_dhcp6_client.o)
    0x0800c48a   0x0800c48a   0x00000022   Code   RO         1266    i.hex2byte          Net_CM3_L.lib(net_http_server.o)
    0x0800c4ac   0x0800c4ac   0x0000036c   Code   RO         1267    i.http_add_header   Net_CM3_L.lib(net_http_server.o)
    0x0800c818   0x0800c818   0x00000050   Code   RO         1385    i.http_auth_basic_add  Net_CM3_L.lib(net_http_server_auth.o)
    0x0800c868   0x0800c868   0x0000007c   Code   RO         1386    i.http_auth_basic_parse  Net_CM3_L.lib(net_http_server_auth.o)
    0x0800c8e4   0x0800c8e4   0x00000002   Code   RO         1392    i.http_auth_dummy   Net_CM3_L.lib(net_http_server_auth.o)
    0x0800c8e6   0x0800c8e6   0x00000002   PAD
    0x0800c8e8   0x0800c8e8   0x00000024   Code   RO         1393    i.http_auth_init    Net_CM3_L.lib(net_http_server_auth.o)
    0x0800c90c   0x0800c90c   0x000001cc   Code   RO         1268    i.http_error_msg    Net_CM3_L.lib(net_http_server.o)
    0x0800cad8   0x0800cad8   0x00000078   Code   RO         1269    i.http_get_ftype    Net_CM3_L.lib(net_http_server.o)
    0x0800cb50   0x0800cb50   0x0000005e   Code   RO         1270    i.http_kill_session  Net_CM3_L.lib(net_http_server.o)
    0x0800cbae   0x0800cbae   0x00000002   PAD
    0x0800cbb0   0x0800cbb0   0x00000210   Code   RO         1271    i.http_listener     Net_CM3_L.lib(net_http_server.o)
    0x0800cdc0   0x0800cdc0   0x00000118   Code   RO         1272    i.http_open_file    Net_CM3_L.lib(net_http_server.o)
    0x0800ced8   0x0800ced8   0x00000108   Code   RO         1273    i.http_parse_header  Net_CM3_L.lib(net_http_server.o)
    0x0800cfe0   0x0800cfe0   0x00000164   Code   RO         1274    i.http_proc_multipart  Net_CM3_L.lib(net_http_server.o)
    0x0800d144   0x0800d144   0x000000f4   Code   RO         1275    i.http_proc_post    Net_CM3_L.lib(net_http_server.o)
    0x0800d238   0x0800d238   0x000003c0   Code   RO         1276    i.http_server_run   Net_CM3_L.lib(net_http_server.o)
    0x0800d5f8   0x0800d5f8   0x00000050   Code   RO         1277    i.http_server_start  Net_CM3_L.lib(net_http_server.o)
    0x0800d648   0x0800d648   0x00000020   Code   RO         1278    i.http_strcpy       Net_CM3_L.lib(net_http_server.o)
    0x0800d668   0x0800d668   0x000000ac   Code   RO         1279    i.http_to_utc       Net_CM3_L.lib(net_http_server.o)
    0x0800d714   0x0800d714   0x0000001a   Code   RO         1825    i.i2str             Net_CM3_L.lib(net_common.o)
    0x0800d72e   0x0800d72e   0x0000000c   Code   RO         1722    i.ip4_get_chksum    Net_CM3_L.lib(net_ip4.o)
    0x0800d73a   0x0800d73a   0x00000028   Code   RO         1723    i.ip4_get_mtu       Net_CM3_L.lib(net_ip4.o)
    0x0800d762   0x0800d762   0x00000040   Code   RO         1488    i.ip4_ntoa          Net_CM3_L.lib(net_addr.o)
    0x0800d7a2   0x0800d7a2   0x00000002   PAD
    0x0800d7a4   0x0800d7a4   0x000000ca   Code   RO         1489    i.ip6_ntoa          Net_CM3_L.lib(net_addr.o)
    0x0800d86e   0x0800d86e   0x0000001e   Code   RO         1167    i.is_selected       Net_CM3_L.lib(net_dhcp_client.o)
    0x0800d88c   0x0800d88c   0x0000000c   Code   RO         1801    i.mem_lock          Net_CM3_L.lib(net_mem.o)
    0x0800d898   0x0800d898   0x0000000c   Code   RO         1802    i.mem_unlock        Net_CM3_L.lib(net_mem.o)
    0x0800d8a4   0x0800d8a4   0x00000128   Code   RO         1248    i.nbns_listener     Net_CM3_L.lib(net_nbns_client.o)
    0x0800d9cc   0x0800d9cc   0x00000092   Code   RO          835    i.ndp_cache_add     Net_CM3_L.lib(net_ndp.o)
    0x0800da5e   0x0800da5e   0x00000072   Code   RO          836    i.ndp_cache_alloc   Net_CM3_L.lib(net_ndp.o)
    0x0800dad0   0x0800dad0   0x000000d8   Code   RO          837    i.ndp_cache_run     Net_CM3_L.lib(net_ndp.o)
    0x0800dba8   0x0800dba8   0x0000002c   Code   RO          838    i.ndp_check_frame   Net_CM3_L.lib(net_ndp.o)
    0x0800dbd4   0x0800dbd4   0x00000012   Code   RO          839    i.ndp_next_opt      Net_CM3_L.lib(net_ndp.o)
    0x0800dbe6   0x0800dbe6   0x000000c0   Code   RO          840    i.ndp_prefix_add    Net_CM3_L.lib(net_ndp.o)
    0x0800dca6   0x0800dca6   0x00000048   Code   RO          841    i.ndp_probe_run     Net_CM3_L.lib(net_ndp.o)
    0x0800dcee   0x0800dcee   0x000000ae   Code   RO          843    i.ndp_proc_response  Net_CM3_L.lib(net_ndp.o)
    0x0800dd9c   0x0800dd9c   0x0000001a   Code   RO          844    i.ndp_que_free      Net_CM3_L.lib(net_ndp.o)
    0x0800ddb6   0x0800ddb6   0x00000002   PAD
    0x0800ddb8   0x0800ddb8   0x00000038   Code   RO          845    i.ndp_router_remove  Net_CM3_L.lib(net_ndp.o)
    0x0800ddf0   0x0800ddf0   0x00000070   Code   RO          846    i.ndp_send_reply    Net_CM3_L.lib(net_ndp.o)
    0x0800de60   0x0800de60   0x00000084   Code   RO          847    i.ndp_send_request  Net_CM3_L.lib(net_ndp.o)
    0x0800dee4   0x0800dee4   0x00000158   Code   RO          848    i.ndp_slaac_run     Net_CM3_L.lib(net_ndp.o)
    0x0800e03c   0x0800e03c   0x00000004   Code   RO         1280    i.netCGI_Charset    Net_CM3_L.lib(net_http_server.o)
    0x0800e040   0x0800e040   0x00000004   Code   RO         1281    i.netCGI_ContentType  Net_CM3_L.lib(net_http_server.o)
    0x0800e044   0x0800e044   0x00000004   Code   RO         1282    i.netCGI_CustomHeader  Net_CM3_L.lib(net_http_server.o)
    0x0800e048   0x0800e048   0x0000006c   Code   RO         1283    i.netCGI_GetEnvVar  Net_CM3_L.lib(net_http_server.o)
    0x0800e0b4   0x0800e0b4   0x00000004   Code   RO         1286    i.netCGI_Redirect   Net_CM3_L.lib(net_http_server.o)
    0x0800e0b8   0x0800e0b8   0x00000004   Code   RO         1288    i.netCGX_ContentType  Net_CM3_L.lib(net_http_server.o)
    0x0800e0bc   0x0800e0bc   0x00000064   Code   RO         1439    i.netCore_Thread    Net_CM3_L.lib(net_sys.o)
    0x0800e120   0x0800e120   0x00000002   Code   RO         1215    i.netDHCP6_Notify   Net_CM3_L.lib(net_dhcp6_client.o)
    0x0800e122   0x0800e122   0x00000002   Code   RO          722    i.netETH_Notify     Net_CM3_L.lib(net_eth.o)
    0x0800e124   0x0800e124   0x00000002   Code   RO          723    i.netETH_ReceiveRaw  Net_CM3_L.lib(net_eth.o)
    0x0800e126   0x0800e126   0x00000072   Code   RO          725    i.netETH_Thread     Net_CM3_L.lib(net_eth.o)
    0x0800e198   0x0800e198   0x00000004   Code   RO         1289    i.netHTTPs_AcceptClient  Net_CM3_L.lib(net_http_server.o)
    0x0800e19c   0x0800e19c   0x00000004   Code   RO         1394    i.netHTTPs_CheckAccount  Net_CM3_L.lib(net_http_server_auth.o)
    0x0800e1a0   0x0800e1a0   0x00000004   Code   RO         1291    i.netHTTPs_FileAccess  Net_CM3_L.lib(net_http_server.o)
    0x0800e1a4   0x0800e1a4   0x00000020   Code   RO         1294    i.netHTTPs_GetLanguage  Net_CM3_L.lib(net_http_server.o)
    0x0800e1c4   0x0800e1c4   0x0000000c   Code   RO         1295    i.netHTTPs_GetPassword  Net_CM3_L.lib(net_http_server.o)
    0x0800e1d0   0x0800e1d0   0x0000000c   Code   RO         1301    i.netHTTPs_LoginActive  Net_CM3_L.lib(net_http_server.o)
    0x0800e1dc   0x0800e1dc   0x00000044   Code   RO         1304    i.netHTTPs_SetPassword  Net_CM3_L.lib(net_http_server.o)
    0x0800e220   0x0800e220   0x0000007c   Code   RO         1440    i.netIF_GetOption   Net_CM3_L.lib(net_sys.o)
    0x0800e29c   0x0800e29c   0x00000078   Code   RO         1442    i.netIF_SetOption   Net_CM3_L.lib(net_sys.o)
    0x0800e314   0x0800e314   0x0000001a   Code   RO         1491    i.netIP_aton        Net_CM3_L.lib(net_addr.o)
    0x0800e32e   0x0800e32e   0x00000032   Code   RO         1492    i.netIP_ntoa        Net_CM3_L.lib(net_addr.o)
    0x0800e360   0x0800e360   0x00000074   Code   RO         1443    i.netInitialize     Net_CM3_L.lib(net_sys.o)
    0x0800e3d4   0x0800e3d4   0x0000008c   Code   RO         1493    i.netMAC_aton       Net_CM3_L.lib(net_addr.o)
    0x0800e460   0x0800e460   0x00000004   Code   RO         1043    i.netTCP_GetLocalPort  Net_CM3_L.lib(net_tcp.o)
    0x0800e464   0x0800e464   0x00000020   Code   RO         1045    i.netTCP_GetPeer    Net_CM3_L.lib(net_tcp.o)
    0x0800e484   0x0800e484   0x00000004   Code   RO         1047    i.netTCP_GetState   Net_CM3_L.lib(net_tcp.o)
    0x0800e488   0x0800e488   0x00000004   Code   RO         1048    i.netTCP_GetTimer   Net_CM3_L.lib(net_tcp.o)
    0x0800e48c   0x0800e48c   0x0000007c   Code   RO         1495    i.net_addr4_aton    Net_CM3_L.lib(net_addr.o)
    0x0800e508   0x0800e508   0x0000001e   Code   RO         1497    i.net_addr4_to_mac  Net_CM3_L.lib(net_addr.o)
    0x0800e526   0x0800e526   0x00000002   PAD
    0x0800e528   0x0800e528   0x000000e6   Code   RO         1498    i.net_addr6_aton    Net_CM3_L.lib(net_addr.o)
    0x0800e60e   0x0800e60e   0x00000028   Code   RO         1499    i.net_addr6_comp    Net_CM3_L.lib(net_addr.o)
    0x0800e636   0x0800e636   0x00000012   Code   RO         1500    i.net_addr6_copy    Net_CM3_L.lib(net_addr.o)
    0x0800e648   0x0800e648   0x0000004c   Code   RO         1501    i.net_addr6_create  Net_CM3_L.lib(net_addr.o)
    0x0800e694   0x0800e694   0x00000028   Code   RO         1502    i.net_addr6_get_solicited  Net_CM3_L.lib(net_addr.o)
    0x0800e6bc   0x0800e6bc   0x00000018   Code   RO         1503    i.net_addr6_is_linklocal  Net_CM3_L.lib(net_addr.o)
    0x0800e6d4   0x0800e6d4   0x0000006e   Code   RO         1504    i.net_addr6_is_onlink  Net_CM3_L.lib(net_addr.o)
    0x0800e742   0x0800e742   0x00000048   Code   RO         1505    i.net_addr6_is_solicited  Net_CM3_L.lib(net_addr.o)
    0x0800e78a   0x0800e78a   0x00000018   Code   RO         1506    i.net_addr6_is_unspec  Net_CM3_L.lib(net_addr.o)
    0x0800e7a2   0x0800e7a2   0x0000000e   Code   RO         1508    i.net_addr6_to_mac  Net_CM3_L.lib(net_addr.o)
    0x0800e7b0   0x0800e7b0   0x00000026   Code   RO         1510    i.net_addr_copy     Net_CM3_L.lib(net_addr.o)
    0x0800e7d6   0x0800e7d6   0x0000001a   Code   RO         1511    i.net_addr_find_route  Net_CM3_L.lib(net_addr.o)
    0x0800e7f0   0x0800e7f0   0x00000020   Code   RO         1513    i.net_addr_get_local  Net_CM3_L.lib(net_addr.o)
    0x0800e810   0x0800e810   0x00000022   Code   RO         1514    i.net_addr_is_unspec  Net_CM3_L.lib(net_addr.o)
    0x0800e832   0x0800e832   0x000000a0   Code   RO          785    i.net_arp_cache_add  Net_CM3_L.lib(net_arp.o)
    0x0800e8d2   0x0800e8d2   0x00000086   Code   RO          786    i.net_arp_cache_early  Net_CM3_L.lib(net_arp.o)
    0x0800e958   0x0800e958   0x00000080   Code   RO          787    i.net_arp_cache_find  Net_CM3_L.lib(net_arp.o)
    0x0800e9d8   0x0800e9d8   0x00000038   Code   RO          788    i.net_arp_cache_init  Net_CM3_L.lib(net_arp.o)
    0x0800ea10   0x0800ea10   0x0000001c   Code   RO          789    i.net_arp_cache_run  Net_CM3_L.lib(net_arp.o)
    0x0800ea2c   0x0800ea2c   0x00000066   Code   RO          791    i.net_arp_enqueue   Net_CM3_L.lib(net_arp.o)
    0x0800ea92   0x0800ea92   0x00000020   Code   RO          793    i.net_arp_notify    Net_CM3_L.lib(net_arp.o)
    0x0800eab2   0x0800eab2   0x00000012   Code   RO          794    i.net_arp_probe     Net_CM3_L.lib(net_arp.o)
    0x0800eac4   0x0800eac4   0x00000162   Code   RO          795    i.net_arp_process   Net_CM3_L.lib(net_arp.o)
    0x0800ec26   0x0800ec26   0x00000042   Code   RO         1826    i.net_atoi          Net_CM3_L.lib(net_common.o)
    0x0800ec68   0x0800ec68   0x00000078   Code   RO         1892    i.net_base64_decode  Net_CM3_L.lib(net_base64.o)
    0x0800ece0   0x0800ece0   0x00000030   Code   RO         1828    i.net_chksum_buf    Net_CM3_L.lib(net_common.o)
    0x0800ed10   0x0800ed10   0x0000001e   Code   RO         1829    i.net_crc_buf       Net_CM3_L.lib(net_common.o)
    0x0800ed2e   0x0800ed2e   0x00000002   PAD
    0x0800ed30   0x0800ed30   0x00000064   Code   RO         1216    i.net_dhcp6_client_init  Net_CM3_L.lib(net_dhcp6_client.o)
    0x0800ed94   0x0800ed94   0x0000001c   Code   RO         1217    i.net_dhcp6_client_run  Net_CM3_L.lib(net_dhcp6_client.o)
    0x0800edb0   0x0800edb0   0x00000060   Code   RO         1172    i.net_dhcp_client_init  Net_CM3_L.lib(net_dhcp_client.o)
    0x0800ee10   0x0800ee10   0x0000001c   Code   RO         1173    i.net_dhcp_client_run  Net_CM3_L.lib(net_dhcp_client.o)
    0x0800ee2c   0x0800ee2c   0x0000000e   Code   RO          726    i.net_eth_callback  Net_CM3_L.lib(net_eth.o)
    0x0800ee3a   0x0800ee3a   0x00000068   Code   RO          727    i.net_eth_config_mcast  Net_CM3_L.lib(net_eth.o)
    0x0800eea2   0x0800eea2   0x000000de   Code   RO          729    i.net_eth_get_option  Net_CM3_L.lib(net_eth.o)
    0x0800ef80   0x0800ef80   0x0000001c   Code   RO          730    i.net_eth_iface_init  Net_CM3_L.lib(net_eth.o)
    0x0800ef9c   0x0800ef9c   0x0000001c   Code   RO          731    i.net_eth_iface_run  Net_CM3_L.lib(net_eth.o)
    0x0800efb8   0x0800efb8   0x00000098   Code   RO          733    i.net_eth_output    Net_CM3_L.lib(net_eth.o)
    0x0800f050   0x0800f050   0x00000120   Code   RO          734    i.net_eth_send_frame  Net_CM3_L.lib(net_eth.o)
    0x0800f170   0x0800f170   0x00000174   Code   RO          735    i.net_eth_set_option  Net_CM3_L.lib(net_eth.o)
    0x0800f2e4   0x0800f2e4   0x000000a8   Code   RO         1310    i.net_http_server_init  Net_CM3_L.lib(net_http_server.o)
    0x0800f38c   0x0800f38c   0x00000028   Code   RO         1311    i.net_http_server_run  Net_CM3_L.lib(net_http_server.o)
    0x0800f3b4   0x0800f3b4   0x00000018   Code   RO          962    i.net_icmp6_init    Net_CM3_L.lib(net_icmp6.o)
    0x0800f3cc   0x0800f3cc   0x00000148   Code   RO          963    i.net_icmp6_process  Net_CM3_L.lib(net_icmp6.o)
    0x0800f514   0x0800f514   0x00000064   Code   RO          964    i.net_icmp6_send    Net_CM3_L.lib(net_icmp6.o)
    0x0800f578   0x0800f578   0x00000058   Code   RO          965    i.net_icmp6_send_echo  Net_CM3_L.lib(net_icmp6.o)
    0x0800f5d0   0x0800f5d0   0x00000018   Code   RO          942    i.net_icmp_init     Net_CM3_L.lib(net_icmp.o)
    0x0800f5e8   0x0800f5e8   0x00000108   Code   RO          943    i.net_icmp_process  Net_CM3_L.lib(net_icmp.o)
    0x0800f6f0   0x0800f6f0   0x00000080   Code   RO          944    i.net_icmp_send_echo  Net_CM3_L.lib(net_icmp.o)
    0x0800f770   0x0800f770   0x0000000c   Code   RO         1447    i.net_if_map_all    Net_CM3_L.lib(net_sys.o)
    0x0800f77c   0x0800f77c   0x00000108   Code   RO         1724    i.net_ip4_chk_frame  Net_CM3_L.lib(net_ip4.o)
    0x0800f884   0x0800f884   0x0000002c   Code   RO         1725    i.net_ip4_chksum    Net_CM3_L.lib(net_ip4.o)
    0x0800f8b0   0x0800f8b0   0x00000006   Code   RO         1726    i.net_ip4_chksum_buf  Net_CM3_L.lib(net_ip4.o)
    0x0800f8b6   0x0800f8b6   0x00000002   PAD
    0x0800f8b8   0x0800f8b8   0x00000080   Code   RO         1728    i.net_ip4_find_route  Net_CM3_L.lib(net_ip4.o)
    0x0800f938   0x0800f938   0x00000124   Code   RO          921    i.net_ip4_frag_add  Net_CM3_L.lib(net_ip4_frag.o)
    0x0800fa5c   0x0800fa5c   0x000000ac   Code   RO          922    i.net_ip4_frag_get  Net_CM3_L.lib(net_ip4_frag.o)
    0x0800fb08   0x0800fb08   0x00000010   Code   RO          923    i.net_ip4_frag_init  Net_CM3_L.lib(net_ip4_frag.o)
    0x0800fb18   0x0800fb18   0x0000003c   Code   RO          924    i.net_ip4_frag_run  Net_CM3_L.lib(net_ip4_frag.o)
    0x0800fb54   0x0800fb54   0x0000002c   Code   RO         1729    i.net_ip4_get_local  Net_CM3_L.lib(net_ip4.o)
    0x0800fb80   0x0800fb80   0x00000018   Code   RO         1730    i.net_ip4_init      Net_CM3_L.lib(net_ip4.o)
    0x0800fb98   0x0800fb98   0x00000020   Code   RO         1731    i.net_ip4_is_onlink  Net_CM3_L.lib(net_ip4.o)
    0x0800fbb8   0x0800fbb8   0x00000026   Code   RO         1732    i.net_ip4_is_subcast  Net_CM3_L.lib(net_ip4.o)
    0x0800fbde   0x0800fbde   0x0000000e   Code   RO         1733    i.net_ip4_reass_frame  Net_CM3_L.lib(net_ip4.o)
    0x0800fbec   0x0800fbec   0x00000124   Code   RO         1734    i.net_ip4_send_frame  Net_CM3_L.lib(net_ip4.o)
    0x0800fd10   0x0800fd10   0x0000002a   Code   RO         1736    i.net_ip4_tx_offl_hl  Net_CM3_L.lib(net_ip4.o)
    0x0800fd3a   0x0800fd3a   0x00000002   PAD
    0x0800fd3c   0x0800fd3c   0x000000a8   Code   RO         1762    i.net_ip6_chk_frame  Net_CM3_L.lib(net_ip6.o)
    0x0800fde4   0x0800fde4   0x00000032   Code   RO         1763    i.net_ip6_chksum    Net_CM3_L.lib(net_ip6.o)
    0x0800fe16   0x0800fe16   0x00000002   PAD
    0x0800fe18   0x0800fe18   0x0000007c   Code   RO         1764    i.net_ip6_collect_mcast  Net_CM3_L.lib(net_ip6.o)
    0x0800fe94   0x0800fe94   0x00000048   Code   RO         1766    i.net_ip6_find_route  Net_CM3_L.lib(net_ip6.o)
    0x0800fedc   0x0800fedc   0x00000054   Code   RO         1767    i.net_ip6_get_local  Net_CM3_L.lib(net_ip6.o)
    0x0800ff30   0x0800ff30   0x00000014   Code   RO         1768    i.net_ip6_init      Net_CM3_L.lib(net_ip6.o)
    0x0800ff44   0x0800ff44   0x00000080   Code   RO         1769    i.net_ip6_send_frame  Net_CM3_L.lib(net_ip6.o)
    0x0800ffc4   0x0800ffc4   0x0000001e   Code   RO         1771    i.net_ip6_tx_offl_hl  Net_CM3_L.lib(net_ip6.o)
    0x0800ffe2   0x0800ffe2   0x00000008   Code   RO         1830    i.net_itoa          Net_CM3_L.lib(net_common.o)
    0x0800ffea   0x0800ffea   0x00000006   Code   RO         1832    i.net_itoa_n0       Net_CM3_L.lib(net_common.o)
    0x0800fff0   0x0800fff0   0x00000024   Code   RO          903    i.net_loop_iface_init  Net_CM3_L.lib(net_loopback.o)
    0x08010014   0x08010014   0x000000ac   Code   RO          904    i.net_loop_iface_run  Net_CM3_L.lib(net_loopback.o)
    0x080100c0   0x080100c0   0x00000058   Code   RO          906    i.net_loop_send_frame  Net_CM3_L.lib(net_loopback.o)
    0x08010118   0x08010118   0x0000008c   Code   RO         1803    i.net_mem_alloc     Net_CM3_L.lib(net_mem.o)
    0x080101a4   0x080101a4   0x0000001c   Code   RO         1804    i.net_mem_avail     Net_CM3_L.lib(net_mem.o)
    0x080101c0   0x080101c0   0x0000007c   Code   RO         1805    i.net_mem_free      Net_CM3_L.lib(net_mem.o)
    0x0801023c   0x0801023c   0x0000005c   Code   RO         1806    i.net_mem_init      Net_CM3_L.lib(net_mem.o)
    0x08010298   0x08010298   0x00000038   Code   RO         1807    i.net_mem_shrink    Net_CM3_L.lib(net_mem.o)
    0x080102d0   0x080102d0   0x00000030   Code   RO         1249    i.net_nbns_client_init  Net_CM3_L.lib(net_nbns_client.o)
    0x08010300   0x08010300   0x000000e8   Code   RO          855    i.net_ndp_cache_find  Net_CM3_L.lib(net_ndp.o)
    0x080103e8   0x080103e8   0x0000004c   Code   RO          856    i.net_ndp_cache_init  Net_CM3_L.lib(net_ndp.o)
    0x08010434   0x08010434   0x0000004a   Code   RO          858    i.net_ndp_cache_refresh  Net_CM3_L.lib(net_ndp.o)
    0x0801047e   0x0801047e   0x00000002   PAD
    0x08010480   0x08010480   0x0000001c   Code   RO          859    i.net_ndp_cache_run  Net_CM3_L.lib(net_ndp.o)
    0x0801049c   0x0801049c   0x00000060   Code   RO          861    i.net_ndp_enqueue   Net_CM3_L.lib(net_ndp.o)
    0x080104fc   0x080104fc   0x00000260   Code   RO          863    i.net_ndp_process   Net_CM3_L.lib(net_ndp.o)
    0x0801075c   0x0801075c   0x00000038   Code   RO         1449    i.net_path          Net_CM3_L.lib(net_sys.o)
    0x08010794   0x08010794   0x00000010   Code   RO         1420    i.net_ping_client_init  Net_CM3_L.lib(net_ping_core.o)
    0x080107a4   0x080107a4   0x00000040   Code   RO         1421    i.net_ping_client_run  Net_CM3_L.lib(net_ping_core.o)
    0x080107e4   0x080107e4   0x0000001c   Code   RO         1450    i.net_rand32        Net_CM3_L.lib(net_sys.o)
    0x08010800   0x08010800   0x0000002e   Code   RO         1833    i.net_strcasecmp    Net_CM3_L.lib(net_common.o)
    0x0801082e   0x0801082e   0x00000016   Code   RO         1834    i.net_strchr        Net_CM3_L.lib(net_common.o)
    0x08010844   0x08010844   0x0000001a   Code   RO         1835    i.net_strcmp        Net_CM3_L.lib(net_common.o)
    0x0801085e   0x0801085e   0x00000012   Code   RO         1836    i.net_strcpy        Net_CM3_L.lib(net_common.o)
    0x08010870   0x08010870   0x0000001c   Code   RO         1838    i.net_strnchr       Net_CM3_L.lib(net_common.o)
    0x0801088c   0x0801088c   0x0000001a   Code   RO         1839    i.net_strncpy       Net_CM3_L.lib(net_common.o)
    0x080108a6   0x080108a6   0x00000020   Code   RO         1840    i.net_strtoupper    Net_CM3_L.lib(net_common.o)
    0x080108c6   0x080108c6   0x00000002   PAD
    0x080108c8   0x080108c8   0x0000000c   Code   RO         1451    i.net_sys_lock      Net_CM3_L.lib(net_sys.o)
    0x080108d4   0x080108d4   0x00000016   Code   RO         1452    i.net_sys_resume    Net_CM3_L.lib(net_sys.o)
    0x080108ea   0x080108ea   0x00000002   PAD
    0x080108ec   0x080108ec   0x00000014   Code   RO         1454    i.net_sys_tick      Net_CM3_L.lib(net_sys.o)
    0x08010900   0x08010900   0x0000000c   Code   RO         1455    i.net_sys_unlock    Net_CM3_L.lib(net_sys.o)
    0x0801090c   0x0801090c   0x00000020   Code   RO         1457    i.net_sys_wakeup    Net_CM3_L.lib(net_sys.o)
    0x0801092c   0x0801092c   0x0000005c   Code   RO         1055    i.net_tcp_abort     Net_CM3_L.lib(net_tcp.o)
    0x08010988   0x08010988   0x000000ac   Code   RO         1058    i.net_tcp_close     Net_CM3_L.lib(net_tcp.o)
    0x08010a34   0x08010a34   0x0000001e   Code   RO         1061    i.net_tcp_get_buf   Net_CM3_L.lib(net_tcp.o)
    0x08010a52   0x08010a52   0x00000002   PAD
    0x08010a54   0x08010a54   0x00000034   Code   RO         1063    i.net_tcp_get_local_port  Net_CM3_L.lib(net_tcp.o)
    0x08010a88   0x08010a88   0x00000028   Code   RO         1064    i.net_tcp_get_mss   Net_CM3_L.lib(net_tcp.o)
    0x08010ab0   0x08010ab0   0x00000054   Code   RO         1066    i.net_tcp_get_peer  Net_CM3_L.lib(net_tcp.o)
    0x08010b04   0x08010b04   0x00000044   Code   RO         1068    i.net_tcp_get_socket  Net_CM3_L.lib(net_tcp.o)
    0x08010b48   0x08010b48   0x0000002c   Code   RO         1069    i.net_tcp_get_state  Net_CM3_L.lib(net_tcp.o)
    0x08010b74   0x08010b74   0x00000034   Code   RO         1070    i.net_tcp_get_timer  Net_CM3_L.lib(net_tcp.o)
    0x08010ba8   0x08010ba8   0x0000007c   Code   RO         1071    i.net_tcp_listen    Net_CM3_L.lib(net_tcp.o)
    0x08010c24   0x08010c24   0x00000520   Code   RO         1073    i.net_tcp_process   Net_CM3_L.lib(net_tcp.o)
    0x08011144   0x08011144   0x000000e8   Code   RO         1077    i.net_tcp_send      Net_CM3_L.lib(net_tcp.o)
    0x0801122c   0x0801122c   0x000000a4   Code   RO         1079    i.net_tcp_set_option  Net_CM3_L.lib(net_tcp.o)
    0x080112d0   0x080112d0   0x00000014   Code   RO         1080    i.net_tcp_socket_init  Net_CM3_L.lib(net_tcp.o)
    0x080112e4   0x080112e4   0x00000308   Code   RO         1081    i.net_tcp_socket_run  Net_CM3_L.lib(net_tcp.o)
    0x080115ec   0x080115ec   0x00000028   Code   RO          990    i.net_udp_enable_lla  Net_CM3_L.lib(net_udp.o)
    0x08011614   0x08011614   0x0000001e   Code   RO          992    i.net_udp_get_buf   Net_CM3_L.lib(net_udp.o)
    0x08011632   0x08011632   0x00000002   PAD
    0x08011634   0x08011634   0x00000048   Code   RO          995    i.net_udp_get_socket  Net_CM3_L.lib(net_udp.o)
    0x0801167c   0x0801167c   0x0000006c   Code   RO          997    i.net_udp_open      Net_CM3_L.lib(net_udp.o)
    0x080116e8   0x080116e8   0x00000110   Code   RO          998    i.net_udp_process   Net_CM3_L.lib(net_udp.o)
    0x080117f8   0x080117f8   0x000001b8   Code   RO         1001    i.net_udp_send_if   Net_CM3_L.lib(net_udp.o)
    0x080119b0   0x080119b0   0x00000010   Code   RO         1003    i.net_udp_socket_init  Net_CM3_L.lib(net_udp.o)
    0x080119c0   0x080119c0   0x00000008   Code   RO         1841    i.net_ultoa         Net_CM3_L.lib(net_common.o)
    0x080119c8   0x080119c8   0x00000030   Code   RO         1844    i.net_ultox         Net_CM3_L.lib(net_common.o)
    0x080119f8   0x080119f8   0x0000004c   Code   RO         1845    i.net_xtoul         Net_CM3_L.lib(net_common.o)
    0x08011a44   0x08011a44   0x0000001c   Code   RO         1424    i.ping_send_req     Net_CM3_L.lib(net_ping_core.o)
    0x08011a60   0x08011a60   0x000000c4   Code   RO         1219    i.proc_opt_ia_na    Net_CM3_L.lib(net_dhcp6_client.o)
    0x08011b24   0x08011b24   0x000000a0   Code   RO         1175    i.proc_opt_renew    Net_CM3_L.lib(net_dhcp_client.o)
    0x08011bc4   0x08011bc4   0x000000f4   Code   RO         1176    i.proc_opt_req      Net_CM3_L.lib(net_dhcp_client.o)
    0x08011cb8   0x08011cb8   0x0000002e   Code   RO         1177    i.proc_opt_sel      Net_CM3_L.lib(net_dhcp_client.o)
    0x08011ce6   0x08011ce6   0x00000002   PAD
    0x08011ce8   0x08011ce8   0x00000058   Code   RO         1314    i.proc_req_line     Net_CM3_L.lib(net_http_server.o)
    0x08011d40   0x08011d40   0x0000001a   Code   RO          926    i.que_free_list     Net_CM3_L.lib(net_ip4_frag.o)
    0x08011d5a   0x08011d5a   0x000000a0   Code   RO         1315    i.read_script_line  Net_CM3_L.lib(net_http_server.o)
    0x08011dfa   0x08011dfa   0x00000048   Code   RO         1316    i.search_delim      Net_CM3_L.lib(net_http_server.o)
    0x08011e42   0x08011e42   0x00000070   Code   RO         1220    i.select_server     Net_CM3_L.lib(net_dhcp6_client.o)
    0x08011eb2   0x08011eb2   0x00000018   Code   RO         1458    i.sys_map_if        Net_CM3_L.lib(net_sys.o)
    0x08011eca   0x08011eca   0x00000002   PAD
    0x08011ecc   0x08011ecc   0x0000004c   Code   RO         1459    i.sys_proc_tick     Net_CM3_L.lib(net_sys.o)
    0x08011f18   0x08011f18   0x000000f0   Code   RO         1083    i.tcp_map_socket    Net_CM3_L.lib(net_tcp.o)
    0x08012008   0x08012008   0x0000005e   Code   RO         1084    i.tcp_parse_opt     Net_CM3_L.lib(net_tcp.o)
    0x08012066   0x08012066   0x00000002   PAD
    0x08012068   0x08012068   0x000000d4   Code   RO         1085    i.tcp_proc_acknr    Net_CM3_L.lib(net_tcp.o)
    0x0801213c   0x0801213c   0x00000060   Code   RO         1086    i.tcp_proc_dupack   Net_CM3_L.lib(net_tcp.o)
    0x0801219c   0x0801219c   0x0000001a   Code   RO         1087    i.tcp_que_free      Net_CM3_L.lib(net_tcp.o)
    0x080121b6   0x080121b6   0x0000001a   Code   RO         1088    i.tcp_que_init      Net_CM3_L.lib(net_tcp.o)
    0x080121d0   0x080121d0   0x00000098   Code   RO         1089    i.tcp_que_resend    Net_CM3_L.lib(net_tcp.o)
    0x08012268   0x08012268   0x0000007e   Code   RO         1090    i.tcp_send_ctrl     Net_CM3_L.lib(net_tcp.o)
    0x080122e6   0x080122e6   0x00000062   Code   RO         1091    i.tcp_send_data     Net_CM3_L.lib(net_tcp.o)
    0x08012348   0x08012348   0x00000080   Code   RO         1092    i.tcp_send_reset    Net_CM3_L.lib(net_tcp.o)
    0x080123c8   0x080123c8   0x0000002c   Code   RO         1093    i.tcp_set_cwnd      Net_CM3_L.lib(net_tcp.o)
    0x080123f4   0x080123f4   0x00000074   Code   RO         1094    i.tcp_transit       Net_CM3_L.lib(net_tcp.o)
    0x08012468   0x08012468   0x000000fc   Code   RO         1095    i.tcp_write         Net_CM3_L.lib(net_tcp.o)
    0x08012564   0x08012564   0x0000002c   Code   RO         1005    i.udp_port_in_use   Net_CM3_L.lib(net_udp.o)
    0x08012590   0x08012590   0x00000044   Code   RO         1846    i.ul2str            Net_CM3_L.lib(net_common.o)
    0x080125d4   0x080125d4   0x00000124   Code   RO         1317    i.utc_to_http       Net_CM3_L.lib(net_http_server.o)
    0x080126f8   0x080126f8   0x0000002c   Data   RO          907    .constdata          Net_CM3_L.lib(net_loopback.o)
    0x08012724   0x08012724   0x0000000c   Data   RO          908    .constdata          Net_CM3_L.lib(net_loopback.o)
    0x08012730   0x08012730   0x00000010   Data   RO         1225    .constdata          Net_CM3_L.lib(net_dhcp6_client.o)
    0x08012740   0x08012740   0x00000008   Data   RO         1251    .constdata          Net_CM3_L.lib(net_nbns_client.o)
    0x08012748   0x08012748   0x000000fa   Data   RO         1319    .constdata          Net_CM3_L.lib(net_http_server.o)
    0x08012842   0x08012842   0x00000002   PAD
    0x08012844   0x08012844   0x00000018   Data   RO         1397    .constdata          Net_CM3_L.lib(net_http_server_auth.o)
    0x0801285c   0x0801285c   0x00000012   Data   RO         1426    .constdata          Net_CM3_L.lib(net_ping_core.o)
    0x0801286e   0x0801286e   0x00000010   Data   RO         1518    .constdata          Net_CM3_L.lib(net_addr.o)
    0x0801287e   0x0801287e   0x00000006   Data   RO         1519    .constdata          Net_CM3_L.lib(net_addr.o)
    0x08012884   0x08012884   0x00000004   Data   RO         1738    .constdata          Net_CM3_L.lib(net_ip4.o)
    0x08012888   0x08012888   0x00000020   Data   RO         1773    .constdata          Net_CM3_L.lib(net_ip6.o)
    0x080128a8   0x080128a8   0x00000010   Data   RO         1774    .constdata          Net_CM3_L.lib(net_ip6.o)
    0x080128b8   0x080128b8   0x00000018   Data   RO         1793    .constdata          Net_CM3_L.lib(net_http_server_err.o)
    0x080128d0   0x080128d0   0x00000010   Data   RO         1847    .constdata          Net_CM3_L.lib(net_common.o)
    0x080128e0   0x080128e0   0x00000090   Data   RO         1894    .constdata          Net_CM3_L.lib(net_base64.o)
    0x08012970   0x08012970   0x00000004   Data   RO         1903    .constdata          Net_CM3_L.lib(net_version.o)
    0x08012974   0x08012974   0x00000203   Data   RO         1794    .conststring        Net_CM3_L.lib(net_http_server_err.o)
    0x08012b77   0x08012b77   0x00000001   PAD
    0x08012b78   0x08012b78   0x000000a8   Data   RO          100    .rodata             rtx_lib.o
    0x08012c20   0x08012c20   0x00000010   Data   RO          285    .rodata.AHBPrescTable  system_stm32f7xx.o
    0x08012c30   0x08012c30   0x00000008   Data   RO          286    .rodata.APBPrescTable  system_stm32f7xx.o
    0x08012c38   0x08012c38   0x00000044   Data   RO          132    .rodata.Driver_ETH_MAC0  emac_stm32f7xx.o
    0x08012c7c   0x08012c7c   0x00000020   Data   RO          121    .rodata.Driver_ETH_PHY0  phy_lan8742a.o
    0x08012c9c   0x08012c9c   0x00001500   Data   RO           81    .rodata.Font_16x24_h  glcd_fonts.o
    0x0801419c   0x0801419c   0x00000010   Data   RO           82    .rodata.GLCD_Font_16x24  glcd_fonts.o
    0x080141ac   0x080141ac   0x00000024   Data   RO           14    .rodata.app_main_attr  http_server.o
    0x080141d0   0x080141d0   0x00000020   Data   RO          208    .rodata.cst32       stm32f7xx_hal_ltdc.o
    0x080141f0   0x080141f0   0x00000008   Data   RO          180    .rodata.cst8        stm32f7xx_hal_dma.o
    0x080141f8   0x080141f8   0x00000014   Data   RO          317    .rodata.eth0_arp_config  net_config.o
    0x0801420c   0x0801420c   0x00000014   Data   RO          327    .rodata.eth0_dhcp6_config  net_config.o
    0x08014220   0x08014220   0x00000010   Data   RO          321    .rodata.eth0_dhcp_config  net_config.o
    0x08014230   0x08014230   0x0000000c   Data   RO          325    .rodata.eth0_icmp6_config  net_config.o
    0x0801423c   0x0801423c   0x0000000c   Data   RO          319    .rodata.eth0_icmp_config  net_config.o
    0x08014248   0x08014248   0x00000028   Data   RO          308    .rodata.eth0_ip4_config  net_config.o
    0x08014270   0x08014270   0x00000020   Data   RO          310    .rodata.eth0_ip6_config  net_config.o
    0x08014290   0x08014290   0x00000020   Data   RO          301    .rodata.eth0_ll_config  net_config.o
    0x080142b0   0x080142b0   0x00000010   Data   RO          300    .rodata.eth0_lock_attr  net_config.o
    0x080142c0   0x080142c0   0x00000010   Data   RO          323    .rodata.eth0_ndp_config  net_config.o
    0x080142d0   0x080142d0   0x00000024   Data   RO          302    .rodata.eth0_thread_attr  net_config.o
    0x080142f4   0x080142f4   0x00000048   Data   RO          133    .rodata.eth_pins    emac_stm32f7xx.o
    0x0801433c   0x0801433c   0x00006599   Data   RO           37    .rodata.imageFileData  web.o
    0x0801a8d5   0x0801a8d5   0x00000003   PAD
    0x0801a8d8   0x0801a8d8   0x000000b8   Data   RO           36    .rodata.imageFileTable  web.o
    0x0801a990   0x0801a990   0x00000004   Data   RO           35    .rodata.imageLastModified  web.o
    0x0801a994   0x0801a994   0x00000010   Data   RO          299    .rodata.mem_lock_attr  net_config.o
    0x0801a9a4   0x0801a9a4   0x00000008   Data   RO          318    .rodata.net_arp_list  net_config.o
    0x0801a9ac   0x0801a9ac   0x00000008   Data   RO          328    .rodata.net_dhcp6_list  net_config.o
    0x0801a9b4   0x0801a9b4   0x00000008   Data   RO          322    .rodata.net_dhcp_list  net_config.o
    0x0801a9bc   0x0801a9bc   0x0000002c   Data   RO          311    .rodata.net_eth0_if_config  net_config.o
    0x0801a9e8   0x0801a9e8   0x00000008   Data   RO          312    .rodata.net_eth_list  net_config.o
    0x0801a9f0   0x0801a9f0   0x00000034   Data   RO          336    .rodata.net_http_config  net_config.o
    0x0801aa24   0x0801aa24   0x00000008   Data   RO          326    .rodata.net_icmp6_list  net_config.o
    0x0801aa2c   0x0801aa2c   0x00000008   Data   RO          320    .rodata.net_icmp_list  net_config.o
    0x0801aa34   0x0801aa34   0x00000008   Data   RO          315    .rodata.net_if_inet_def  net_config.o
    0x0801aa3c   0x0801aa3c   0x00000008   Data   RO          316    .rodata.net_if_link_def  net_config.o
    0x0801aa44   0x0801aa44   0x00000008   Data   RO          314    .rodata.net_if_list_all  net_config.o
    0x0801aa4c   0x0801aa4c   0x00000008   Data   RO          330    .rodata.net_ip4_frag_config  net_config.o
    0x0801aa54   0x0801aa54   0x00000010   Data   RO          298    .rodata.net_lock_attr  net_config.o
    0x0801aa64   0x0801aa64   0x00000008   Data   RO          324    .rodata.net_ndp_list  net_config.o
    0x0801aa6c   0x0801aa6c   0x0000001c   Data   RO          305    .rodata.net_sys_config  net_config.o
    0x0801aa88   0x0801aa88   0x00000018   Data   RO          334    .rodata.net_tcp_config  net_config.o
    0x0801aaa0   0x0801aaa0   0x00000024   Data   RO          296    .rodata.net_thread_attr  net_config.o
    0x0801aac4   0x0801aac4   0x00000010   Data   RO          297    .rodata.net_timer_attr  net_config.o
    0x0801aad4   0x0801aad4   0x0000000c   Data   RO          332    .rodata.net_udp_config  net_config.o
    0x0801aae0   0x0801aae0   0x00000010   Data   RO          338    .rodata.netif_getopt_func  net_config.o
    0x0801aaf0   0x0801aaf0   0x00000010   Data   RO          339    .rodata.netif_setopt_func  net_config.o
    0x0801ab00   0x0801ab00   0x00000004   Data   RO          102    .rodata.osRtxUserSVC  rtx_lib.o
    0x0801ab04   0x0801ab04   0x00000024   Data   RO           97    .rodata.os_idle_thread_attr  rtx_lib.o
    0x0801ab28   0x0801ab28   0x00000018   Data   RO           99    .rodata.os_timer_mq_attr  rtx_lib.o
    0x0801ab40   0x0801ab40   0x00000024   Data   RO           98    .rodata.os_timer_thread_attr  rtx_lib.o
    0x0801ab64   0x0801ab64   0x000000e8   Data   RO           25    .rodata.str1.1      http_server_cgi.o
    0x0801ac4c   0x0801ac4c   0x0000010c   Data   RO          304    .rodata.str1.1      net_config.o
    0x0801ad58   0x0801ad58   0x0000000b   Data   RO          420    .rodata.str1.4      RTX_CM4F.lib(rtx_kernel.o)
    0x0801ad63   0x0801ad63   0x00000001   PAD
    0x0801ad64   0x0801ad64   0x00000034   Data   RO          349    .rodata.sys_fn_init  net_config.o
    0x0801ad98   0x0801ad98   0x0000002c   Data   RO          350    .rodata.sys_fn_run  net_config.o
    0x0801adc4   0x0801adc4   0x00000020   Data   RO         2247    Region$$Table       anon$$obj.o


    Execution Region RW_IRAM1 (Exec base: 0x20010000, Load base: 0x0801ade8, Size: 0x0000d1a8, Max: 0x00040000, ABSOLUTE)

    Exec Addr    Load Addr    Size         Type   Attr      Idx    E Section Name        Object

    0x20010000   0x0801ade8   0x00000004   Data   RW          909    .data               Net_CM3_L.lib(net_loopback.o)
    0x20010004   0x0801adec   0x00000004   Data   RW          927    .data               Net_CM3_L.lib(net_ip4_frag.o)
    0x20010008   0x0801adf0   0x00000001   Data   RW          945    .data               Net_CM3_L.lib(net_icmp.o)
    0x20010009   0x0801adf1   0x00000001   Data   RW          966    .data               Net_CM3_L.lib(net_icmp6.o)
    0x2001000a   0x0801adf2   0x00000002   Data   RW         1007    .data               Net_CM3_L.lib(net_udp.o)
    0x2001000c   0x0801adf4   0x00000004   Data   RW         1098    .data               Net_CM3_L.lib(net_tcp.o)
    0x20010010   0x0801adf8   0x00000002   Data   RW         1183    .data               Net_CM3_L.lib(net_dhcp_client.o)
    0x20010012   0x0801adfa   0x00000002   Data   RW         1226    .data               Net_CM3_L.lib(net_dhcp6_client.o)
    0x20010014   0x0801adfc   0x00000001   Data   RW         1252    .data               Net_CM3_L.lib(net_nbns_client.o)
    0x20010015   0x0801adfd   0x00000003   PAD
    0x20010018   0x0801ae00   0x0000000c   Data   RW         1320    .data               Net_CM3_L.lib(net_http_server.o)
    0x20010024   0x0801ae0c   0x00000008   Data   RW         1739    .data               Net_CM3_L.lib(net_ip4.o)
    0x2001002c   0x0801ae14   0x00000004   Data   RW         1775    .data               Net_CM3_L.lib(net_ip6.o)
    0x20010030   0x0801ae18   0x00000008   Data   RW          145    .data..L_MergedGlobals  stm32f7xx_hal.o
    0x20010038   0x0801ae20   0x00000004   Data   RW          284    .data.SystemCoreClock  system_stm32f7xx.o
    0x2001003c   0x0801ae24   0x00000002   Data   RW           68    .data.background_color  glcd_746g_discovery.o
    0x2001003e   0x0801ae26   0x0000002a   Data   RW           15    .data.lcd_text      http_server.o
    0x20010068   0x0801ae50   0x000000a4   Data   RW          421    .data.os            RTX_CM4F.lib(rtx_kernel.o)
    0x2001010c   0x0801aef4   0x00000004   PAD
    0x20010110        -       0x000000a0   Zero   RW          736    .bss                Net_CM3_L.lib(net_eth.o)
    0x200101b0        -       0x00000018   Zero   RW          796    .bss                Net_CM3_L.lib(net_arp.o)
    0x200101c8        -       0x00000044   Zero   RW          864    .bss                Net_CM3_L.lib(net_ndp.o)
    0x2001020c        -       0x0000001c   Zero   RW         1006    .bss                Net_CM3_L.lib(net_udp.o)
    0x20010228        -       0x00000028   Zero   RW         1179    .bss                Net_CM3_L.lib(net_dhcp_client.o)
    0x20010250        -       0x00000044   Zero   RW         1221    .bss                Net_CM3_L.lib(net_dhcp6_client.o)
    0x20010294        -       0x00000098   Zero   RW         1318    .bss                Net_CM3_L.lib(net_http_server.o)
    0x2001032c        -       0x0000002c   Zero   RW         1425    .bss                Net_CM3_L.lib(net_ping_core.o)
    0x20010358        -       0x00000038   Zero   RW         1460    .bss                Net_CM3_L.lib(net_sys.o)
    0x20010390        -       0x0000005c   Zero   RW         1517    .bss                Net_CM3_L.lib(net_addr.o)
    0x200103ec        -       0x00000014   Zero   RW         1809    .bss                Net_CM3_L.lib(net_mem.o)
    0x20010400        -       0x00000060   Zero   RW           16    .bss..L_MergedGlobals  http_server.o
    0x20010460        -       0x00000040   Zero   RW           26    .bss..L_MergedGlobals  http_server_cgi.o
    0x200104a0        -       0x00000064   Zero   RW           49    .bss..L_MergedGlobals  stm32746g_discovery_sdram.o
    0x20010504        -       0x00000008   Zero   RW           70    .bss..L_MergedGlobals  glcd_746g_discovery.o
    0x2001050c        -       0x00000010   Zero   RW          122    .bss..L_MergedGlobals  phy_lan8742a.o
    0x2001051c        -       0x00000060   Zero   RW           48    .bss.BSP_SDRAM_MspDeInit.dma_handle  stm32746g_discovery_sdram.o
    0x2001057c        -       0x00000060   Zero   RW           47    .bss.BSP_SDRAM_MspInit.dma_handle  stm32746g_discovery_sdram.o
    0x200105dc        -       0x0000000c   Zero   RW          131    .bss.Emac           emac_stm32f7xx.o
    0x200105e8        -       0x00000004   Zero   RW            3    .bss.HAL_GetTick.ticks  main.o
    0x200105ec        -       0x000000a8   Zero   RW           67    .bss.LTDC_Handle    glcd_746g_discovery.o
    0x20010694   0x0801aef4   0x00000004   PAD
    0x20010698        -       0x00000400   Zero   RW           13    .bss.app_main_stk   http_server.o
    0x20010a98        -       0x000000c8   Zero   RW          347    .bss.eth0_arp_table  net_config.o
    0x20010b60        -       0x00000018   Zero   RW          307    .bss.eth0_localm    net_config.o
    0x20010b78        -       0x00000064   Zero   RW          309    .bss.eth0_localm6   net_config.o
    0x20010bdc        -       0x00000006   Zero   RW          340    .bss.eth0_mac_addr  net_config.o
    0x20010be2   0x0801aef4   0x00000002   PAD
    0x20010be4        -       0x000000a0   Zero   RW          348    .bss.eth0_ndp_table  net_config.o
    0x20010c84   0x0801aef4   0x00000004   PAD
    0x20010c88        -       0x00000400   Zero   RW          346    .bss.eth0_stack     net_config.o
    0x20011088        -       0x00000004   Zero   RW          306    .bss.eth0_state     net_config.o
    0x2001108c        -       0x00000150   Zero   RW          335    .bss.http_scb       net_config.o
    0x200111dc        -       0x00000028   Zero   RW          329    .bss.ip4_frag_scb   net_config.o
    0x20011204        -       0x00000004   Zero   RW          295    .bss.k_mul          net_config.o
    0x20011208        -       0x00002ee0   Zero   RW          303    .bss.mem_pool       net_config.o
    0x200140e8        -       0x00000400   Zero   RW          342    .bss.net_stack      net_config.o
    0x200144e8        -       0x00008040   Zero   RW           96    .bss.os             rtx_lib.o
    0x2001c528        -       0x00000001   Zero   RW         1714    .bss.os             RTX_CM4F.lib(os_systick.o)
    0x2001c529   0x0801aef4   0x00000003   PAD
    0x2001c52c        -       0x00000034   Zero   RW          106    .bss.os.msgqueue.cb  rtx_lib.o
    0x2001c560        -       0x00000050   Zero   RW          107    .bss.os.msgqueue.mem  rtx_lib.o
    0x2001c5b0        -       0x00000038   Zero   RW          344    .bss.os.mutex.cb    net_config.o
    0x2001c5e8        -       0x00000010   Zero   RW          345    .bss.os.semaphore.cb  net_config.o
    0x2001c5f8        -       0x00000088   Zero   RW          103    .bss.os.thread.cb   rtx_lib.o
    0x2001c680        -       0x00000088   Zero   RW          341    .bss.os.thread.cb   net_config.o
    0x2001c708        -       0x00000200   Zero   RW          104    .bss.os.thread.idle.stack  rtx_lib.o
    0x2001c908        -       0x00000200   Zero   RW          105    .bss.os.thread.timer.stack  rtx_lib.o
    0x2001cb08        -       0x00000020   Zero   RW          343    .bss.os.timer.cb    net_config.o
    0x2001cb28        -       0x00000228   Zero   RW          333    .bss.tcp_scb        net_config.o
    0x2001cd50        -       0x00000050   Zero   RW          331    .bss.udp_scb        net_config.o
    0x2001cda0        -       0x00000004   Zero   RW          144    .bss.uwTick         stm32f7xx_hal.o
    0x2001cda4   0x0801aef4   0x00000004   PAD
    0x2001cda8        -       0x00000400   Zero   RW          273    STACK               startup_stm32f746xx.o



  Load Region LR$$.bss.ARM.__at_0x2000C000 (Base: 0x2000c000, Size: 0x00000000, Max: 0x000024c0, ABSOLUTE)

    Execution Region ER$$.bss.ARM.__at_0x2000C000 (Exec base: 0x2000c000, Load base: 0x2000c000, Size: 0x000024c0, Max: 0x000024c0, ABSOLUTE, UNINIT)

    Exec Addr    Load Addr    Size         Type   Attr      Idx    E Section Name        Object

    0x2000c000        -       0x000024c0   Zero   RW          134    .bss.ARM.__at_0x2000C000  emac_stm32f7xx.o



  Load Region LR$$.bss.ARM.__at_0xC0000000 (Base: 0xc0000000, Size: 0x00000000, Max: 0x0003fc00, ABSOLUTE)

    Execution Region ER$$.bss.ARM.__at_0xC0000000 (Exec base: 0xc0000000, Load base: 0xc0000000, Size: 0x0003fc00, Max: 0x0003fc00, ABSOLUTE, UNINIT)

    Exec Addr    Load Addr    Size         Type   Attr      Idx    E Section Name        Object

    0xc0000000        -       0x0003fc00   Zero   RW           69    .bss.ARM.__at_0xC0000000  glcd_746g_discovery.o


==============================================================================

Image component sizes


      Code (inc. data)   RO Data    RW Data    ZI Data      Debug   Object Name

       124          0          0          0          0       2690   buttons_746g_discovery.o
      4404         18        140          0       9420      23892   emac_stm32f7xx.o
      2978          0          0          2     261296      13959   glcd_746g_discovery.o
         0          0       5392          0          0       1109   glcd_fonts.o
       536        128         36         42       1120       5003   http_server.o
      2168        368        232          0         64       6021   http_server_cgi.o
       188          0          0          0          0       3287   led_746g_discovery.o
       730          0          0          0          4       6372   main.o
       644          0        980          0      15794      20617   net_config.o
       518          0         32          0         16       3641   phy_lan8742a.o
        10          0          0          0          0        547   rtx_config.o
         0          0        268          0      34124       5519   rtx_lib.o
        36          8        456          0       1024        888   startup_stm32f746xx.o
      1038          0          0          0        292      10040   stm32746g_discovery_sdram.o
       722          0          0          8          4       7469   stm32f7xx_hal.o
       746          0          0          0          0      10958   stm32f7xx_hal_cortex.o
      2220         22          8          0          0      10204   stm32f7xx_hal_dma.o
      1018          0          0          0          0       5285   stm32f7xx_hal_gpio.o
      3374          0         32          0          0      14230   stm32f7xx_hal_ltdc.o
       856          0          0          0          0       5591   stm32f7xx_hal_pwr_ex.o
      2410          0          0          0          0       8151   stm32f7xx_hal_rcc.o
      2272          0          0          0          0       6832   stm32f7xx_hal_rcc_ex.o
      1534          0          0          0          0      11391   stm32f7xx_hal_sdram.o
      1262          0          0          0          0       9570   stm32f7xx_ll_fmc.o
       212          0         24          4          0       3452   system_stm32f7xx.o
       652          0      26197          0          0       2018   web.o

    ----------------------------------------------------------------------
     30732        548      33832         56     323172     198736   Object Totals
         0          0         32          0          0          0   (incl. Generated)
        80          4          3          0         14          0   (incl. Padding)

    ----------------------------------------------------------------------

      Code (inc. data)   RO Data    RW Data    ZI Data      Debug   Library Member Name

      1414         18         22          0         92       1556   net_addr.o
      2084         58          0          0         24       1500   net_arp.o
       120          6        144          0          0         84   net_base64.o
       622         10         16          0          0       1340   net_common.o
      2650        100         16          2         68        892   net_dhcp6_client.o
      2512         86          0          2         40        872   net_dhcp_client.o
      2936         98          0          0        160       1588   net_eth.o
      6122       1226        250         12        152       2852   net_http_server.o
       246         62         24          0          0        368   net_http_server_auth.o
         0          0        539          0          0          0   net_http_server_err.o
       416         26          0          1          0        232   net_icmp.o
       540         36          0          1          0        332   net_icmp6.o
       980         60          4          8          0        948   net_ip4.o
       690         30          0          4          0        476   net_ip4_frag.o
       676         54         48          4          0        636   net_ip6.o
       296         20         56          4          0        256   net_loopback.o
       464         46          0          0         20        556   net_mem.o
       344         22          8          1          0        180   net_nbns_client.o
      2760         58          0          0         68       1632   net_ndp.o
       108         18         18          0         44        212   net_ping_core.o
       754         76          0          0         56       1012   net_sys.o
      4916        180          0          4          0       2620   net_tcp.o
      1022         52          0          2         28        656   net_udp.o
         0          0          4          0          0          0   net_version.o
       200         12          0          0          0        634   irq_armv7m.o
       114         20          0          0          1       3200   os_systick.o
        58          4          0          0          0       2791   rtx_delay.o
       636         48         11        164          0      16501   rtx_kernel.o
       228          0          0          0          0       2537   rtx_memory.o
       188          0          0          0          0      16008   rtx_mempool.o
      1310         24          0          0          0      18657   rtx_msgqueue.o
       882         28          0          0          0       9962   rtx_mutex.o
       692         28          0          0          0      10527   rtx_semaphore.o
       368         18          0          0          0       5296   rtx_system.o
      2372         84          0          0          0      31847   rtx_thread.o
       656         36          0          0          0      10397   rtx_timer.o
         0          0          0          0          0          0   entry.o
         0          0          0          0          0          0   entry10a.o
         0          0          0          0          0          0   entry11a.o
         8          4          0          0          0          0   entry2.o
         4          0          0          0          0          0   entry5.o
         0          0          0          0          0          0   entry7b.o
         0          0          0          0          0          0   entry8b.o
         8          4          0          0          0          0   entry9a.o
        30          0          0          0          0          0   handlers.o
        36          8          0          0          0         68   init.o
         0          0          0          0          0          0   iusefp.o
        30          0          0          0          0         68   llshl.o
        36          0          0          0          0         68   llsshr.o
        32          0          0          0          0         68   llushr.o
        26          0          0          0          0         80   memcmp.o
        36          0          0          0          0         68   memcpya.o
        36          0          0          0          0        108   memseta.o
      2276         86          0          0          0        520   printfa.o
        28          0          0          0          0         76   strcmp.o
        18          0          0          0          0         68   strcpy.o
        14          0          0          0          0         68   strlen.o
        30          0          0          0          0         80   strncmp.o
        44          0          0          0          0         80   uidiv.o
        98          0          0          0          0         92   uldiv.o
        48          0          0          0          0         68   cdrcmple.o
       334          0          0          0          0        148   dadd.o
       222          0          0          0          0        100   ddiv.o
       186          0          0          0          0        176   depilogue.o
        48          0          0          0          0         68   dfixul.o
       228          0          0          0          0         96   dmul.o
        38          0          0          0          0         68   f2d.o

    ----------------------------------------------------------------------
     44324       2750       1164        212        760     151393   Library Totals
        54          4          4          3          7          0   (incl. Padding)

    ----------------------------------------------------------------------

      Code (inc. data)   RO Data    RW Data    ZI Data      Debug   Library Name

     32672       2342       1149         45        752      20800   Net_CM3_L.lib
      7704        302         11        164          1     128357   RTX_CM4F.lib
      2790        102          0          0          0       1512   mc_w.l
      1104          0          0          0          0        724   mf_w.l

    ----------------------------------------------------------------------
     44324       2750       1164        212        760     151393   Library Totals

    ----------------------------------------------------------------------

==============================================================================


      Code (inc. data)   RO Data    RW Data    ZI Data      Debug   

     75056       3298      34996        268     323932     335121   Grand Totals
     75056       3298      34996        268     323932     335121   ELF Image Totals
     75056       3298      34996        268          0          0   ROM Totals

==============================================================================

    Total RO  Size (Code + RO Data)               110052 ( 107.47kB)
    Total RW  Size (RW Data + ZI Data)            324200 ( 316.60kB)
    Total ROM Size (Code + RO Data + RW Data)     110320 ( 107.73kB)

==============================================================================

